 size=016c4h ï¿½ets Jul 29 2019 12:21:46

rst:0x1 (POWERON_RESET),boot:0x17 (SPI_FAST_FLASH_BOOT)
configsip: 0, SPIWP:0xee
clk_drv:0x00,q_drv:0x00,d_drv:0x00,cs0_drv:0x00,hd_drv:0x00,wp_drv:0x00
mode:DIO, clock div:2
load:0x3fff0030,len:6276
load:0x40078000,len:15716
load:0x40080400,len:4
ho 8 tail 4 room 4
load:0x40080404,len:3860
entry 0x4008063c
[0;32mI (31) boot: ESP-IDF v5.4 2nd stage bootloader[0m
[0;32mI (31) boot: compile time Jan 31 2025 14:02:13[0m
[0;32mI (31) boot: Multicore bootloader[0m
[0;32mI (32) boot: chip revision: v3.0[0m
[0;32mI (35) boot.esp32: SPI Speed      : 40MHz[0m
[0;32mI (39) boot.esp32: SPI Mode       : DIO[0m
[0;32mI (42) boot.esp32: SPI Flash Size : 4MB[0m
[0;32mI (46) boot: Enabling RNG early entropy source...[0m
[0;32mI (50) boot: Partition Table:[0m
[0;32mI (53) boot: ## Label            Usage          Type ST Offset   Length[0m
[0;32mI (59) boot:  0 nvs              WiFi data        01 02 00009000 00006000[0m
[0;32mI (66) boot:  1 phy_init         RF data          01 01 0000f000 00001000[0m
[0;32mI (72) boot:  2 factory          factory app      00 00 00010000 00100000[0m
[0;32mI (79) boot: End of partition table[0m
[0;32mI (82) esp_image: segment 0: paddr=00010020 vaddr=3f400020 size=0f1bch ( 61884) map[0m
[0;32mI (111) esp_image: segment 1: paddr=0001f1e4 vaddr=3ff80000 size=0001ch (    28) load[0m
[0;32mI (111) esp_image: segment 2: paddr=0001f208 vaddr=3ffb0000 size=00e10h (  3600) load[0m
[0;32mI (116) esp_image: segment 3: paddr=00020020 vaddr=400d0020 size=45b50h (285520) map[0m
[0;32mI (220) esp_image: segment 4: paddr=00065b78 vaddr=3ffb0e10 size=016c4h (  5828) load[0m
[0;32mI (222) esp_image: segment 5: paddr=00067244 vaddr=40080000 size=0d390h ( 54160) load[0m
[0;32mI (251) boot: Loaded app from partition at offset 0x10000[0m
[0;32mI (251) boot: Disabling RNG early entropy source...[0m
[0;32mI (262) cpu_start: Multicore app[0m
[0;32mI (270) cpu_start: Pro cpu start user code[0m
[0;32mI (270) cpu_start: cpu freq: 160000000 Hz[0m
[0;32mI (270) app_init: Application information:[0m
[0;32mI (270) app_init: Project name:     ESP[0m
[0;32mI (274) app_init: App version:      2fd4a2f2-dirty[0m
[0;32mI (278) app_init: Compile time:     Jan 31 2025 14:02:02[0m
[0;32mI (283) app_init: ELF file SHA256:  ee100ef22...[0m
[0;32mI (288) app_init: ESP-IDF:          v5.4[0m
[0;32mI (291) efuse_init: Min chip rev:     v0.0[0m
[0;32mI (295) efuse_init: Max chip rev:     v3.99 [0m
[0;32mI (299) efuse_init: Chip rev:         v3.0[0m
[0;32mI (303) heap_init: Initializing. RAM available for dynamic allocation:[0m
[0;32mI (309) heap_init: At 3FFAE6E0 len 00001920 (6 KiB): DRAM[0m
[0;32mI (314) heap_init: At 3FFB4588 len 0002BA78 (174 KiB): DRAM[0m
[0;32mI (319) heap_init: At 3FFE0440 len 00003AE0 (14 KiB): D/IRAM[0m
[0;32mI (325) heap_init: At 3FFE4350 len 0001BCB0 (111 KiB): D/IRAM[0m
[0;32mI (330) heap_init: At 4008D390 len 00012C70 (75 KiB): IRAM[0m
[0;32mI (337) spi_flash: detected chip: generic[0m
[0;32mI (339) spi_flash: flash io: dio[0m
[0;32mI (346) main_task: Started on CPU0[0m
[0;32mI (356) main_task: Calling app_main()[0m
[0;32mI (356) gpio: GPIO[2]| InputEn: 0| OutputEn: 1| OpenDrain: 0| Pullup: 0| Pulldown: 0| Intr:0 [0m
[0;32mI (356) gpio: GPIO[4]| InputEn: 0| OutputEn: 1| OpenDrain: 0| Pullup: 0| Pulldown: 0| Intr:0 [0m
[0;32mI (366) gpio: GPIO[5]| InputEn: 0| OutputEn: 1| OpenDrain: 0| Pullup: 0| Pulldown: 0| Intr:0 [0m
[0;32mI (366) gpio: GPIO[19]| InputEn: 0| OutputEn: 1| OpenDrain: 0| Pullup: 0| Pulldown: 0| Intr:0 [0m
[0;32mI (376) gpio: GPIO[21]| InputEn: 0| OutputEn: 1| OpenDrain: 0| Pullup: 0| Pulldown: 0| Intr:0 [0m
[0;32mI (386) gpio: GPIO[22]| InputEn: 0| OutputEn: 1| OpenDrain: 0| Pullup: 0| Pulldown: 0| Intr:0 [0m
[0;32mI (396) gpio: GPIO[18]| InputEn: 0| OutputEn: 1| OpenDrain: 0| Pullup: 0| Pulldown: 0| Intr:0 [0m
[0;32mI (406) gpio: GPIO[19]| InputEn: 0| OutputEn: 1| OpenDrain: 0| Pullup: 0| Pulldown: 0| Intr:0 [0m
[0;32mI (416) gpio: GPIO[20]| InputEn: 0| OutputEn: 1| OpenDrain: 0| Pullup: 0| Pulldown: 0| Intr:0 [0m
[0;32mI (416) gpio: GPIO[25]| InputEn: 0| OutputEn: 1| OpenDrain: 0| Pullup: 0| Pulldown: 0| Intr:0 [0m
[0;32mI (426) gpio: GPIO[26]| InputEn: 0| OutputEn: 1| OpenDrain: 0| Pullup: 0| Pulldown: 0| Intr:0 [0m
[0;32mI (436) gpio: GPIO[27]| InputEn: 0| OutputEn: 1| OpenDrain: 0| Pullup: 0| Pulldown: 0| Intr:0 [0m
[0;32mI (446) gpio: GPIO[12]| InputEn: 1| OutputEn: 0| OpenDrain: 0| Pullup: 1| Pulldown: 0| Intr:1 [0m
[0;32mI (456) gpio: GPIO[17]| InputEn: 1| OutputEn: 0| OpenDrain: 0| Pullup: 1| Pulldown: 0| Intr:1 [0m
[0;32mI (466) gpio: GPIO[23]| InputEn: 1| OutputEn: 0| OpenDrain: 0| Pullup: 1| Pulldown: 0| Intr:1 [0m
[0;32mI (466) gpio: GPIO[27]| InputEn: 1| OutputEn: 0| OpenDrain: 0| Pullup: 1| Pulldown: 0| Intr:1 [0m
Pinos configurados
[0;32mI (486) main_task: Returned from app_main()[0m
Posicao: 1
[1;31mE (2946) FreeRTOS: FreeRTOS Task "encoder_task" should not return, Aborting now![0m

abort() was called at PC 0x4008652f on core 0


Backtrace: 0x400819b5:0x3ffb7490 0x40085b15:0x3ffb74b0 0x4008bc41:0x3ffb74d0 0x4008652f:0x3ffb7540




ELF file SHA256: ee100ef22

Rebooting...
ets Jul 29 2019 12:21:46

rst:0xc (SW_CPU_RESET),boot:0x17 (SPI_FAST_FLASH_BOOT)
configsip: 0, SPIWP:0xee
clk_drv:0x00,q_drv:0x00,d_drv:0x00,cs0_drv:0x00,hd_drv:0x00,wp_drv:0x00
mode:DIO, clock div:2
load:0x3fff0030,len:6276
load:0x40078000,len:15716
load:0x40080400,len:4
ho 8 tail 4 room 4
load:0x40080404,len:3860
entry 0x4008063c
[0;32mI (31) boot: ESP-IDF v5.4 2nd stage bootloader[0m
[0;32mI (31) boot: compile time Jan 31 2025 14:02:13[0m
[0;32mI (31) boot: Multicore bootloader[0m
[0;32mI (32) boot: chip revision: v3.0[0m
[0;32mI (35) boot.esp32: SPI Speed      : 40MHz[0m
[0;32mI (39) boot.esp32: SPI Mode       : DIO[0m
[0;32mI (42) boot.esp32: SPI Flash Size : 4MB[0m
[0;32mI (46) boot: Enabling RNG early entropy source...[0m
[0;32mI (50) boot: Partition Table:[0m
[0;32mI (53) boot: ## Label            Usage          Type ST Offset   Length[0m
[0;32mI (59) boot:  0 nvs              WiFi data        01 02 00009000 00006000[0m
[0;32mI (66) boot:  1 phy_init         RF data          01 01 0000f000 00001000[0m
[0;32mI (72) boot:  2 factory          factory app      00 00 00010000 00100000[0m
[0;32mI (79) boot: End of partition table[0m
[0;32mI (82) esp_image: segment 0: paddr=00010020 vaddr=3f400020 size=0f1bch ( 61884) map[0m
[0;32mI (111) esp_image: segment 1: paddr=0001f1e4 vaddr=3ff80000 size=0001ch (    28) load[0m
[0;32mI (111) esp_image: segment 2: paddr=0001f208 vaddr=3ffb0000 size=00e10h (  3600) load[0m
[0;32mI (116) esp_image: segment 3: paddr=00020020 vaddr=400d0020 size=45b50h (285520) map[0m
[0;32mI (220) esp_image: segment 4: paddr=00065b78 vaddr=3ffb0e10 size=016c4h (  5828) load[0m
[0;32mI (222) esp_image: segment 5: paddr=00067244 vaddr=40080000 size=0d390h ( 54160) load[0m
[0;32mI (251) boot: Loaded app from partition at offset 0x10000[0m
[0;32mI (251) boot: Disabling RNG early entropy source...[0m
[0;32mI (262) cpu_start: Multicore app[0m
[0;32mI (270) cpu_start: Pro cpu start user code[0m
[0;32mI (270) cpu_start: cpu freq: 160000000 Hz[0m
[0;32mI (270) app_init: Application information:[0m
[0;32mI (270) app_init: Project name:     ESP[0m
I (274) app_init: App version:      2fd4a2f2-dirty
[0;32mI (278) app_init: Compile time:     Jan 31 2025 14:02:02[0m
[0;32mI (283) app_init: ELF file SHA256:  ee100ef22...[0m
[0;32mI (287) app_init: ESP-IDF:          v5.4[0m
[0;32mI (291) efuse_init: Min chip rev:     v0.0[0m
[0;32mI (295) efuse_init: Max chip rev:     v3.99 [0m
[0;32mI (299) efuse_init: Chip rev:         v3.0[0m
[0;32mI (303) heap_init: Initializing. RAM available for dynamic allocation:[0m
[0;32mI (309) heap_init: At 3FFAE6E0 len 00001920 (6 KiB): DRAM[0m
[0;32mI (314) heap_init: At 3FFB4588 len 0002BA78 (174 KiB): DRAM[0m
[0;32mI (319) heap_init: At 3FFE0440 len 00003AE0 (14 KiB): D/IRAM[0m
[0;32mI (325) heap_init: At 3FFE4350 len 0001BCB0 (111 KiB): D/IRAM[0m
[0;32mI (330) heap_init: At 4008D390 len 00012C70 (75 KiB): IRAM[0m
[0;32mI (337) spi_flash: detected chip: generic[0m
[0;32mI (339) spi_flash: flash io: dio[0m
[0;32mI (346) main_task: Started on CPU0[0m
[0;32mI (356) main_task: Calling app_main()[0m
[0;32mI (356) gpio: GPIO[2]| InputEn: 0| OutputEn: 1| OpenDrain: 0| Pullup: 0| Pulldown: 0| Intr:0 [0m
[0;32mI (356) gpio: GPIO[4]| InputEn: 0| OutputEn: 1| OpenDrain: 0| Pullup: 0| Pulldown: 0| Intr:0 [0m
[0;32mI (366) gpio: GPIO[5]| InputEn: 0| OutputEn: 1| OpenDrain: 0| Pullup: 0| Pulldown: 0| Intr:0 [0m
[0;32mI (366) gpio: GPIO[19]| InputEn: 0| OutputEn: 1| OpenDrain: 0| Pullup: 0| Pulldown: 0| Intr:0 [0m
[0;32mI (376) gpio: GPIO[21]| InputEn: 0| OutputEn: 1| OpenDrain: 0| Pullup: 0| Pulldown: 0| Intr:0 [0m
[0;32mI (386) gpio: GPIO[22]| InputEn: 0| OutputEn: 1| OpenDrain: 0| Pullup: 0| Pulldown: 0| Intr:0 [0m
[0;32mI (396) gpio: GPIO[18]| InputEn: 0| OutputEn: 1| OpenDrain: 0| Pullup: 0| Pulldown: 0| Intr:0 [0m
[0;32mI (406) gpio: GPIO[19]| InputEn: 0| OutputEn: 1| OpenDrain: 0| Pullup: 0| Pulldown: 0| Intr:0 [0m
[0;32mI (416) gpio: GPIO[20]| InputEn: 0| OutputEn: 1| OpenDrain: 0| Pullup: 0| Pulldown: 0| Intr:0 [0m
[0;32mI (416) gpio: GPIO[25]| InputEn: 0| OutputEn: 1| OpenDrain: 0| Pullup: 0| Pulldown: 0| Intr:0 [0m
[0;32mI (426) gpio: GPIO[26]| InputEn: 0| OutputEn: 1| OpenDrain: 0| Pullup: 0| Pulldown: 0| Intr:0 [0m
[0;32mI (436) gpio: GPIO[27]| InputEn: 0| OutputEn: 1| OpenDrain: 0| Pullup: 0| Pulldown: 0| Intr:0 [0m
[0;32mI (446) gpio: GPIO[12]| InputEn: 1| OutputEn: 0| OpenDrain: 0| Pullup: 1| Pulldown: 0| Intr:1 [0m
[0;32mI (456) gpio: GPIO[17]| InputEn: 1| OutputEn: 0| OpenDrain: 0| Pullup: 1| Pulldown: 0| Intr:1 [0m
[0;32mI (466) gpio: GPIO[23]| InputEn: 1| OutputEn: 0| OpenDrain: 0| Pullup: 1| Pulldown: 0| Intr:1 [0m
[0;32mI (466) gpio: GPIO[27]| InputEn: 1| OutputEn: 0| OpenDrain: 0| Pullup: 1| Pulldown: 0| Intr:1 [0m
Pinos configurados
[0;32mI (486) main_task: Returned from app_main()[0m
Posicao: 1
[1;31mE (1416) FreeRTOS: FreeRTOS Task "encoder_task" should not return, Aborting now![0m

abort() was called at PC 0x4008652f on core 0


Backtrace: 0x400819b5:0x3ffb7490 0x40085b15:0x3ffb74b0 0x4008bc41:0x3ffb74d0 0x4008652f:0x3ffb7540




ELF file SHA256: ee100ef22

Rebooting...
ets Jul 29 2019 12:21:46

rst:0xc (SW_CPU_RESET),boot:0x17 (SPI_FAST_FLASH_BOOT)
configsip: 0, SPIWP:0xee
clk_drv:0x00,q_drv:0x00,d_drv:0x00,cs0_drv:0x00,hd_drv:0x00,wp_drv:0x00
mode:DIO, clock div:2
load:0x3fff0030,len:6276
load:0x40078000,len:15716
load:0x40080400,len:4
ho 8 tail 4 room 4
load:0x40080404,len:3860
entry 0x4008063c
[0;32mI (31) boot: ESP-IDF v5.4 2nd stage bootloader[0m
[0;32mI (31) boot: compile time Jan 31 2025 14:02:13[0m
[0;32mI (31) boot: Multicore bootloader[0m
[0;32mI (32) boot: chip revision: v3.0[0m
[0;32mI (35) boot.esp32: SPI Speed      : 40MHz[0m
[0;32mI (39) boot.esp32: SPI Mode       : DIO[0m
[0;32mI (42) boot.esp32: SPI Flash Size : 4MB[0m
[0;32mI (46) boot: Enabling RNG early entropy source...[0m
[0;32mI (50) boot: Partition Table:[0m
[0;32mI (53) boot: ## Label            Usage          Type ST Offset   Length[0m
[0;32mI (59) boot:  0 nvs              WiFi data        01 02 00009000 00006000[0m
[0;32mI (66) boot:  1 phy_init         RF data          01 01 0000f000 00001000[0m
[0;32mI (72) boot:  2 factory          factory app      00 00 00010000 00100000[0m
[0;32mI (79) boot: End of partition table[0m
[0;32mI (82) esp_image: segment 0: paddr=00010020 vaddr=3f400020 size=0f1bch ( 61884) map[0m
[0;32mI (111) esp_image: segment 1: paddr=0001f1e4 vaddr=3ff80000 size=0001ch (    28) load[0m
[0;32mI (111) esp_image: segment 2: paddr=0001f208 vaddr=3ffb0000 size=00e10h (  3600) load[0m
[0;32mI (116) esp_image: segment 3: paddr=00020020 vaddr=400d0020 size=45b50h (285520) map[0m
[0;32mI (220) esp_image: segment 4: paddr=00065b78 vaddr=3ffb0e10 size=016c4h (  5828) load[0m
[0;32mI (222) esp_image: segment 5: paddr=00067244 vaddr=40080000 size=0d390h ( 54160) load[0m
[0;32mI (251) boot: Loaded app from partition at offset 0x10000[0m
[0;32mI (251) boot: Disabling RNG early entropy source...[0m
[0;32mI (262) cpu_start: Multicore app[0m
[0;32mI (270) cpu_start: Pro cpu start user code[0m
[0;32mI (270) cpu_start: cpu freq: 160000000 Hz[0m
[0;32mI (270) app_init: Application information:[0m
[0;32mI (270) app_init: Project name:     ESP[0m
[0;32mI (274) app_init: App version:      2fd4a2f2-dirty[0m
[0;32mI (278) app_init: Compile time:     Jan 31 2025 14:02:02[0m
[0;32mI (283) app_init: ELF file SHA256:  ee100ef22...[0m
[0;32mI (287) app_init: ESP-IDF:          v5.4[0m
[0;32mI (291) efuse_init: Min chip rev:     v0.0[0m
[0;32mI (295) efuse_init: Max chip rev:     v3.99 [0m
[0;32mI (299) efuse_init: Chip rev:         v3.0[0m
[0;32mI (303) heap_init: Initializing. RAM available for dynamic allocation:[0m
[0;32mI (309) heap_init: At 3FFAE6E0 len 00001920 (6 KiB): DRAM[0m
[0;32mI (314) heap_init: At 3FFB4588 len 0002BA78 (174 KiB): DRAM[0m
[0;32mI (319) heap_init: At 3FFE0440 len 00003AE0 (14 KiB): D/IRAM[0m
[0;32mI (325) heap_init: At 3FFE4350 len 0001BCB0 (111 KiB): D/IRAM[0m
[0;32mI (330) heap_init: At 4008D390 len 00012C70 (75 KiB): IRAM[0m
[0;32mI (337) spi_flash: detected chip: generic[0m
[0;32mI (339) spi_flash: flash io: dio[0m
[0;32mI (346) main_task: Started on CPU0[0m
[0;32mI (356) main_task: Calling app_main()[0m
[0;32mI (356) gpio: GPIO[2]| InputEn: 0| OutputEn: 1| OpenDrain: 0| Pullup: 0| Pulldown: 0| Intr:0 [0m
[0;32mI (356) gpio: GPIO[4]| InputEn: 0| OutputEn: 1| OpenDrain: 0| Pullup: 0| Pulldown: 0| Intr:0 [0m
[0;32mI (366) gpio: GPIO[5]| InputEn: 0| OutputEn: 1| OpenDrain: 0| Pullup: 0| Pulldown: 0| Intr:0 [0m
[0;32mI (366) gpio: GPIO[19]| InputEn: 0| OutputEn: 1| OpenDrain: 0| Pullup: 0| Pulldown: 0| Intr:0 [0m
[0;32mI (376) gpio: GPIO[21]| InputEn: 0| OutputEn: 1| OpenDrain: 0| Pullup: 0| Pulldown: 0| Intr:0 [0m
[0;32mI (386) gpio: GPIO[22]| InputEn: 0| OutputEn: 1| OpenDrain: 0| Pullup: 0| Pulldown: 0| Intr:0 [0m
[0;32mI (396) gpio: GPIO[18]| InputEn: 0| OutputEn: 1| OpenDrain: 0| Pullup: 0| Pulldown: 0| Intr:0 [0m
[0;32mI (406) gpio: GPIO[19]| InputEn: 0| OutputEn: 1| OpenDrain: 0| Pullup: 0| Pulldown: 0| Intr:0 [0m
[0;32mI (416) gpio: GPIO[20]| InputEn: 0| OutputEn: 1| OpenDrain: 0| Pullup: 0| Pulldown: 0| Intr:0 [0m
[0;32mI (416) gpio: GPIO[25]| InputEn: 0| OutputEn: 1| OpenDrain: 0| Pullup: 0| Pulldown: 0| Intr:0 [0m
[0;32mI (426) gpio: GPIO[26]| InputEn: 0| OutputEn: 1| OpenDrain: 0| Pullup: 0| Pulldown: 0| Intr:0 [0m
[0;32mI (436) gpio: GPIO[27]| InputEn: 0| OutputEn: 1| OpenDrain: 0| Pullup: 0| Pulldown: 0| Intr:0 [0m
[0;32mI (446) gpio: GPIO[12]| InputEn: 1| OutputEn: 0| OpenDrain: 0| Pullup: 1| Pulldown: 0| Intr:1 [0m
[0;32mI (456) gpio: GPIO[17]| InputEn: 1| OutputEn: 0| OpenDrain: 0| Pullup: 1| Pulldown: 0| Intr:1 [0m
[0;32mI (466) gpio: GPIO[23]| InputEn: 1| OutputEn: 0| OpenDrain: 0| Pullup: 1| Pulldown: 0| Intr:1 [0m
[0;32mI (466) gpio: GPIO[27]| InputEn: 1| OutputEn: 0| OpenDrain: 0| Pullup: 1| Pulldown: 0| Intr:1 [0m
Pinos configurados
[0;32mI (486) main_task: Returned from app_main()[0m
Posicao: 1
[1;31mE (2766) FreeRTOS: FreeRTOS Task "encoder_task" should not return, Aborting now![0m

abort() was called at PC 0x4008652f on core 0


Backtrace: 0x400819b5:0x3ffb7490 0x40085b15:0x3ffb74b0 0x4008bc41:0x3ffb74d0 0x4008652f:0x3ffb7540




ELF file SHA256: ee100ef22

Rebooting...
ets Jul 29 2019 12:21:46

rst:0xc (SW_CPU_RESET),boot:0x17 (SPI_FAST_FLASH_BOOT)
configsip: 0, SPIWP:0xee
clk_drv:0x00,q_drv:0x00,d_drv:0x00,cs0_drv:0x00,hd_drv:0x00,wp_drv:0x00
mode:DIO, clock div:2
load:0x3fff0030,len:6276
load:0x40078000,len:15716
load:0x40080400,len:4
ho 8 tail 4 room 4
load:0x40080404,len:3860
entry 0x4008063c
[0;32mI (31) boot: ESP-IDF v5.4 2nd stage bootloader[0m
[0;32mI (31) boot: compile time Jan 31 2025 14:02:13[0m
[0;32mI (31) boot: Multicore bootloader[0m
[0;32mI (32) boot: chip revision: v3.0[0m
[0;32mI (35) boot.esp32: SPI Speed      : 40MHz[0m
[0;32mI (39) boot.esp32: SPI Mode       : DIO[0m
[0;32mI (42) boot.esp32: SPI Flash Size : 4MB[0m
[0;32mI (46) boot: Enabling RNG early entropy source...[0m
[0;32mI (50) boot: Partition Table:[0m
[0;32mI (53) boot: ## Label            Usage          Type ST Offset   Length[0m
[0;32mI (59) boot:  0 nvs              WiFi data        01 02 00009000 00006000[0m
[0;32mI (66) boot:  1 phy_init         RF data          01 01 0000f000 00001000[0m
[0;32mI (72) boot:  2 factory          factory app      00 00 00010000 00100000[0m
[0;32mI (79) boot: End of partition table[0m
[0;32mI (82) esp_image: segment 0: paddr=00010020 vaddr=3f400020 size=0f1bch ( 61884) map[0m
[0;32mI (111) esp_image: segment 1: paddr=0001f1e4 vaddr=3ff80000 size=0001ch (    28) load[0m
[0;32mI (111) esp_image: segment 2: paddr=0001f208 vaddr=3ffb0000 size=00e10h (  3600) load[0m
[0;32mI (116) esp_image: segment 3: paddr=00020020 vaddr=400d0020 size=45b50h (285520) map[0m
[0;32mI (220) esp_image: segment 4: paddr=00065b78 vaddr=3ffb0e10 size=016c4h (  5828) load[0m
[0;32mI (222) esp_image: segment 5: paddr=00067244 vaddr=40080000 size=0d390h ( 54160) load[0m
[0;32mI (251) boot: Loaded app from partition at offset 0x10000[0m
[0;32mI (251) boot: Disabling RNG early entropy source...[0m
[0;32mI (262) cpu_start: Multicore app[0m
[0;32mI (270) cpu_start: Pro cpu start user code[0m
[0;32mI (270) cpu_start: cpu freq: 160000000 Hz[0m
[0;32mI (270) app_init: Application information:[0m
[0;32mI (270) app_init: Project name:     ESP[0m
[0;32mI (274) app_init: App version:      2fd4a2f2-dirty[0m
[0;32mI (278) app_init: Compile time:     Jan 31 2025 14:02:02[0m
[0;32mI (283) app_init: ELF file SHA256:  ee100ef22...[0m
[0;32mI (287) app_init: ESP-IDF:          v5.4[0m
[0;32mI (291) efuse_init: Min chip rev:     v0.0[0m
[0;32mI (295) efuse_init: Max chip rev:     v3.99 [0m
[0;32mI (299) efuse_init: Chip rev:         v3.0[0m
[0;32mI (303) heap_init: Initializing. RAM available for dynamic allocation:[0m
[0;32mI (309) heap_init: At 3FFAE6E0 len 00001920 (6 KiB): DRAM[0m
[0;32mI (314) heap_init: At 3FFB4588 len 0002BA78 (174 KiB): DRAM[0m
[0;32mI (319) heap_init: At 3FFE0440 len 00003AE0 (14 KiB): D/IRAM[0m
[0;32mI (325) heap_init: At 3FFE4350 len 0001BCB0 (111 KiB): D/IRAM[0m
[0;32mI (330) heap_init: At 4008D390 len 00012C70 (75 KiB): IRAM[0m
[0;32mI (337) spi_flash: detected chip: generic[0m
[0;32mI (339) spi_flash: flash io: dio[0m
[0;32mI (346) main_task: Started on CPU0[0m
[0;32mI (356) main_task: Calling app_main()[0m
[0;32mI (356) gpio: GPIO[2]| InputEn: 0| OutputEn: 1| OpenDrain: 0| Pullup: 0| Pulldown: 0| Intr:0 [0m
[0;32mI (356) gpio: GPIO[4]| InputEn: 0| OutputEn: 1| OpenDrain: 0| Pullup: 0| Pulldown: 0| Intr:0 [0m
[0;32mI (366) gpio: GPIO[5]| InputEn: 0| OutputEn: 1| OpenDrain: 0| Pullup: 0| Pulldown: 0| Intr:0 [0m
[0;32mI (366) gpio: GPIO[19]| InputEn: 0| OutputEn: 1| OpenDrain: 0| Pullup: 0| Pulldown: 0| Intr:0 [0m
[0;32mI (376) gpio: GPIO[21]| InputEn: 0| OutputEn: 1| OpenDrain: 0| Pullup: 0| Pulldown: 0| Intr:0 [0m
[0;32mI (386) gpio: GPIO[22]| InputEn: 0| OutputEn: 1| OpenDrain: 0| Pullup: 0| Pulldown: 0| Intr:0 [0m
[0;32mI (396) gpio: GPIO[18]| InputEn: 0| OutputEn: 1| OpenDrain: 0| Pullup: 0| Pulldown: 0| Intr:0 [0m
[0;32mI (406) gpio: GPIO[19]| InputEn: 0| OutputEn: 1| OpenDrain: 0| Pullup: 0| Pulldown: 0| Intr:0 [0m
[0;32mI (416) gpio: GPIO[20]| InputEn: 0| OutputEn: 1| OpenDrain: 0| Pullup: 0| Pulldown: 0| Intr:0 [0m
[0;32mI (416) gpio: GPIO[25]| InputEn: 0| OutputEn: 1| OpenDrain: 0| Pullup: 0| Pulldown: 0| Intr:0 [0m
[0;32mI (426) gpio: GPIO[26]| InputEn: 0| OutputEn: 1| OpenDrain: 0| Pullup: 0| Pulldown: 0| Intr:0 [0m
[0;32mI (436) gpio: GPIO[27]| InputEn: 0| OutputEn: 1| OpenDrain: 0| Pullup: 0| Pulldown: 0| Intr:0 [0m
[0;32mI (446) gpio: GPIO[12]| InputEn: 1| OutputEn: 0| OpenDrain: 0| Pullup: 1| Pulldown: 0| Intr:1 [0m
[0;32mI (456) gpio: GPIO[17]| InputEn: 1| OutputEn: 0| OpenDrain: 0| Pullup: 1| Pulldown: 0| Intr:1 [0m
[0;32mI (466) gpio: GPIO[23]| InputEn: 1| OutputEn: 0| OpenDrain: 0| Pullup: 1| Pulldown: 0| Intr:1 [0m
[0;32mI (466) gpio: GPIO[27]| InputEn: 1| OutputEn: 0| OpenDrain: 0| Pullup: 1| Pulldown: 0| Intr:1 [0m
Pinos configurados
[0;32mI (486) main_task: Returned from app_main()[0m
Posicao: 1
[1;31mE (486) FreeRTOS: FreeRTOS Task "encoder_task" should not return, Aborting now![0m

abort() was called at PC 0x4008652f on core 0


Backtrace: 0x400819b5:0x3ffb7490 0x40085b15:0x3ffb74b0 0x4008bc41:0x3ffb74d0 0x4008652f:0x3ffb7540




ELF file SHA256: ee100ef22

Rebooting...
ets Jul 29 2019 12:21:46

rst:0xc (SW_CPU_RESET),boot:0x17 (SPI_FAST_FLASH_BOOT)
configsip: 0, SPIWP:0xee
clk_drv:0x00,q_drv:0x00,d_drv:0x00,cs0_drv:0x00,hd_drv:0x00,wp_drv:0x00
mode:DIO, clock div:2
load:0x3fff0030,len:6276
load:0x40078000,len:15716
load:0x40080400,len:4
ho 8 tail 4 room 4
load:0x40080404,len:3860
entry 0x4008063c
[0;32mI (31) boot: ESP-IDF v5.4 2nd stage bootloader[0m
[0;32mI (31) boot: compile time Jan 31 2025 14:02:13[0m
[0;32mI (31) boot: Multicore bootloader[0m
[0;32mI (32) boot: chip revision: v3.0[0m
[0;32mI (35) boot.esp32: SPI Speed      : 40MHz[0m
[0;32mI (39) boot.esp32: SPI Mode       : DIO[0m
[0;32mI (42) boot.esp32: SPI Flash Size : 4MB[0m
[0;32mI (46) boot: Enabling RNG early entropy source...[0m
[0;32mI (50) boot: Partition Table:[0m
[0;32mI (53) boot: ## Label            Usage          Type ST Offset   Length[0m
[0;32mI (59) boot:  0 nvs              WiFi data        01 02 00009000 00006000[0m
[0;32mI (66) boot:  1 phy_init         RF data          01 01 0000f000 00001000[0m
[0;32mI (72) boot:  2 factory          factory app      00 00 00010000 00100000[0m
[0;32mI (79) boot: End of partition table[0m
[0;32mI (82) esp_image: segment 0: paddr=00010020 vaddr=3f400020 size=0f1bch ( 61884) map[0m
[0;32mI (111) esp_image: segment 1: paddr=0001f1e4 vaddr=3ff80000 size=0001ch (    28) load[0m
[0;32mI (111) esp_image: segment 2: paddr=0001f208 vaddr=3ffb0000 size=00e10h (  3600) load[0m
[0;32mI (116) esp_image: segment 3: paddr=00020020 vaddr=400d0020 size=45b50h (285520) map[0m
[0;32mI (220) esp_image: segment 4: paddr=00065b78 vaddr=3ffb0e10 size=016c4h (  5828) load[0m
[0;32mI (222) esp_image: segment 5: paddr=00067244 vaddr=40080000 size=0d390h ( 54160) load[0m
[0;32mI (251) boot: Loaded app from partition at offset 0x10000[0m
[0;32mI (251) boot: Disabling RNG early entropy source...[0m
[0;32mI (262) cpu_start: Multicore app[0m
[0;32mI (270) cpu_start: Pro cpu start user code[0m
[0;32mI (270) cpu_start: cpu freq: 160000000 Hz[0m
[0;32mI (270) app_init: Application information:[0m
[0;32mI (270) app_init: Project name:     ESP[0m
[0;32mI (274) app_init: App version:      2fd4a2f2-dirty[0m
[0;32mI (278) app_init: Compile time:     Jan 31 2025 14:02:02[0m
[0;32mI (283) app_init: ELF file SHA256:  ee100ef22...[0m
[0;32mI (287) app_init: ESP-IDF:          v5.4[0m
[0;32mI (291) efuse_init: Min chip rev:     v0.0[0m
[0;32mI (295) efuse_init: Max chip rev:     v3.99 [0m
[0;32mI (299) efuse_init: Chip rev:         v3.0[0m
[0;32mI (303) heap_init: Initializing. RAM available for dynamic allocation:[0m
[0;32mI (309) heap_init: At 3FFAE6E0 len 00001920 (6 KiB): DRAM[0m
[0;32mI (314) heap_init: At 3FFB4588 len 0002BA78 (174 KiB): DRAM[0m
[0;32mI (319) heap_init: At 3FFE0440 len 00003AE0 (14 KiB): D/IRAM[0m
[0;32mI (325) heap_init: At 3FFE4350 len 0001BCB0 (111 KiB): D/IRAM[0m
[0;32mI (330) heap_init: At 4008D390 len 00012C70 (75 KiB): IRAM[0m
[0;32mI (337) spi_flash: detected chip: generic[0m
[0;32mI (339) spi_flash: flash io: dio[0m
[0;32mI (346) main_task: Started on CPU0[0m
[0;32mI (356) main_task: Calling app_main()[0m
[0;32mI (356) gpio: GPIO[2]| InputEn: 0| OutputEn: 1| OpenDrain: 0| Pullup: 0| Pulldown: 0| Intr:0 [0m
[0;32mI (356) gpio: GPIO[4]| InputEn: 0| OutputEn: 1| OpenDrain: 0| Pullup: 0| Pulldown: 0| Intr:0 [0m
[0;32mI (366) gpio: GPIO[5]| InputEn: 0| OutputEn: 1| OpenDrain: 0| Pullup: 0| Pulldown: 0| Intr:0 [0m
[0;32mI (366) gpio: GPIO[19]| InputEn: 0| OutputEn: 1| OpenDrain: 0| Pullup: 0| Pulldown: 0| Intr:0 [0m
[0;32mI (376) gpio: GPIO[21]| InputEn: 0| OutputEn: 1| OpenDrain: 0| Pullup: 0| Pulldown: 0| Intr:0 [0m
[0;32mI (386) gpio: GPIO[22]| InputEn: 0| OutputEn: 1| OpenDrain: 0| Pullup: 0| Pulldown: 0| Intr:0 [0m
[0;32mI (396) gpio: GPIO[18]| InputEn: 0| OutputEn: 1| OpenDrain: 0| Pullup: 0| Pulldown: 0| Intr:0 [0m
[0;32mI (406) gpio: GPIO[19]| InputEn: 0| OutputEn: 1| OpenDrain: 0| Pullup: 0| Pulldown: 0| Intr:0 [0m
[0;32mI (416) gpio: GPIO[20]| InputEn: 0| OutputEn: 1| OpenDrain: 0| Pullup: 0| Pulldown: 0| Intr:0 [0m
[0;32mI (416) gpio: GPIO[25]| InputEn: 0| OutputEn: 1| OpenDrain: 0| Pullup: 0| Pulldown: 0| Intr:0 [0m
[0;32mI (426) gpio: GPIO[26]| InputEn: 0| OutputEn: 1| OpenDrain: 0| Pullup: 0| Pulldown: 0| Intr:0 [0m
[0;32mI (436) gpio: GPIO[27]| InputEn: 0| OutputEn: 1| OpenDrain: 0| Pullup: 0| Pulldown: 0| Intr:0 [0m
[0;32mI (446) gpio: GPIO[12]| InputEn: 1| OutputEn: 0| OpenDrain: 0| Pullup: 1| Pulldown: 0| Intr:1 [0m
[0;32mI (456) gpio: GPIO[17]| InputEn: 1| OutputEn: 0| OpenDrain: 0| Pullup: 1| Pulldown: 0| Intr:1 [0m
[0;32mI (466) gpio: GPIO[23]| InputEn: 1| OutputEn: 0| OpenDrain: 0| Pullup: 1| Pulldown: 0| Intr:1 [0m
[0;32mI (466) gpio: GPIO[27]| InputEn: 1| OutputEn: 0| OpenDrain: 0| Pullup: 1| Pulldown: 0| Intr:1 [0m
Pinos configurados
[0;32mI (486) main_task: Returned from app_main()[0m
Posicao: 1
[1;31mE (486) FreeRTOS: FreeRTOS Task "encoder_task" should not return, Aborting now![0m

abort() was called at PC 0x4008652f on core 0


Backtrace: 0x400819b5:0x3ffb7490 0x40085b15:0x3ffb74b0 0x4008bc41:0x3ffb74d0 0x4008652f:0x3ffb7540




ELF file SHA256: ee100ef22

Rebooting...
ets Jul 29 2019 12:21:46

rst:0xc (SW_CPU_RESET),boot:0x17 (SPI_FAST_FLASH_BOOT)
configsip: 0, SPIWP:0xee
clk_drv:0x00,q_drv:0x00,d_drv:0x00,cs0_drv:0x00,hd_drv:0x00,wp_drv:0x00
mode:DIO, clock div:2
load:0x3fff0030,len:6276
load:0x40078000,len:15716
load:0x40080400,len:4
ho 8 tail 4 room 4
load:0x40080404,len:3860
entry 0x4008063c
[0;32mI (31) boot: ESP-IDF v5.4 2nd stage bootloader[0m
[0;32mI (31) boot: compile time Jan 31 2025 14:02:13[0m
[0;32mI (31) boot: Multicore bootloader[0m
[0;32mI (32) boot: chip revision: v3.0[0m
[0;32mI (35) boot.esp32: SPI Speed      : 40MHz[0m
[0;32mI (39) boot.esp32: SPI Mode       : DIO[0m
[0;32mI (42) boot.esp32: SPI Flash Size : 4MB[0m
[0;32mI (46) boot: Enabling RNG early entropy source...[0m
[0;32mI (50) boot: Partition Table:[0m
[0;32mI (53) boot: ## Label            Usage          Type ST Offset   Length[0m
[0;32mI (59) boot:  0 nvs              WiFi data        01 02 00009000 00006000[0m
[0;32mI (66) boot:  1 phy_init         RF data          01 01 0000f000 00001000[0m
[0;32mI (72) boot:  2 factory          factory app      00 00 00010000 00100000[0m
[0;32mI (79) boot: End of partition table[0m
[0;32mI (82) esp_image: segment 0: paddr=00010020 vaddr=3f400020 size=0f1bch ( 61884) map[0m
[0;32mI (111) esp_image: segment 1: paddr=0001f1e4 vaddr=3ff80000 size=0001ch (    28) load[0m
[0;32mI (111) esp_image: segment 2: paddr=0001f208 vaddr=3ffb0000 size=00e10h (  3600) load[0m
[0;32mI (116) esp_image: segment 3: paddr=00020020 vaddr=400d0020 size=45b50h (285520) map[0m
[0;32mI (220) esp_image: segment 4: paddr=00065b78 vaddr=3ffb0e10 size=016c4h (  5828) load[0m
[0;32mI (222) esp_image: segment 5: paddr=00067244 vaddr=40080000 size=0d390h ( 54160) load[0m
[0;32mI (251) boot: Loaded app from partition at offset 0x10000[0m
[0;32mI (251) boot: Disabling RNG early entropy source...[0m
[0;32mI (262) cpu_start: Multicore app[0m
[0;32mI (270) cpu_start: Pro cpu start user code[0m
[0;32mI (270) cpu_start: cpu freq: 160000000 Hz[0m
[0;32mI (270) app_init: Application information:[0m
[0;32mI (270) app_init: Project name:     ESP[0m
[0;32mI (274) app_init: App version:      2fd4a2f2-dirty[0m
[0;32mI (278) app_init: Compile time:     Jan 31 2025 14:02:02[0m
[0;32mI (283) app_init: ELF file SHA256:  ee100ef22...[0m
[0;32mI (287) app_init: ESP-IDF:          v5.4[0m
[0;32mI (291) efuse_init: Min chip rev:     v0.0[0m
[0;32mI (295) efuse_init: Max chip rev:     v3.99 [0m
[0;32mI (299) efuse_init: Chip rev:         v3.0[0m
[0;32mI (303) heap_init: Initializing. RAM available for dynamic allocation:[0m
[0;32mI (309) heap_init: At 3FFAE6E0 len 00001920 (6 KiB): DRAM[0m
[0;32mI (314) heap_init: At 3FFB4588 len 0002BA78 (174 KiB): DRAM[0m
[0;32mI (319) heap_init: At 3FFE0440 len 00003AE0 (14 KiB): D/IRAM[0m
[0;32mI (325) heap_init: At 3FFE4350 len 0001BCB0 (111 KiB): D/IRAM[0m
[0;32mI (330) heap_init: At 4008D390 len 00012C70 (75 KiB): IRAM[0m
[0;32mI (337) spi_flash: detected chip: generic[0m
[0;32mI (339) spi_flash: flash io: dio[0m
[0;32mI (346) main_task: Started on CPU0[0m
[0;32mI (356) main_task: Calling app_main()[0m
[0;32mI (356) gpio: GPIO[2]| InputEn: 0| OutputEn: 1| OpenDrain: 0| Pullup: 0| Pulldown: 0| Intr:0 [0m
[0;32mI (356) gpio: GPIO[4]| InputEn: 0| OutputEn: 1| OpenDrain: 0| Pullup: 0| Pulldown: 0| Intr:0 [0m
[0;32mI (366) gpio: GPIO[5]| InputEn: 0| OutputEn: 1| OpenDrain: 0| Pullup: 0| Pulldown: 0| Intr:0 [0m
[0;32mI (366) gpio: GPIO[19]| InputEn: 0| OutputEn: 1| OpenDrain: 0| Pullup: 0| Pulldown: 0| Intr:0 [0m
[0;32mI (376) gpio: GPIO[21]| InputEn: 0| OutputEn: 1| OpenDrain: 0| Pullup: 0| Pulldown: 0| Intr:0 [0m
[0;32mI (386) gpio: GPIO[22]| InputEn: 0| OutputEn: 1| OpenDrain: 0| Pullup: 0| Pulldown: 0| Intr:0 [0m
[0;32mI (396) gpio: GPIO[18]| InputEn: 0| OutputEn: 1| OpenDrain: 0| Pullup: 0| Pulldown: 0| Intr:0 [0m
[0;32mI (406) gpio: GPIO[19]| InputEn: 0| OutputEn: 1| OpenDrain: 0| Pullup: 0| Pulldown: 0| Intr:0 [0m
[0;32mI (416) gpio: GPIO[20]| InputEn: 0| OutputEn: 1| OpenDrain: 0| Pullup: 0| Pulldown: 0| Intr:0 [0m
[0;32mI (416) gpio: GPIO[25]| InputEn: 0| OutputEn: 1| OpenDrain: 0| Pullup: 0| Pulldown: 0| Intr:0 [0m
[0;32mI (426) gpio: GPIO[26]| InputEn: 0| OutputEn: 1| OpenDrain: 0| Pullup: 0| Pulldown: 0| Intr:0 [0m
[0;32mI (436) gpio: GPIO[27]| InputEn: 0| OutputEn: 1| OpenDrain: 0| Pullup: 0| Pulldown: 0| Intr:0 [0m
[0;32mI (446) gpio: GPIO[12]| InputEn: 1| OutputEn: 0| OpenDrain: 0| Pullup: 1| Pulldown: 0| Intr:1 [0m
[0;32mI (456) gpio: GPIO[17]| InputEn: 1| OutputEn: 0| OpenDrain: 0| Pullup: 1| Pulldown: 0| Intr:1 [0m
[0;32mI (466) gpio: GPIO[23]| InputEn: 1| OutputEn: 0| OpenDrain: 0| Pullup: 1| Pulldown: 0| Intr:1 [0m
[0;32mI (466) gpio: GPIO[27]| InputEn: 1| OutputEn: 0| OpenDrain: 0| Pullup: 1| Pulldown: 0| Intr:1 [0m
Pinos configurados
[0;32mI (486) main_task: Returned from app_main()[0m
Posicao: 1
[1;31mE (486) FreeRTOS: FreeRTOS Task "encoder_task" should not return, Aborting now![0m

abort() was called at PC 0x4008652f on core 0


Backtrace: 0x400819b5:0x3ffb7490 0x40085b15:0x3ffb74b0 0x4008bc41:0x3ffb74d0 0x4008652f:0x3ffb7540




ELF file SHA256: ee100ef22

Rebooting...
ets Jul 29 2019 12:21:46

rst:0xc (SW_CPU_RESET),boot:0x17 (SPI_FAST_FLASH_BOOT)
configsip: 0, SPIWP:0xee
clk_drv:0x00,q_drv:0x00,d_drv:0x00,cs0_drv:0x00,hd_drv:0x00,wp_drv:0x00
mode:DIO, clock div:2
load:0x3fff0030,len:6276
load:0x40078000,len:15716
load:0x40080400,len:4
ho 8 tail 4 room 4
load:0x40080404,len:3860
entry 0x4008063c
[0;32mI (31) boot: ESP-IDF v5.4 2nd stage bootloader[0m
[0;32mI (31) boot: compile time Jan 31 2025 14:02:13[0m
[0;32mI (31) boot: Multicore bootloader[0m
[0;32mI (32) boot: chip revision: v3.0[0m
[0;32mI (35) boot.esp32: SPI Speed      : 40MHz[0m
[0;32mI (39) boot.esp32: SPI Mode       : DIO[0m
[0;32mI (42) boot.esp32: SPI Flash Size : 4MB[0m
[0;32mI (46) boot: Enabling RNG early entropy source...[0m
[0;32mI (50) boot: Partition Table:[0m
[0;32mI (53) boot: ## Label            Usage          Type ST Offset   Length[0m
[0;32mI (59) boot:  0 nvs              WiFi data        01 02 00009000 00006000[0m
[0;32mI (66) boot:  1 phy_init         RF data          01 01 0000f000 00001000[0m
[0;32mI (72) boot:  2 factory          factory app      00 00 00010000 00100000[0m
[0;32mI (79) boot: End of partition table[0m
[0;32mI (82) esp_image: segment 0: paddr=00010020 vaddr=3f400020 size=0f1bch ( 61884) map[0m
[0;32mI (111) esp_image: segment 1: paddr=0001f1e4 vaddr=3ff80000 size=0001ch (    28) load[0m
[0;32mI (111) esp_image: segment 2: paddr=0001f208 vaddr=3ffb0000 size=00e10h (  3600) load[0m
[0;32mI (116) esp_image: segment 3: paddr=00020020 vaddr=400d0020 size=45b50h (285520) map[0m
[0;32mI (220) esp_image: segment 4: paddr=00065b78 vaddr=3ffb0e10 size=016c4h (  5828) load[0m
[0;32mI (222) esp_image: segment 5: paddr=00067244 vaddr=40080000 size=0d390h ( 54160) load[0m
[0;32mI (251) boot: Loaded app from partition at offset 0x10000[0m
[0;32mI (251) boot: Disabling RNG early entropy source...[0m
[0;32mI (262) cpu_start: Multicore app[0m
[0;32mI (270) cpu_start: Pro cpu start user code[0m
[0;32mI (270) cpu_start: cpu freq: 160000000 Hz[0m
[0;32mI (270) app_init: Application information:[0m
[0;32mI (270) app_init: Project name:     ESP[0m
[0;32mI (274) app_init: App version:      2fd4a2f2-dirty[0m
[0;32mI (278) app_init: Compile time:     Jan 31 2025 14:02:02[0m
[0;32mI (283) app_init: ELF file SHA256:  ee100ef22...[0m
[0;32mI (287) app_init: ESP-IDF:          v5.4[0m
[0;32mI (291) efuse_init: Min chip rev:     v0.0[0m
[0;32mI (295) efuse_init: Max chip rev:     v3.99 [0m
[0;32mI (299) efuse_init: Chip rev:         v3.0[0m
[0;32mI (303) heap_init: Initializing. RAM available for dynamic allocation:[0m
[0;32mI (309) heap_init: At 3FFAE6E0 len 00001920 (6 KiB): DRAM[0m
[0;32mI (314) heap_init: At 3FFB4588 len 0002BA78 (174 KiB): DRAM[0m
[0;32mI (319) heap_init: At 3FFE0440 len 00003AE0 (14 KiB): D/IRAM[0m
[0;32mI (325) heap_init: At 3FFE4350 len 0001BCB0 (111 KiB): D/IRAM[0m
[0;32mI (330) heap_init: At 4008D390 len 00012C70 (75 KiB): IRAM[0m
[0;32mI (337) spi_flash: detected chip: generic[0m
[0;32mI (339) spi_flash: flash io: dio[0m
[0;32mI (346) main_task: Started on CPU0[0m
[0;32mI (356) main_task: Calling app_main()[0m
[0;32mI (356) gpio: GPIO[2]| InputEn: 0| OutputEn: 1| OpenDrain: 0| Pullup: 0| Pulldown: 0| Intr:0 [0m
[0;32mI (356) gpio: GPIO[4]| InputEn: 0| OutputEn: 1| OpenDrain: 0| Pullup: 0| Pulldown: 0| Intr:0 [0m
[0;32mI (366) gpio: GPIO[5]| InputEn: 0| OutputEn: 1| OpenDrain: 0| Pullup: 0| Pulldown: 0| Intr:0 [0m
[0;32mI (366) gpio: GPIO[19]| InputEn: 0| OutputEn: 1| OpenDrain: 0| Pullup: 0| Pulldown: 0| Intr:0 [0m
I (376) gpio: GPIO[21]| InputEn: 0| OutputEn: 1| OpenDrain: 0| Pullup: 0| Pulldown: 0| Intr:0 
[0;32mI (386) gpio: GPIO[22]| InputEn: 0| OutputEn: 1| OpenDrain: 0| Pullup: 0| Pulldown: 0| Intr:0 [0m
[0;32mI (396) gpio: GPIO[18]| InputEn: 0| OutputEn: 1| OpenDrain: 0| Pullup: 0| Pulldown: 0| Intr:0 [0m
[0;32mI (406) gpio: GPIO[19]| InputEn: 0| OutputEn: 1| OpenDrain: 0| Pullup: 0| Pulldown: 0| Intr:0 [0m
[0;32mI (416) gpio: GPIO[20]| InputEn: 0| OutputEn: 1| OpenDrain: 0| Pullup: 0| Pulldown: 0| Intr:0 [0m
[0;32mI (416) gpio: GPIO[25]| InputEn: 0| OutputEn: 1| OpenDrain: 0| Pullup: 0| Pulldown: 0| Intr:0 [0m
[0;32mI (426) gpio: GPIO[26]| InputEn: 0| OutputEn: 1| OpenDrain: 0| Pullup: 0| Pulldown: 0| Intr:0 [0m
[0;32mI (436) gpio: GPIO[27]| InputEn: 0| OutputEn: 1| OpenDrain: 0| Pullup: 0| Pulldown: 0| Intr:0 [0m
[0;32mI (446) gpio: GPIO[12]| InputEn: 1| OutputEn: 0| OpenDrain: 0| Pullup: 1| Pulldown: 0| Intr:1 [0m
[0;32mI (456) gpio: GPIO[17]| InputEn: 1| OutputEn: 0| OpenDrain: 0| Pullup: 1| Pulldown: 0| Intr:1 [0m
[0;32mI (466) gpio: GPIO[23]| InputEn: 1| OutputEn: 0| OpenDrain: 0| Pullup: 1| Pulldown: 0| Intr:1 [0m
[0;32mI (466) gpio: GPIO[27]| InputEn: 1| OutputEn: 0| OpenDrain: 0| Pullup: 1| Pulldown: 0| Intr:1 [0m
Pinos configurados
[0;32mI (486) main_task: Returned from app_main()[0m
Posicao: 1
[1;31mE (486) FreeRTOS: FreeRTOS Task "encoder_task" should not return, Aborting now![0m

abort() was called at PC 0x4008652f on core 0


Backtrace: 0x400819b5:0x3ffb7490 0x40085b15:0x3ffb74b0 0x4008bc41:0x3ffb74d0 0x4008652f:0x3ffb7540




ELF file SHA256: ee100ef22

Rebooting...
ets Jul 29 2019 12:21:46

rst:0xc (SW_CPU_RESET),boot:0x17 (SPI_FAST_FLASH_BOOT)
configsip: 0, SPIWP:0xee
clk_drv:0x00,q_drv:0x00,d_drv:0x00,cs0_drv:0x00,hd_drv:0x00,wp_drv:0x00
mode:DIO, clock div:2
load:0x3fff0030,len:6276
load:0x40078000,len:15716
load:0x40080400,len:4
ho 8 tail 4 room 4
load:0x40080404,len:3860
entry 0x4008063c
[0;32mI (31) boot: ESP-IDF v5.4 2nd stage bootloader[0m
[0;32mI (31) boot: compile time Jan 31 2025 14:02:13[0m
[0;32mI (31) boot: Multicore bootloader[0m
[0;32mI (32) boot: chip revision: v3.0[0m
[0;32mI (35) boot.esp32: SPI Speed      : 40MHz[0m
[0;32mI (39) boot.esp32: SPI Mode       : DIO[0m
[0;32mI (42) boot.esp32: SPI Flash Size : 4MB[0m
[0;32mI (46) boot: Enabling RNG early entropy source...[0m
[0;32mI (50) boot: Partition Table:[0m
[0;32mI (53) boot: ## Label            Usage          Type ST Offset   Length[0m
[0;32mI (59) boot:  0 nvs              WiFi data        01 02 00009000 00006000[0m
[0;32mI (66) boot:  1 phy_init         RF data          01 01 0000f000 00001000[0m
[0;32mI (72) boot:  2 factory          factory app      00 00 00010000 00100000[0m
[0;32mI (79) boot: End of partition table[0m
[0;32mI (82) esp_image: segment 0: paddr=00010020 vaddr=3f400020 size=0f1bch ( 61884) map[0m
[0;32mI (111) esp_image: segment 1: paddr=0001f1e4 vaddr=3ff80000 size=0001ch (    28) load[0m
[0;32mI (111) esp_image: segment 2: paddr=0001f208 vaddr=3ffb0000 size=00e10h (  3600) load[0m
[0;32mI (116) esp_image: segment 3: paddr=00020020 vaddr=400d0020 size=45b50h (285520) map[0m
[0;32mI (220) esp_image: segment 4: paddr=00065b78 vaddr=3ffb0e10 size=016c4h (  5828) load[0m
[0;32mI (222) esp_image: segment 5: paddr=00067244 vaddr=40080000 size=0d390h ( 54160) load[0m
[0;32mI (251) boot: Loaded app from partition at offset 0x10000[0m
[0;32mI (251) boot: Disabling RNG early entropy source...[0m
[0;32mI (262) cpu_start: Multicore app[0m
[0;32mI (270) cpu_start: Pro cpu start user code[0m
[0;32mI (270) cpu_start: cpu freq: 160000000 Hz[0m
[0;32mI (270) app_init: Application information:[0m
[0;32mI (270) app_init: Project name:     ESP[0m
[0;32mI (274) app_init: App version:      2fd4a2f2-dirty[0m
[0;32mI (278) app_init: Compile time:     Jan 31 2025 14:02:02[0m
[0;32mI (283) app_init: ELF file SHA256:  ee100ef22...[0m
[0;32mI (287) app_init: ESP-IDF:          v5.4[0m
[0;32mI (291) efuse_init: Min chip rev:     v0.0[0m
[0;32mI (295) efuse_init: Max chip rev:     v3.99 [0m
[0;32mI (299) efuse_init: Chip rev:         v3.0[0m
[0;32mI (303) heap_init: Initializing. RAM available for dynamic allocation:[0m
[0;32mI (309) heap_init: At 3FFAE6E0 len 00001920 (6 KiB): DRAM[0m
[0;32mI (314) heap_init: At 3FFB4588 len 0002BA78 (174 KiB): DRAM[0m
[0;32mI (319) heap_init: At 3FFE0440 len 00003AE0 (14 KiB): D/IRAM[0m
[0;32mI (325) heap_init: At 3FFE4350 len 0001BCB0 (111 KiB): D/IRAM[0m
[0;32mI (330) heap_init: At 4008D390 len 00012C70 (75 KiB): IRAM[0m
[0;32mI (337) spi_flash: detected chip: generic[0m
[0;32mI (339) spi_flash: flash io: dio[0m
[0;32mI (346) main_task: Started on CPU0[0m
[0;32mI (356) main_task: Calling app_main()[0m
[0;32mI (356) gpio: GPIO[2]| InputEn: 0| OutputEn: 1| OpenDrain: 0| Pullup: 0| Pulldown: 0| Intr:0 [0m
[0;32mI (356) gpio: GPIO[4]| InputEn: 0| OutputEn: 1| OpenDrain: 0| Pullup: 0| Pulldown: 0| Intr:0 [0m
[0;32mI (366) gpio: GPIO[5]| InputEn: 0| OutputEn: 1| OpenDrain: 0| Pullup: 0| Pulldown: 0| Intr:0 [0m
[0;32mI (366) gpio: GPIO[19]| InputEn: 0| OutputEn: 1| OpenDrain: 0| Pullup: 0| Pulldown: 0| Intr:0 [0m
[0;32mI (376) gpio: GPIO[21]| InputEn: 0| OutputEn: 1| OpenDrain: 0| Pullup: 0| Pulldown: 0| Intr:0 [0m
[0;32mI (386) gpio: GPIO[22]| InputEn: 0| OutputEn: 1| OpenDrain: 0| Pullup: 0| Pulldown: 0| Intr:0 [0m
[0;32mI (396) gpio: GPIO[18]| InputEn: 0| OutputEn: 1| OpenDrain: 0| Pullup: 0| Pulldown: 0| Intr:0 [0m
[0;32mI (406) gpio: GPIO[19]| InputEn: 0| OutputEn: 1| OpenDrain: 0| Pullup: 0| Pulldown: 0| Intr:0 [0m
[0;32mI (416) gpio: GPIO[20]| InputEn: 0| OutputEn: 1| OpenDrain: 0| Pullup: 0| Pulldown: 0| Intr:0 [0m
[0;32mI (416) gpio: GPIO[25]| InputEn: 0| OutputEn: 1| OpenDrain: 0| Pullup: 0| Pulldown: 0| Intr:0 [0m
[0;32mI (426) gpio: GPIO[26]| InputEn: 0| OutputEn: 1| OpenDrain: 0| Pullup: 0| Pulldown: 0| Intr:0 [0m
[0;32mI (436) gpio: GPIO[27]| InputEn: 0| OutputEn: 1| OpenDrain: 0| Pullup: 0| Pulldown: 0| Intr:0 [0m
[0;32mI (446) gpio: GPIO[12]| InputEn: 1| OutputEn: 0| OpenDrain: 0| Pullup: 1| Pulldown: 0| Intr:1 [0m
[0;32mI (456) gpio: GPIO[17]| InputEn: 1| OutputEn: 0| OpenDrain: 0| Pullup: 1| Pulldown: 0| Intr:1 [0m
[0;32mI (466) gpio: GPIO[23]| InputEn: 1| OutputEn: 0| OpenDrain: 0| Pullup: 1| Pulldown: 0| Intr:1 [0m
[0;32mI (466) gpio: GPIO[27]| InputEn: 1| OutputEn: 0| OpenDrain: 0| Pullup: 1| Pulldown: 0| Intr:1 [0m
Pinos configurados
[0;32mI (486) main_task: Returned from app_main()[0m
Posicao: 1
[1;31mE (486) FreeRTOS: FreeRTOS Task "encoder_task" should not return, Aborting now![0m

abort() was called at PC 0x4008652f on core 0


Backtrace: 0x400819b5:0x3ffb7490 0x40085b15:0x3ffb74b0 0x4008bc41:0x3ffb74d0 0x4008652f:0x3ffb7540




ELF file SHA256: ee100ef22

Rebooting...
ets Jul 29 2019 12:21:46

rst:0xc (SW_CPU_RESET),boot:0x17 (SPI_FAST_FLASH_BOOT)
configsip: 0, SPIWP:0xee
clk_drv:0x00,q_drv:0x00,d_drv:0x00,cs0_drv:0x00,hd_drv:0x00,wp_drv:0x00
mode:DIO, clock div:2
load:0x3fff0030,len:6276
load:0x40078000,len:15716
load:0x40080400,len:4
ho 8 tail 4 room 4
load:0x40080404,len:3860
entry 0x4008063c
[0;32mI (31) boot: ESP-IDF v5.4 2nd stage bootloader[0m
[0;32mI (31) boot: compile time Jan 31 2025 14:02:13[0m
[0;32mI (31) boot: Multicore bootloader[0m
[0;32mI (32) boot: chip revision: v3.0[0m
[0;32mI (35) boot.esp32: SPI Speed      : 40MHz[0m
[0;32mI (39) boot.esp32: SPI Mode       : DIO[0m
[0;32mI (42) boot.esp32: SPI Flash Size : 4MB[0m
[0;32mI (46) boot: Enabling RNG early entropy source...[0m
[0;32mI (50) boot: Partition Table:[0m
[0;32mI (53) boot: ## Label            Usage          Type ST Offset   Length[0m
[0;32mI (59) boot:  0 nvs              WiFi data        01 02 00009000 00006000[0m
[0;32mI (66) boot:  1 phy_init         RF data          01 01 0000f000 00001000[0m
[0;32mI (72) boot:  2 factory          factory app      00 00 00010000 00100000[0m
[0;32mI (79) boot: End of partition table[0m
[0;32mI (82) esp_image: segment 0: paddr=00010020 vaddr=3f400020 size=0f1bch ( 61884) map[0m
[0;32mI (111) esp_image: segment 1: paddr=0001f1e4 vaddr=3ff80000 size=0001ch (    28) load[0m
[0;32mI (111) esp_image: segment 2: paddr=0001f208 vaddr=3ffb0000 size=00e10h (  3600) load[0m
[0;32mI (116) esp_image: segment 3: paddr=00020020 vaddr=400d0020 size=45b50h (285520) map[0m
[0;32mI (220) esp_image: segment 4: paddr=00065b78 vaddr=3ffb0e10 size=016c4h (  5828) load[0m
[0;32mI (222) esp_image: segment 5: paddr=00067244 vaddr=40080000 size=0d390h ( 54160) load[0m
[0;32mI (251) boot: Loaded app from partition at offset 0x10000[0m
[0;32mI (251) boot: Disabling RNG early entropy source...[0m
[0;32mI (262) cpu_start: Multicore app[0m
[0;32mI (270) cpu_start: Pro cpu start user code[0m
[0;32mI (270) cpu_start: cpu freq: 160000000 Hz[0m
[0;32mI (270) app_init: Application information:[0m
[0;32mI (270) app_init: Project name:     ESP[0m
[0;32mI (274) app_init: App version:      2fd4a2f2-dirty[0m
[0;32mI (278) app_init: Compile time:     Jan 31 2025 14:02:02[0m
[0;32mI (283) app_init: ELF file SHA256:  ee100ef22...[0m
[0;32mI (287) app_init: ESP-IDF:          v5.4[0m
[0;32mI (291) efuse_init: Min chip rev:     v0.0[0m
[0;32mI (295) efuse_init: Max chip rev:     v3.99 [0m
[0;32mI (299) efuse_init: Chip rev:         v3.0[0m
[0;32mI (303) heap_init: Initializing. RAM available for dynamic allocation:[0m
[0;32mI (309) heap_init: At 3FFAE6E0 len 00001920 (6 KiB): DRAM[0m
[0;32mI (314) heap_init: At 3FFB4588 len 0002BA78 (174 KiB): DRAM[0m
[0;32mI (319) heap_init: At 3FFE0440 len 00003AE0 (14 KiB): D/IRAM[0m
[0;32mI (325) heap_init: At 3FFE4350 len 0001BCB0 (111 KiB): D/IRAM[0m
[0;32mI (330) heap_init: At 4008D390 len 00012C70 (75 KiB): IRAM[0m
[0;32mI (337) spi_flash: detected chip: generic[0m
[0;32mI (339) spi_flash: flash io: dio[0m
[0;32mI (346) main_task: Started on CPU0[0m
[0;32mI (356) main_task: Calling app_main()[0m
[0;32mI (356) gpio: GPIO[2]| InputEn: 0| OutputEn: 1| OpenDrain: 0| Pullup: 0| Pulldown: 0| Intr:0 [0m
[0;32mI (356) gpio: GPIO[4]| InputEn: 0| OutputEn: 1| OpenDrain: 0| Pullup: 0| Pulldown: 0| Intr:0 [0m
[0;32mI (366) gpio: GPIO[5]| InputEn: 0| OutputEn: 1| OpenDrain: 0| Pullup: 0| Pulldown: 0| Intr:0 [0m
[0;32mI (366) gpio: GPIO[19]| InputEn: 0| OutputEn: 1| OpenDrain: 0| Pullup: 0| Pulldown: 0| Intr:0 [0m
[0;32mI (376) gpio: GPIO[21]| InputEn: 0| OutputEn: 1| OpenDrain: 0| Pullup: 0| Pulldown: 0| Intr:0 [0m
[0;32mI (386) gpio: GPIO[22]| InputEn: 0| OutputEn: 1| OpenDrain: 0| Pullup: 0| Pulldown: 0| Intr:0 [0m
[0;32mI (396) gpio: GPIO[18]| InputEn: 0| OutputEn: 1| OpenDrain: 0| Pullup: 0| Pulldown: 0| Intr:0 [0m
[0;32mI (406) gpio: GPIO[19]| InputEn: 0| OutputEn: 1| OpenDrain: 0| Pullup: 0| Pulldown: 0| Intr:0 [0m
[0;32mI (416) gpio: GPIO[20]| InputEn: 0| OutputEn: 1| OpenDrain: 0| Pullup: 0| Pulldown: 0| Intr:0 [0m
[0;32mI (416) gpio: GPIO[25]| InputEn: 0| OutputEn: 1| OpenDrain: 0| Pullup: 0| Pulldown: 0| Intr:0 [0m
[0;32mI (426) gpio: GPIO[26]| InputEn: 0| OutputEn: 1| OpenDrain: 0| Pullup: 0| Pulldown: 0| Intr:0 [0m
[0;32mI (436) gpio: GPIO[27]| InputEn: 0| OutputEn: 1| OpenDrain: 0| Pullup: 0| Pulldown: 0| Intr:0 [0m
[0;32mI (446) gpio: GPIO[12]| InputEn: 1| OutputEn: 0| OpenDrain: 0| Pullup: 1| Pulldown: 0| Intr:1 [0m
[0;32mI (456) gpio: GPIO[17]| InputEn: 1| OutputEn: 0| OpenDrain: 0| Pullup: 1| Pulldown: 0| Intr:1 [0m
[0;32mI (466) gpio: GPIO[23]| InputEn: 1| OutputEn: 0| OpenDrain: 0| Pullup: 1| Pulldown: 0| Intr:1 [0m
[0;32mI (466) gpio: GPIO[27]| InputEn: 1| OutputEn: 0| OpenDrain: 0| Pullup: 1| Pulldown: 0| Intr:1 [0m
Pinos configurados
[0;32mI (486) main_task: Returned from app_main()[0m
Posicao: 1
[1;31mE (486) FreeRTOS: FreeRTOS Task "encoder_task" should not return, Aborting now![0m

abort() was called at PC 0x4008652f on core 0


Backtrace: 0x400819b5:0x3ffb7490 0x40085b15:0x3ffb74b0 0x4008bc41:0x3ffb74d0 0x4008652f:0x3ffb7540




ELF file SHA256: ee100ef22

Rebooting...
ets Jul 29 2019 12:21:46

rst:0xc (SW_CPU_RESET),boot:0x17 (SPI_FAST_FLASH_BOOT)
configsip: 0, SPIWP:0xee
clk_drv:0x00,q_drv:0x00,d_drv:0x00,cs0_drv:0x00,hd_drv:0x00,wp_drv:0x00
mode:DIO, clock div:2
load:0x3fff0030,len:6276
load:0x40078000,len:15716
load:0x40080400,len:4
ho 8 tail 4 room 4
load:0x40080404,len:3860
entry 0x4008063c
[0;32mI (31) boot: ESP-IDF v5.4 2nd stage bootloader[0m
[0;32mI (31) boot: compile time Jan 31 2025 14:02:13[0m
[0;32mI (31) boot: Multicore bootloader[0m
[0;32mI (32) boot: chip revision: v3.0[0m
[0;32mI (35) boot.esp32: SPI Speed      : 40MHz[0m
[0;32mI (39) boot.esp32: SPI Mode       : DIO[0m
[0;32mI (42) boot.esp32: SPI Flash Size : 4MB[0m
[0;32mI (46) boot: Enabling RNG early entropy source...[0m
[0;32mI (50) boot: Partition Table:[0m
[0;32mI (53) boot: ## Label            Usage          Type ST Offset   Length[0m
[0;32mI (59) boot:  0 nvs              WiFi data        01 02 00009000 00006000[0m
[0;32mI (66) boot:  1 phy_init         RF data          01 01 0000f000 00001000[0m
[0;32mI (72) boot:  2 factory          factory app      00 00 00010000 00100000[0m
[0;32mI (79) boot: End of partition table[0m
[0;32mI (82) esp_image: segment 0: paddr=00010020 vaddr=3f400020 size=0f1bch ( 61884) map[0m
[0;32mI (111) esp_image: segment 1: paddr=0001f1e4 vaddr=3ff80000 size=0001ch (    28) load[0m
[0;32mI (111) esp_image: segment 2: paddr=0001f208 vaddr=3ffb0000 size=00e10h (  3600) load[0m
[0;32mI (116) esp_image: segment 3: paddr=00020020 vaddr=400d0020 size=45b50h (285520) map[0m
[0;32mI (220) esp_image: segment 4: paddr=00065b78 vaddr=3ffb0e10 size=016c4h (  5828) load[0m
[0;32mI (222) esp_image: segment 5: paddr=00067244 vaddr=40080000 size=0d390h ( 54160) load[0m
[0;32mI (251) boot: Loaded app from partition at offset 0x10000[0m
[0;32mI (251) boot: Disabling RNG early entropy source...[0m
[0;32mI (262) cpu_start: Multicore app[0m
[0;32mI (270) cpu_start: Pro cpu start user code[0m
[0;32mI (270) cpu_start: cpu freq: 160000000 Hz[0m
[0;32mI (270) app_init: Application information:[0m
[0;32mI (270) app_init: Project name:     ESP[0m
[0;32mI (274) app_init: App version:      2fd4a2f2-dirty[0m
[0;32mI (278) app_init: Compile time:     Jan 31 2025 14:02:02[0m
[0;32mI (283) app_init: ELF file SHA256:  ee100ef22...[0m
[0;32mI (287) app_init: ESP-IDF:          v5.4[0m
[0;32mI (291) efuse_init: Min chip rev:     v0.0[0m
[0;32mI (295) efuse_init: Max chip rev:     v3.99 [0m
[0;32mI (299) efuse_init: Chip rev:         v3.0[0m
[0;32mI (303) heap_init: Initializing. RAM available for dynamic allocation:[0m
[0;32mI (309) heap_init: At 3FFAE6E0 len 00001920 (6 KiB): DRAM[0m
[0;32mI (314) heap_init: At 3FFB4588 len 0002BA78 (174 KiB): DRAM[0m
[0;32mI (319) heap_init: At 3FFE0440 len 00003AE0 (14 KiB): D/IRAM[0m
[0;32mI (325) heap_init: At 3FFE4350 len 0001BCB0 (111 KiB): D/IRAM[0m
[0;32mI (330) heap_init: At 4008D390 len 00012C70 (75 KiB): IRAM[0m
[0;32mI (337) spi_flash: detected chip: generic[0m
[0;32mI (339) spi_flash: flash io: dio[0m
[0;32mI (346) main_task: Started on CPU0[0m
[0;32mI (356) main_task: Calling app_main()[0m
[0;32mI (356) gpio: GPIO[2]| InputEn: 0| OutputEn: 1| OpenDrain: 0| Pullup: 0| Pulldown: 0| Intr:0 [0m
[0;32mI (356) gpio: GPIO[4]| InputEn: 0| OutputEn: 1| OpenDrain: 0| Pullup: 0| Pulldown: 0| Intr:0 [0m
[0;32mI (366) gpio: GPIO[5]| InputEn: 0| OutputEn: 1| OpenDrain: 0| Pullup: 0| Pulldown: 0| Intr:0 [0m
[0;32mI (366) gpio: GPIO[19]| InputEn: 0| OutputEn: 1| OpenDrain: 0| Pullup: 0| Pulldown: 0| Intr:0 [0m
[0;32mI (376) gpio: GPIO[21]| InputEn: 0| OutputEn: 1| OpenDrain: 0| Pullup: 0| Pulldown: 0| Intr:0 [0m
[0;32mI (386) gpio: GPIO[22]| InputEn: 0| OutputEn: 1| OpenDrain: 0| Pullup: 0| Pulldown: 0| Intr:0 [0m
[0;32mI (396) gpio: GPIO[18]| InputEn: 0| OutputEn: 1| OpenDrain: 0| Pullup: 0| Pulldown: 0| Intr:0 [0m
[0;32mI (406) gpio: GPIO[19]| InputEn: 0| OutputEn: 1| OpenDrain: 0| Pullup: 0| Pulldown: 0| Intr:0 [0m
[0;32mI (416) gpio: GPIO[20]| InputEn: 0| OutputEn: 1| OpenDrain: 0| Pullup: 0| Pulldown: 0| Intr:0 [0m
[0;32mI (416) gpio: GPIO[25]| InputEn: 0| OutputEn: 1| OpenDrain: 0| Pullup: 0| Pulldown: 0| Intr:0 [0m
[0;32mI (426) gpio: GPIO[26]| InputEn: 0| OutputEn: 1| OpenDrain: 0| Pullup: 0| Pulldown: 0| Intr:0 [0m
[0;32mI (436) gpio: GPIO[27]| InputEn: 0| OutputEn: 1| OpenDrain: 0| Pullup: 0| Pulldown: 0| Intr:0 [0m
[0;32mI (446) gpio: GPIO[12]| InputEn: 1| OutputEn: 0| OpenDrain: 0| Pullup: 1| Pulldown: 0| Intr:1 [0m
[0;32mI (456) gpio: GPIO[17]| InputEn: 1| OutputEn: 0| OpenDrain: 0| Pullup: 1| Pulldown: 0| Intr:1 [0m
[0;32mI (466) gpio: GPIO[23]| InputEn: 1| OutputEn: 0| OpenDrain: 0| Pullup: 1| Pulldown: 0| Intr:1 [0m
[0;32mI (466) gpio: GPIO[27]| InputEn: 1| OutputEn: 0| OpenDrain: 0| Pullup: 1| Pulldown: 0| Intr:1 [0m
Pinos configurados
[0;32mI (486) main_task: Returned from app_main()[0m
Posicao: 1
[1;31mE (496) FreeRTOS: FreeRTOS Task "encoder_task" should not return, Aborting now![0m

abort() was called at PC 0x4008652f on core 0


Backtrace: 0x400819b5:0x3ffb7490 0x40085b15:0x3ffb74b0 0x4008bc41:0x3ffb74d0 0x4008652f:0x3ffb7540




ELF file SHA256: ee100ef22

Rebooting...
ets Jul 29 2019 12:21:46

rst:0xc (SW_CPU_RESET),boot:0x17 (SPI_FAST_FLASH_BOOT)
configsip: 0, SPIWP:0xee
clk_drv:0x00,q_drv:0x00,d_drv:0x00,cs0_drv:0x00,hd_drv:0x00,wp_drv:0x00
mode:DIO, clock div:2
load:0x3fff0030,len:6276
load:0x40078000,len:15716
load:0x40080400,len:4
ho 8 tail 4 room 4
load:0x40080404,len:3860
entry 0x4008063c
[0;32mI (31) boot: ESP-IDF v5.4 2nd stage bootloader[0m
[0;32mI (31) boot: compile time Jan 31 2025 14:02:13[0m
[0;32mI (31) boot: Multicore bootloader[0m
[0;32mI (32) boot: chip revision: v3.0[0m
[0;32mI (35) boot.esp32: SPI Speed      : 40MHz[0m
[0;32mI (39) boot.esp32: SPI Mode       : DIO[0m
[0;32mI (42) boot.esp32: SPI Flash Size : 4MB[0m
[0;32mI (46) boot: Enabling RNG early entropy source...[0m
[0;32mI (50) boot: Partition Table:[0m
[0;32mI (53) boot: ## Label            Usage          Type ST Offset   Length[0m
[0;32mI (59) boot:  0 nvs              WiFi data        01 02 00009000 00006000[0m
[0;32mI (66) boot:  1 phy_init         RF data          01 01 0000f000 00001000[0m
[0;32mI (72) boot:  2 factory          factory app      00 00 00010000 00100000[0m
[0;32mI (79) boot: End of partition table[0m
[0;32mI (82) esp_image: segment 0: paddr=00010020 vaddr=3f400020 size=0f1bch ( 61884) map[0m
[0;32mI (111) esp_image: segment 1: paddr=0001f1e4 vaddr=3ff80000 size=0001ch (    28) load[0m
[0;32mI (111) esp_image: segment 2: paddr=0001f208 vaddr=3ffb0000 size=00e10h (  3600) load[0m
[0;32mI (116) esp_image: segment 3: paddr=00020020 vaddr=400d0020 size=45b50h (285520) map[0m
[0;32mI (220) esp_image: segment 4: paddr=00065b78 vaddr=3ffb0e10 size=016c4h (  5828) load[0m
[0;32mI (222) esp_image: segment 5: paddr=00067244 vaddr=40080000 size=0d390h ( 54160) load[0m
[0;32mI (251) boot: Loaded app from partition at offset 0x10000[0m
[0;32mI (251) boot: Disabling RNG early entropy source...[0m
[0;32mI (262) cpu_start: Multicore app[0m
[0;32mI (270) cpu_start: Pro cpu start user code[0m
[0;32mI (270) cpu_start: cpu freq: 160000000 Hz[0m
[0;32mI (270) app_init: Application information:[0m
[0;32mI (270) app_init: Project name:     ESP[0m
[0;32mI (274) app_init: App version:      2fd4a2f2-dirty[0m
[0;32mI (278) app_init: Compile time:     Jan 31 2025 14:02:02[0m
[0;32mI (283) app_init: ELF file SHA256:  ee100ef22...[0m
[0;32mI (287) app_init: ESP-IDF:          v5.4[0m
[0;32mI (291) efuse_init: Min chip rev:     v0.0[0m
[0;32mI (295) efuse_init: Max chip rev:     v3.99 [0m
[0;32mI (299) efuse_init: Chip rev:         v3.0[0m
[0;32mI (303) heap_init: Initializing. RAM available for dynamic allocation:[0m
[0;32mI (309) heap_init: At 3FFAE6E0 len 00001920 (6 KiB): DRAM[0m
[0;32mI (314) heap_init: At 3FFB4588 len 0002BA78 (174 KiB): DRAM[0m
[0;32mI (319) heap_init: At 3FFE0440 len 00003AE0 (14 KiB): D/IRAM[0m
[0;32mI (325) heap_init: At 3FFE4350 len 0001BCB0 (111 KiB): D/IRAM[0m
[0;32mI (330) heap_init: At 4008D390 len 00012C70 (75 KiB): IRAM[0m
[0;32mI (337) spi_flash: detected chip: generic[0m
[0;32mI (339) spi_flash: flash io: dio[0m
[0;32mI (346) main_task: Started on CPU0[0m
[0;32mI (356) main_task: Calling app_main()[0m
[0;32mI (356) gpio: GPIO[2]| InputEn: 0| OutputEn: 1| OpenDrain: 0| Pullup: 0| Pulldown: 0| Intr:0 [0m
[0;32mI (356) gpio: GPIO[4]| InputEn: 0| OutputEn: 1| OpenDrain: 0| Pullup: 0| Pulldown: 0| Intr:0 [0m
[0;32mI (366) gpio: GPIO[5]| InputEn: 0| OutputEn: 1| OpenDrain: 0| Pullup: 0| Pulldown: 0| Intr:0 [0m
[0;32mI (366) gpio: GPIO[19]| InputEn: 0| OutputEn: 1| OpenDrain: 0| Pullup: 0| Pulldown: 0| Intr:0 [0m
[0;32mI (376) gpio: GPIO[21]| InputEn: 0| OutputEn: 1| OpenDrain: 0| Pullup: 0| Pulldown: 0| Intr:0 [0m
[0;32mI (386) gpio: GPIO[22]| InputEn: 0| OutputEn: 1| OpenDrain: 0| Pullup: 0| Pulldown: 0| Intr:0 [0m
[0;32mI (396) gpio: GPIO[18]| InputEn: 0| OutputEn: 1| OpenDrain: 0| Pullup: 0| Pulldown: 0| Intr:0 [0m
[0;32mI (406) gpio: GPIO[19]| 