ï¿½"ï¿½ sizeets Jul 29 2019 12:21:46

rst:0x1 (POWERON_RESET),boot:0x13 (SPI_FAST_FLASH_BOOT)
configsip: 0, SPIWP:0xee
clk_drv:0x00,q_drv:0x00,d_drv:0x00,cs0_drv:0x00,hd_drv:0x00,wp_drv:0x00
mode:DIO, clock div:2
load:0x3fff0030,len:6276
load:0x40078000,len:15716
load:0x40080400,len:4
ho 8 tail 4 room 4
load:0x40080404,len:3860
entry 0x4008063c
[0;32mI (31) boot: ESP-IDF v5.4 2nd stage bootloader[0m
[0;32mI (31) boot: compile time Jan 30 2025 17:43:05[0m
[0;32mI (31) boot: Multicore bootloader[0m
[0;32mI (32) boot: chip revision: v3.1[0m
[0;32mI (35) boot.esp32: SPI Speed      : 40MHz[0m
[0;32mI (39) boot.esp32: SPI Mode       : DIO[0m
[0;32mI (42) boot.esp32: SPI Flash Size : 4MB[0m
[0;32mI (46) boot: Enabling RNG early entropy source...[0m
[0;32mI (50) boot: Partition Table:[0m
[0;32mI (53) boot: ## Label            Usage          Type ST Offset   Length[0m
[0;32mI (59) boot:  0 nvs              WiFi data        01 02 00009000 00006000[0m
[0;32mI (66) boot:  1 phy_init         RF data          01 01 0000f000 00001000[0m
[0;32mI (72) boot:  2 factory          factory app      00 00 00010000 00100000[0m
[0;32mI (79) boot: End of partition table[0m
[0;32mI (82) esp_image: segment 0: paddr=00010020 vaddr=3f400020 size=0e7f0h ( 59376) map[0m
[0;32mI (110) esp_image: segment 1: paddr=0001e818 vaddr=3ff80000 size=0001ch (    28) load[0m
[0;32mI (110) esp_image: segment 2: paddr=0001e83c vaddr=3ffb0000 size=017dch (  6108) load[0m
[0;32mI (116) esp_image: segment 3: paddr=00020020 vaddr=400d0020 size=43e40h (278080) map[0m
[0;32mI (216) esp_image: segment 4: paddr=00063e68 vaddr=3ffb17dc size=00ca0h (  3232) load[0m
[0;32mI (218) esp_image: segment 5: paddr=00064b10 vaddr=40080000 size=0cdb8h ( 52664) load[0m
[0;32mI (247) boot: Loaded app from partition at offset 0x10000[0m
[0;32mI (247) boot: Disabling RNG early entropy source...[0m
[0;32mI (257) cpu_start: Multicore app[0m
[0;32mI (266) cpu_start: Pro cpu start user code[0m
[0;32mI (266) cpu_start: cpu freq: 160000000 Hz[0m
[0;32mI (266) app_init: Application information:[0m
[0;32mI (266) app_init: Project name:     ESP[0m
[0;32mI (270) app_init: App version:      2419ff5-dirty[0m
[0;32mI (274) app_init: Compile time:     Jan 30 2025 17:42:50[0m
[0;32mI (279) app_init: ELF file SHA256:  f98331d3d...[0m
[0;32mI (283) app_init: ESP-IDF:          v5.4[0m
[0;32mI (287) efuse_init: Min chip rev:     v0.0[0m
[0;32mI (291) efuse_init: Max chip rev:     v3.99 [0m
[0;32mI (295) efuse_init: Chip rev:         v3.1[0m
[0;32mI (299) heap_init: Initializing. RAM available for dynamic allocation:[0m
[0;32mI (305) heap_init: At 3FFAE6E0 len 00001920 (6 KiB): DRAM[0m
[0;32mI (310) heap_init: At 3FFB4460 len 0002BBA0 (174 KiB): DRAM[0m
[0;32mI (315) heap_init: At 3FFE0440 len 00003AE0 (14 KiB): D/IRAM[0m
[0;32mI (321) heap_init: At 3FFE4350 len 0001BCB0 (111 KiB): D/IRAM[0m
[0;32mI (326) heap_init: At 4008CDB8 len 00013248 (76 KiB): IRAM[0m
[0;32mI (333) spi_flash: detected chip: generic[0m
[0;32mI (335) spi_flash: flash io: dio[0m
[0;32mI (342) main_task: Started on CPU0[0m
[0;32mI (352) main_task: Calling app_main()[0m
[0;32mI (352) gpio: GPIO[6]| InputEn: 1| OutputEn: 0| OpenDrain: 0| Pullup: 1| Pulldown: 0| Intr:1 [0m
ets Jul 29 2019 12:21:46

rst:0x8 (TG1WDT_SYS_RESET),boot:0x13 (SPI_FAST_FLASH_BOOT)
configsip: 0, SPIWP:0xee
clk_drv:0x00,q_drv:0x00,d_drv:0x00,cs0_drv:0x00,hd_drv:0x00,wp_drv:0x00
mode:DIO, clock div:2
load:0x3fff0030,len:6276
load:0x40078000,len:15716
load:0x40080400,len:4
ho 8 tail 4 room 4
load:0x40080404,len:3860
entry 0x4008063c
[0;32mI (61) boot: ESP-IDF v5.4 2nd stage bootloader[0m
[0;32mI (61) boot: compile time Jan 30 2025 17:43:05[0m
[0;32mI (61) boot: Multicore bootloader[0m
[0;32mI (63) boot: chip revision: v3.1[0m
[0;32mI (66) boot.esp32: SPI Speed      : 40MHz[0m
[0;32mI (70) boot.esp32: SPI Mode       : DIO[0m
[0;32mI (73) boot.esp32: SPI Flash Size : 4MB[0m
[0;33mW (77) boot.esp32: PRO CPU has been reset by WDT[0m
[0;33mW (81) boot.esp32: WDT rst info: PRO CPU PC=0x400819e9[0m
[0;33mW (86) boot.esp32: WDT rst info: APP CPU PC=0x4008cc1f[0m
[0;32mI (91) boot: Enabling RNG early entropy source...[0m
[0;32mI (96) boot: Partition Table:[0m
[0;32mI (98) boot: ## Label            Usage          Type ST Offset   Length[0m
[0;32mI (105) boot:  0 nvs              WiFi data        01 02 00009000 00006000[0m
[0;32mI (111) boot:  1 phy_init         RF data          01 01 0000f000 00001000[0m
[0;32mI (118) boot:  2 factory          factory app      00 00 00010000 00100000[0m
[0;32mI (124) boot: End of partition table[0m
[0;32mI (128) esp_image: segment 0: paddr=00010020 vaddr=3f400020 size=0e7f0h ( 59376) map[0m
[0;32mI (156) esp_image: segment 1: paddr=0001e818 vaddr=3ff80000 size=0001ch (    28) load[0m
[0;32mI (156) esp_image: segment 2: paddr=0001e83c vaddr=3ffb0000 size=017dch (  6108) load[0m
[0;32mI (162) esp_image: segment 3: paddr=00020020 vaddr=400d0020 size=43e40h (278080) map[0m
[0;32mI (262) esp_image: segment 4: paddr=00063e68 vaddr=3ffb17dc size=00ca0h (  3232) load[0m
[0;32mI (263) esp_image: segment 5: paddr=00064b10 vaddr=40080000 size=0cdb8h ( 52664) load[0m
[0;32mI (293) boot: Loaded app from partition at offset 0x10000[0m
[0;32mI (293) boot: Disabling RNG early entropy source...[0m
[0;32mI (303) cpu_start: Multicore app[0m
[0;32mI (311) cpu_start: Pro cpu start user code[0m
[0;32mI (311) cpu_start: cpu freq: 160000000 Hz[0m
[0;32mI (312) app_init: Application information:[0m
[0;32mI (312) app_init: Project name:     ESP[0m
[0;32mI (315) app_init: App version:      2419ff5-dirty[0m
[0;32mI (320) app_init: Compile time:     Jan 30 2025 17:42:50[0m
[0;32mI (325) app_init: ELF file SHA256:  f98331d3d...[0m
[0;32mI (329) app_init: ESP-IDF:          v5.4[0m
[0;32mI (333) efuse_init: Min chip rev:     v0.0[0m
[0;32mI (336) efuse_init: Max chip rev:     v3.99 [0m
[0;32mI (340) efuse_init: Chip rev:         v3.1[0m
[0;32mI (344) heap_init: Initializing. RAM available for dynamic allocation:[0m
[0;32mI (351) heap_init: At 3FFAE6E0 len 00001920 (6 KiB): DRAM[0m
[0;32mI (356) heap_init: At 3FFB4460 len 0002BBA0 (174 KiB): DRAM[0m
[0;32mI (361) heap_init: At 3FFE0440 len 00003AE0 (14 KiB): D/IRAM[0m
[0;32mI (366) heap_init: At 3FFE4350 len 0001BCB0 (111 KiB): D/IRAM[0m
[0;32mI (372) heap_init: At 4008CDB8 len 00013248 (76 KiB): IRAM[0m
[0;32mI (378) spi_flash: detected chip: generic[0m
[0;32mI (381) spi_flash: flash io: dio[0m
[0;32mI (387) main_task: Started on CPU0[0m
[0;32mI (397) main_task: Calling app_main()[0m
[0;32mI (397) gpio: GPIO[6]| InputEn: 1| OutputEn: 0| OpenDrain: 0| Pullup: 1| Pulldown: 0| Intr:1 [0m
ets Jul 29 2019 12:21:46

rst:0x8 (TG1WDT_SYS_RESET),boot:0x13 (SPI_FAST_FLASH_BOOT)
configsip: 0, SPIWP:0xee
clk_drv:0x00,q_drv:0x00,d_drv:0x00,cs0_drv:0x00,hd_drv:0x00,wp_drv:0x00
mode:DIO, clock div:2
load:0x3fff0030,len:6276
load:0x40078000,len:15716
load:0x40080400,len:4
ho 8 tail 4 room 4
load:0x40080404,len:3860
entry 0x4008063c
[0;32mI (61) boot: ESP-IDF v5.4 2nd stage bootloader[0m
[0;32mI (61) boot: compile time Jan 30 2025 17:43:05[0m
[0;32mI (61) boot: Multicore bootloader[0m
[0;32mI (63) boot: chip revision: v3.1[0m
[0;32mI (66) boot.esp32: SPI Speed      : 40MHz[0m
[0;32mI (70) boot.esp32: SPI Mode       : DIO[0m
[0;32mI (73) boot.esp32: SPI Flash Size : 4MB[0m
[0;33mW (77) boot.esp32: PRO CPU has been reset by WDT[0m
[0;33mW (81) boot.esp32: WDT rst info: PRO CPU PC=0x400819e9[0m
[0;33mW (86) boot.esp32: WDT rst info: APP CPU PC=0x4008cc0e[0m
[0;32mI (91) boot: Enabling RNG early entropy source...[0m
[0;32mI (96) boot: Partition Table:[0m
[0;32mI (98) boot: ## Label            Usage          Type ST Offset   Length[0m
[0;32mI (105) boot:  0 nvs              WiFi data        01 02 00009000 00006000[0m
[0;32mI (111) boot:  1 phy_init         RF data          01 01 0000f000 00001000[0m
[0;32mI (118) boot:  2 factory          factory app      00 00 00010000 00100000[0m
[0;32mI (124) boot: End of partition table[0m
[0;32mI (128) esp_image: segment 0: paddr=00010020 vaddr=3f400020 size=0e7f0h ( 59376) map[0m
[0;32mI (156) esp_image: segment 1: paddr=0001e818 vaddr=3ff80000 size=0001ch (    28) load[0m
[0;32mI (156) esp_image: segment 2: paddr=0001e83c vaddr=3ffb0000 size=017dch (  6108) load[0m
[0;32mI (162) esp_image: segment 3: paddr=00020020 vaddr=400d0020 size=43e40h (278080) map[0m
[0;32mI (262) esp_image: segment 4: paddr=00063e68 vaddr=3ffb17dc size=00ca0h (  3232) load[0m
[0;32mI (263) esp_image: segment 5: paddr=00064b10 vaddr=40080000 size=0cdb8h ( 52664) load[0m
[0;32mI (293) boot: Loaded app from partition at offset 0x10000[0m
[0;32mI (293) boot: Disabling RNG early entropy source...[0m
[0;32mI (303) cpu_start: Multicore app[0m
[0;32mI (311) cpu_start: Pro cpu start user code[0m
[0;32mI (311) cpu_start: cpu freq: 160000000 Hz[0m
[0;32mI (312) app_init: Application information:[0m
[0;32mI (312) app_init: Project name:     ESP[0m
[0;32mI (315) app_init: App version:      2419ff5-dirty[0m
[0;32mI (320) app_init: Compile time:     Jan 30 2025 17:42:50[0m
[0;32mI (325) app_init: ELF file SHA256:  f98331d3d...[0m
[0;32mI (329) app_init: ESP-IDF:          v5.4[0m
[0;32mI (333) efuse_init: Min chip rev:     v0.0[0m
[0;32mI (336) efuse_init: Max chip rev:     v3.99 [0m
[0;32mI (340) efuse_init: Chip rev:         v3.1[0m
[0;32mI (345) heap_init: Initializing. RAM available for dynamic allocation:[0m
[0;32mI (351) heap_init: At 3FFAE6E0 len 00001920 (6 KiB): DRAM[0m
[0;32mI (356) heap_init: At 3FFB4460 len 0002BBA0 (174 KiB): DRAM[0m
[0;32mI (361) heap_init: At 3FFE0440 len 00003AE0 (14 KiB): D/IRAM[0m
[0;32mI (366) heap_init: At 3FFE4350 len 0001BCB0 (111 KiB): D/IRAM[0m
[0;32mI (372) heap_init: At 4008CDB8 len 00013248 (76 KiB): IRAM[0m
[0;32mI (378) spi_flash: detected chip: generic[0m
[0;32mI (381) spi_flash: flash io: dio[0m
[0;32mI (387) main_task: Started on CPU0[0m
[0;32mI (397) main_task: Calling app_main()[0m
[0;32mI (397) gpio: GPIO[6]| InputEn: 1| OutputEn: 0| OpenDrain: 0| Pullup: 1| Pulldown: 0| Intr:1 [0m
ets Jul 29 2019 12:21:46

rst:0x8 (TG1WDT_SYS_RESET),boot:0x13 (SPI_FAST_FLASH_BOOT)
configsip: 0, SPIWP:0xee
clk_drv:0x00,q_drv:0x00,d_drv:0x00,cs0_drv:0x00,hd_drv:0x00,wp_drv:0x00
mode:DIO, clock div:2
load:0x3fff0030,len:6276
load:0x40078000,len:15716
load:0x40080400,len:4
ho 8 tail 4 room 4
load:0x40080404,len:3860
entry 0x4008063c
[0;32mI (61) boot: ESP-IDF v5.4 2nd stage bootloader[0m
[0;32mI (61) boot: compile time Jan 30 2025 17:43:05[0m
[0;32mI (61) boot: Multicore bootloader[0m
[0;32mI (63) boot: chip revision: v3.1[0m
[0;32mI (66) boot.esp32: SPI Speed      : 40MHz[0m
[0;32mI (70) boot.esp32: SPI Mode       : DIO[0m
[0;32mI (73) boot.esp32: SPI Flash Size : 4MB[0m
[0;33mW (77) boot.esp32: PRO CPU has been reset by WDT[0m
[0;33mW (81) boot.esp32: WDT rst info: PRO CPU PC=0x400819e9[0m
[0;33mW (86) boot.esp32: WDT rst info: APP CPU PC=0x4008cc06[0m
[0;32mI (91) boot: Enabling RNG early entropy source...[0m
[0;32mI (96) boot: Partition Table:[0m
[0;32mI (98) boot: ## Label            Usage          Type ST Offset   Length[0m
[0;32mI (105) boot:  0 nvs              WiFi data        01 02 00009000 00006000[0m
[0;32mI (111) boot:  1 phy_init         RF data          01 01 0000f000 00001000[0m
[0;32mI (118) boot:  2 factory          factory app      00 00 00010000 00100000[0m
[0;32mI (124) boot: End of partition table[0m
[0;32mI (128) esp_image: segment 0: paddr=00010020 vaddr=3f400020 size=0e7f0h ( 59376) map[0m
[0;32mI (156) esp_image: segment 1: paddr=0001e818 vaddr=3ff80000 size=0001ch (    28) load[0m
[0;32mI (156) esp_image: segment 2: paddr=0001e83c vaddr=3ffb0000 size=017dch (  6108) load[0m
[0;32mI (162) esp_image: segment 3: paddr=00020020 vaddr=400d0020 size=43e40h (278080) map[0m
[0;32mI (262) esp_image: segment 4: paddr=00063e68 vaddr=3ffb17dc size=00ca0h (  3232) load[0m
[0;32mI (263) esp_image: segment 5: paddr=00064b10 vaddr=40080000 size=0cdb8h ( 52664) load[0m
[0;32mI (293) boot: Loaded app from partition at offset 0x10000[0m
[0;32mI (293) boot: Disabling RNG early entropy source...[0m
[0;32mI (303) cpu_start: Multicore app[0m
[0;32mI (311) cpu_start: Pro cpu start user code[0m
[0;32mI (311) cpu_start: cpu freq: 160000000 Hz[0m
[0;32mI (312) app_init: Application information:[0m
[0;32mI (312) app_init: Project name:     ESP[0m
[0;32mI (315) app_init: App version:      2419ff5-dirty[0m
[0;32mI (320) app_init: Compile time:     Jan 30 2025 17:42:50[0m
[0;32mI (325) app_init: ELF file SHA256:  f98331d3d...[0m
[0;32mI (329) app_init: ESP-IDF:          v5.4[0m
[0;32mI (333) efuse_init: Min chip rev:     v0.0[0m
[0;32mI (336) efuse_init: Max chip rev:     v3.99 [0m
[0;32mI (340) efuse_init: Chip rev:         v3.1[0m
[0;32mI (344) heap_init: Initializing. RAM available for dynamic allocation:[0m
[0;32mI (351) heap_init: At 3FFAE6E0 len 00001920 (6 KiB): DRAM[0m
[0;32mI (356) heap_init: At 3FFB4460 len 0002BBA0 (174 KiB): DRAM[0m
[0;32mI (361) heap_init: At 3FFE0440 len 00003AE0 (14 KiB): D/IRAM[0m
[0;32mI (366) heap_init: At 3FFE4350 len 0001BCB0 (111 KiB): D/IRAM[0m
[0;32mI (372) heap_init: At 4008CDB8 len 00013248 (76 KiB): IRAM[0m
[0;32mI (378) spi_flash: detected chip: generic[0m
[0;32mI (381) spi_flash: flash io: dio[0m
[0;32mI (387) main_task: Started on CPU0[0m
[0;32mI (397) main_task: Calling app_main()[0m
[0;32mI (397) gpio: GPIO[6]| InputEn: 1| OutputEn: 0| OpenDrain: 0| Pullup: 1| Pulldown: 0| Intr:1 [0m
ets Jul 29 2019 12:21:46

rst:0x8 (TG1WDT_SYS_RESET),boot:0x13 (SPI_FAST_FLASH_BOOT)
configsip: 0, SPIWP:0xee
clk_drv:0x00,q_drv:0x00,d_drv:0x00,cs0_drv:0x00,hd_drv:0x00,wp_drv:0x00
mode:DIO, clock div:2
load:0x3fff0030,len:6276
load:0x40078000,len:15716
load:0x40080400,len:4
ho 8 tail 4 room 4
load:0x40080404,len:3860
entry 0x4008063c
[0;32mI (61) boot: ESP-IDF v5.4 2nd stage bootloader[0m
[0;32mI (61) boot: compile time Jan 30 2025 17:43:05[0m
[0;32mI (61) boot: Multicore bootloader[0m
[0;32mI (63) boot: chip revision: v3.1[0m
[0;32mI (66) boot.esp32: SPI Speed      : 40MHz[0m
[0;32mI (70) boot.esp32: SPI Mode       : DIO[0m
[0;32mI (73) boot.esp32: SPI Flash Size : 4MB[0m
[0;33mW (77) boot.esp32: PRO CPU has been reset by WDT[0m
[0;33mW (81) boot.esp32: WDT rst info: PRO CPU PC=0x400819e9[0m
[0;33mW (86) boot.esp32: WDT rst info: APP CPU PC=0x4008cc0e[0m
[0;32mI (91) boot: Enabling RNG early entropy source...[0m
[0;32mI (96) boot: Partition Table:[0m
[0;32mI (98) boot: ## Label            Usage          Type ST Offset   Length[0m
[0;32mI (105) boot:  0 nvs              WiFi data        01 02 00009000 00006000[0m
[0;32mI (111) boot:  1 phy_init         RF data          01 01 0000f000 00001000[0m
[0;32mI (118) boot:  2 factory          factory app      00 00 00010000 00100000[0m
[0;32mI (124) boot: End of partition table[0m
[0;32mI (128) esp_image: segment 0: paddr=00010020 vaddr=3f400020 size=0e7f0h ( 59376) map[0m
[0;32mI (156) esp_image: segment 1: paddr=0001e818 vaddr=3ff80000 size=0001ch (    28) load[0m
[0;32mI (156) esp_image: segment 2: paddr=0001e83c vaddr=3ffb0000 size=017dch (  6108) load[0m
[0;32mI (162) esp_image: segment 3: paddr=00020020 vaddr=400d0020 size=43e40h (278080) map[0m
[0;32mI (262) esp_image: segment 4: paddr=00063e68 vaddr=3ffb17dc size=00ca0h (  3232) load[0m
[0;32mI (263) esp_image: segment 5: paddr=00064b10 vaddr=40080000 size=0cdb8h ( 52664) load[0m
[0;32mI (293) boot: Loaded app from partition at offset 0x10000[0m
[0;32mI (293) boot: Disabling RNG early entropy source...[0m
[0;32mI (303) cpu_start: Multicore app[0m
[0;32mI (311) cpu_start: Pro cpu start user code[0m
[0;32mI (311) cpu_start: cpu freq: 160000000 Hz[0m
[0;32mI (312) app_init: Application information:[0m
[0;32mI (312) app_init: Project name:     ESP[0m
[0;32mI (315) app_init: App version:      2419ff5-dirty[0m
[0;32mI (320) app_init: Compile time:     Jan 30 2025 17:42:50[0m
[0;32mI (325) app_init: ELF file SHA256:  f98331d3d...[0m
[0;32mI (329) app_init: ESP-IDF:          v5.4[0m
[0;32mI (333) efuse_init: Min chip rev:     v0.0[0m
[0;32mI (336) efuse_init: Max chip rev:     v3.99 [0m
[0;32mI (340) efuse_init: Chip rev:         v3.1[0m
[0;32mI (345) heap_init: Initializing. RAM available for dynamic allocation:[0m
[0;32mI (351) heap_init: At 3FFAE6E0 len 00001920 (6 KiB): DRAM[0m
[0;32mI (356) heap_init: At 3FFB4460 len 0002BBA0 (174 KiB): DRAM[0m
[0;32mI (361) heap_init: At 3FFE0440 len 00003AE0 (14 KiB): D/IRAM[0m
[0;32mI (366) heap_init: At 3FFE4350 len 0001BCB0 (111 KiB): D/IRAM[0m
[0;32mI (372) heap_init: At 4008CDB8 len 00013248 (76 KiB): IRAM[0m
[0;32mI (378) spi_flash: detected chip: generic[0m
[0;32mI (381) spi_flash: flash io: dio[0m
[0;32mI (387) main_task: Started on CPU0[0m
[0;32mI (397) main_task: Calling app_main()[0m
[0;32mI (397) gpio: GPIO[6]| InputEn: 1| OutputEn: 0| OpenDrain: 0| Pullup: 1| Pulldown: 0| Intr:1 [0m
ets Jul 29 2019 12:21:46

rst:0x8 (TG1WDT_SYS_RESET),boot:0x13 (SPI_FAST_FLASH_BOOT)
configsip: 0, SPIWP:0xee
clk_drv:0x00,q_drv:0x00,d_drv:0x00,cs0_drv:0x00,hd_drv:0x00,wp_drv:0x00
mode:DIO, clock div:2
load:0x3fff0030,len:6276
load:0x40078000,len:15716
load:0x40080400,len:4
ho 8 tail 4 room 4
load:0x40080404,len:3860
entry 0x4008063c
[0;32mI (61) boot: ESP-IDF v5.4 2nd stage bootloader[0m
[0;32mI (61) boot: compile time Jan 30 2025 17:43:05[0m
[0;32mI (61) boot: Multicore bootloader[0m
[0;32mI (63) boot: chip revision: v3.1[0m
[0;32mI (66) boot.esp32: SPI Speed      : 40MHz[0m
[0;32mI (70) boot.esp32: SPI Mode       : DIO[0m
[0;32mI (73) boot.esp32: SPI Flash Size : 4MB[0m
[0;33mW (77) boot.esp32: PRO CPU has been reset by WDT[0m
[0;33mW (81) boot.esp32: WDT rst info: PRO CPU PC=0x400819e9[0m
[0;33mW (86) boot.esp32: WDT rst info: APP CPU PC=0x4008cc06[0m
[0;32mI (91) boot: Enabling RNG early entropy source...[0m
[0;32mI (96) boot: Partition Table:[0m
[0;32mI (98) boot: ## Label            Usage          Type ST Offset   Length[0m
[0;32mI (105) boot:  0 nvs              WiFi data        01 02 00009000 00006000[0m
[0;32mI (111) boot:  1 phy_init         RF data          01 01 0000f000 00001000[0m
[0;32mI (118) boot:  2 factory          factory app      00 00 00010000 00100000[0m
[0;32mI (124) boot: End of partition table[0m
[0;32mI (128) esp_image: segment 0: paddr=00010020 vaddr=3f400020 size=0e7f0h ( 59376) map[0m
[0;32mI (156) esp_image: segment 1: paddr=0001e818 vaddr=3ff80000 size=0001ch (    28) load[0m
[0;32mI (156) esp_image: segment 2: paddr=0001e83c vaddr=3ffb0000 size=017dch (  6108) load[0m
[0;32mI (162) esp_image: segment 3: paddr=00020020 vaddr=400d0020 size=43e40h (278080) map[0m
[0;32mI (262) esp_image: segment 4: paddr=00063e68 vaddr=3ffb17dc size=00ca0h (  3232) load[0m
[0;32mI (263) esp_image: segment 5: paddr=00064b10 vaddr=40080000 size=0cdb8h ( 52664) load[0m
[0;32mI (293) boot: Loaded app from partition at offset 0x10000[0m
[0;32mI (293) boot: Disabling RNG early entropy source...[0m
[0;32mI (303) cpu_start: Multicore app[0m
[0;32mI (311) cpu_start: Pro cpu start user code[0m
[0;32mI (311) cpu_start: cpu freq: 160000000 Hz[0m
[0;32mI (312) app_init: Application information:[0m
[0;32mI (312) app_init: Project name:     ESP[0m
[0;32mI (315) app_init: App version:      2419ff5-dirty[0m
[0;32mI (320) app_init: Compile time:     Jan 30 2025 17:42:50[0m
[0;32mI (325) app_init: ELF file SHA256:  f98331d3d...[0m
[0;32mI (329) app_init: ESP-IDF:          v5.4[0m
[0;32mI (333) efuse_init: Min chip rev:     v0.0[0m
[0;32mI (336) efuse_init: Max chip rev:     v3.99 [0m
[0;32mI (340) efuse_init: Chip rev:         v3.1[0m
[0;32mI (345) heap_init: Initializing. RAM available for dynamic allocation:[0m
[0;32mI (351) heap_init: At 3FFAE6E0 len 00001920 (6 KiB): DRAM[0m
[0;32mI (356) heap_init: At 3FFB4460 len 0002BBA0 (174 KiB): DRAM[0m
[0;32mI (361) heap_init: At 3FFE0440 len 00003AE0 (14 KiB): D/IRAM[0m
[0;32mI (366) heap_init: At 3FFE4350 len 0001BCB0 (111 KiB): D/IRAM[0m
[0;32mI (372) heap_init: At 4008CDB8 len 00013248 (76 KiB): IRAM[0m
[0;32mI (378) spi_flash: detected chip: generic[0m
[0;32mI (381) spi_flash: flash io: dio[0m
[0;32mI (387) main_task: Started on CPU0[0m
[0;32mI (397) main_task: Calling app_main()[0m
[0;32mI (397) gpio: GPIO[6]| InputEn: 1| OutputEn: 0| OpenDrain: 0| Pullup: 1| Pulldown: 0| Intr:1 [0m
ets Jul 29 2019 12:21:46

rst:0x8 (TG1WDT_SYS_RESET),boot:0x13 (SPI_FAST_FLASH_BOOT)
configsip: 0, SPIWP:0xee
clk_drv:0x00,q_drv:0x00,d_drv:0x00,cs0_drv:0x00,hd_drv:0x00,wp_drv:0x00
mode:DIO, clock div:2
load:0x3fff0030,len:6276
load:0x40078000,len:15716
load:0x40080400,len:4
ho 8 tail 4 room 4
load:0x40080404,len:3860
entry 0x4008063c
[0;32mI (61) boot: ESP-IDF v5.4 2nd stage bootloader[0m
[0;32mI (61) boot: compile time Jan 30 2025 17:43:05[0m
[0;32mI (61) boot: Multicore bootloader[0m
[0;32mI (63) boot: chip revision: v3.1[0m
[0;32mI (66) boot.esp32: SPI Speed      : 40MHz[0m
[0;32mI (70) boot.esp32: SPI Mode       : DIO[0m
[0;32mI (73) boot.esp32: SPI Flash Size : 4MB[0m
[0;33mW (77) boot.esp32: PRO CPU has been reset by WDT[0m
[0;33mW (81) boot.esp32: WDT rst info: PRO CPU PC=0x400819e9[0m
[0;33mW (86) boot.esp32: WDT rst info: APP CPU PC=0x4008cc06[0m
[0;32mI (91) boot: Enabling RNG early entropy source...[0m
[0;32mI (96) boot: Partition Table:[0m
[0;32mI (98) boot: ## Label            Usage          Type ST Offset   Length[0m
[0;32mI (105) boot:  0 nvs              WiFi data        01 02 00009000 00006000[0m
[0;32mI (111) boot:  1 phy_init         RF data          01 01 0000f000 00001000[0m
[0;32mI (118) boot:  2 factory          factory app      00 00 00010000 00100000[0m
[0;32mI (124) boot: End of partition table[0m
[0;32mI (128) esp_image: segment 0: paddr=00010020 vaddr=3f400020 size=0e7f0h ( 59376) map[0m
[0;32mI (156) esp_image: segment 1: paddr=0001e818 vaddr=3ff80000 size=0001ch (    28) load[0m
[0;32mI (156) esp_image: segment 2: paddr=0001e83c vaddr=3ffb0000 size=017dch (  6108) load[0m
[0;32mI (162) esp_image: segment 3: paddr=00020020 vaddr=400d0020 size=43e40h (278080) map[0m
[0;32mI (262) esp_image: segment 4: paddr=00063e68 vaddr=3ffb17dc size=00ca0h (  3232) load[0m
[0;32mI (263) esp_image: segment 5: paddr=00064b10 vaddr=40080000 size=0cdb8h ( 52664) load[0m
[0;32mI (293) boot: Loaded app from partition at offset 0x10000[0m
[0;32mI (293) boot: Disabling RNG early entropy source...[0m
[0;32mI (303) cpu_start: Multicore app[0m
[0;32mI (311) cpu_start: Pro cpu start user code[0m
[0;32mI (311) cpu_start: cpu freq: 160000000 Hz[0m
[0;32mI (312) app_init: Application information:[0m
[0;32mI (312) app_init: Project name:     ESP[0m
[0;32mI (315) app_init: App version:      2419ff5-dirty[0m
[0;32mI (320) app_init: Compile time:     Jan 30 2025 17:42:50[0m
[0;32mI (325) app_init: ELF file SHA256:  f98331d3d...[0m
[0;32mI (329) app_init: ESP-IDF:          v5.4[0m
[0;32mI (333) efuse_init: Min chip rev:     v0.0[0m
[0;32mI (336) efuse_init: Max chip rev:     v3.99 [0m
[0;32mI (340) efuse_init: Chip rev:         v3.1[0m
[0;32mI (345) heap_init: Initializing. RAM available for dynamic allocation:[0m
[0;32mI (351) heap_init: At 3FFAE6E0 len 00001920 (6 KiB): DRAM[0m
[0;32mI (356) heap_init: At 3FFB4460 len 0002BBA0 (174 KiB): DRAM[0m
[0;32mI (361) heap_init: At 3FFE0440 len 00003AE0 (14 KiB): D/IRAM[0m
[0;32mI (366) heap_init: At 3FFE4350 len 0001BCB0 (111 KiB): D/IRAM[0m
[0;32mI (372) heap_init: At 4008CDB8 len 00013248 (76 KiB): IRAM[0m
[0;32mI (378) spi_flash: detected chip: generic[0m
[0;32mI (381) spi_flash: flash io: dio[0m
[0;32mI (387) main_task: Started on CPU0[0m
[0;32mI (397) main_task: Calling app_main()[0m
[0;32mI (397) gpio: GPIO[6]| InputEn: 1| OutputEn: 0| OpenDrain: 0| Pullup: 1| Pulldown: 0| Intr:1 [0m
ets Jul 29 2019 12:21:46

rst:0x8 (TG1WDT_SYS_RESET),boot:0x13 (SPI_FAST_FLASH_BOOT)
configsip: 0, SPIWP:0xee
clk_drv:0x00,q_drv:0x00,d_drv:0x00,cs0_drv:0x00,hd_drv:0x00,wp_drv:0x00
mode:DIO, clock div:2
load:0x3fff0030,len:6276
load:0x40078000,len:15716
load:0x40080400,len:4
ho 8 tail 4 room 4
load:0x40080404,len:3860
entry 0x4008063c
[0;32mI (61) boot: ESP-IDF v5.4 2nd stage bootloader[0m
[0;32mI (61) boot: compile time Jan 30 2025 17:43:05[0m
[0;32mI (61) boot: Multicore bootloader[0m
[0;32mI (63) boot: chip revision: v3.1[0m
[0;32mI (66) boot.esp32: SPI Speed      : 40MHz[0m
[0;32mI (70) boot.esp32: SPI Mode       : DIO[0m
[0;32mI (73) boot.esp32: SPI Flash Size : 4MB[0m
[0;33mW (77) boot.esp32: PRO CPU has been reset by WDT[0m
[0;33mW (81) boot.esp32: WDT rst info: PRO CPU PC=0x400819e9[0m
[0;33mW (86) boot.esp32: WDT rst info: APP CPU PC=0x4008cc0e[0m
[0;32mI (91) boot: Enabling RNG early entropy source...[0m
[0;32mI (96) boot: Partition Table:[0m
[0;32mI (98) boot: ## Label            Usage          Type ST Offset   Length[0m
[0;32mI (105) boot:  0 nvs              WiFi data        01 02 00009000 00006000[0m
[0;32mI (111) boot:  1 phy_init         RF data          01 01 0000f000 00001000[0m
[0;32mI (118) boot:  2 factory          factory app      00 00 00010000 00100000[0m
[0;32mI (124) boot: End of partition table[0m
[0;32mI (128) esp_image: segment 0: paddr=00010020 vaddr=3f400020 size=0e7f0h ( 59376) map[0m
[0;32mI (156) esp_image: segment 1: paddr=0001e818 vaddr=3ff80000 size=0001ch (    28) load[0m
[0;32mI (156) esp_image: segment 2: paddr=0001e83c vaddr=3ffb0000 size=017dch (  6108) load[0m
[0;32mI (162) esp_image: segment 3: paddr=00020020 vaddr=400d0020 size=43e40h (278080) map[0m
[0;32mI (262) esp_image: segment 4: paddr=00063e68 vaddr=3ffb17dc size=00ca0h (  3232) load[0m
[0;32mI (263) esp_image: segment 5: paddr=00064b10 vaddr=40080000 size=0cdb8h ( 52664) load[0m
[0;32mI (293) boot: Loaded app from partition at offset 0x10000[0m
[0;32mI (293) boot: Disabling RNG early entropy source...[0m
[0;32mI (303) cpu_start: Multicore app[0m
[0;32mI (311) cpu_start: Pro cpu start user code[0m
[0;32mI (311) cpu_start: cpu freq: 160000000 Hz[0m
[0;32mI (312) app_init: Application information:[0m
[0;32mI (312) app_init: Project name:     ESP[0m
[0;32mI (315) app_init: App version:      2419ff5-dirty[0m
[0;32mI (320) app_init: Compile time:     Jan 30 2025 17:42:50[0m
[0;32mI (325) app_init: ELF file SHA256:  f98331d3d...[0m
[0;32mI (329) app_init: ESP-IDF:          v5.4[0m
[0;32mI (333) efuse_init: Min chip rev:     v0.0[0m
[0;32mI (336) efuse_init: Max chip rev:     v3.99 [0m
[0;32mI (340) efuse_init: Chip rev:         v3.1[0m
[0;32mI (345) heap_init: Initializing. RAM available for dynamic allocation:[0m
[0;32mI (351) heap_init: At 3FFAE6E0 len 00001920 (6 KiB): DRAM[0m
[0;32mI (356) heap_init: At 3FFB4460 len 0002BBA0 (174 KiB): DRAM[0m
[0;32mI (361) heap_init: At 3FFE0440 len 00003AE0 (14 KiB): D/IRAM[0m
[0;32mI (366) heap_init: At 3FFE4350 len 0001BCB0 (111 KiB): D/IRAM[0m
[0;32mI (372) heap_init: At 4008CDB8 len 00013248 (76 KiB): IRAM[0m
[0;32mI (378) spi_flash: detected chip: generic[0m
[0;32mI (381) spi_flash: flash io: dio[0m
[0;32mI (387) main_task: Started on CPU0[0m
[0;32mI (397) main_task: Calling app_main()[0m
[0;32mI (397) gpio: GPIO[6]| InputEn: 1| OutputEn: 0| OpenDrain: 0| Pullup: 1| Pulldown: 0| Intr:1 [0m
ets Jul 29 2019 12:21:46

rst:0x8 (TG1WDT_SYS_RESET),boot:0x13 (SPI_FAST_FLASH_BOOT)
configsip: 0, SPIWP:0xee
clk_drv:0x00,q_drv:0x00,d_drv:0x00,cs0_drv:0x00,hd_drv:0x00,wp_drv:0x00
mode:DIO, clock div:2
load:0x3fff0030,len:6276
load:0x40078000,len:15716
load:0x40080400,len:4
ho 8 tail 4 room 4
load:0x40080404,len:3860
entry 0x4008063c
[0;32mI (61) boot: ESP-IDF v5.4 2nd stage bootloader[0m
[0;32mI (61) boot: compile time Jan 30 2025 17:43:05[0m
[0;32mI (61) boot: Multicore bootloader[0m
[0;32mI (63) boot: chip revision: v3.1[0m
[0;32mI (66) boot.esp32: SPI Speed      : 40MHz[0m
[0;32mI (70) boot.esp32: SPI Mode       : DIO[0m
[0;32mI (73) boot.esp32: SPI Flash Size : 4MB[0m
[0;33mW (77) boot.esp32: PRO CPU has been reset by WDT[0m
[0;33mW (81) boot.esp32: WDT rst info: PRO CPU PC=0x400819e9[0m
[0;33mW (86) boot.esp32: WDT rst info: APP CPU PC=0x4008cc06[0m
[0;32mI (91) boot: Enabling RNG early entropy source...[0m
[0;32mI (96) boot: Partition Table:[0m
[0;32mI (98) boot: ## Label            Usage          Type ST Offset   Length[0m
[0;32mI (105) boot:  0 nvs              WiFi data        01 02 00009000 00006000[0m
[0;32mI (111) boot:  1 phy_init         RF data          01 01 0000f000 00001000[0m
[0;32mI (118) boot:  2 factory          factory app      00 00 00010000 00100000[0m
[0;32mI (124) boot: End of partition table[0m
[0;32mI (128) esp_image: segment 0: paddr=00010020 vaddr=3f400020 size=0e7f0h ( 59376) map[0m
[0;32mI (156) esp_image: segment 1: paddr=0001e818 vaddr=3ff80000 size=0001ch (    28) load[0m
[0;32mI (156) esp_image: segment 2: paddr=0001e83c vaddr=3ffb0000 size=017dch (  6108) load[0m
[0;32mI (162) esp_image: segment 3: paddr=00020020 vaddr=400d0020 size=43e40h (278080) map[0m
[0;32mI (262) esp_image: segment 4: paddr=00063e68 vaddr=3ffb17dc size=00ca0h (  3232) load[0m
[0;32mI (263) esp_image: segment 5: paddr=00064b10 vaddr=40080000 size=0cdb8h ( 52664) load[0m
[0;32mI (293) boot: Loaded app from partition at offset 0x10000[0m
[0;32mI (293) boot: Disabling RNG early entropy source...[0m
[0;32mI (303) cpu_start: Multicore app[0m
[0;32mI (311) cpu_start: Pro cpu start user code[0m
[0;32mI (311) cpu_start: cpu freq: 160000000 Hz[0m
[0;32mI (312) app_init: Application information:[0m
[0;32mI (312) app_init: Project name:     ESP[0m
[0;32mI (315) app_init: App version:      2419ff5-dirty[0m
[0;32mI (320) app_init: Compile time:     Jan 30 2025 17:42:50[0m
[0;32mI (325) app_init: ELF file SHA256:  f98331d3d...[0m
[0;32mI (329) app_init: ESP-IDF:          v5.4[0m
[0;32mI (333) efuse_init: Min chip rev:     v0.0[0m
[0;32mI (336) efuse_init: Max chip rev:     v3.99 [0m
[0;32mI (340) efuse_init: Chip rev:         v3.1[0m
[0;32mI (345) heap_init: Initializing. RAM available for dynamic allocation:[0m
[0;32mI (351) heap_init: At 3FFAE6E0 len 00001920 (6 KiB): DRAM[0m
[0;32mI (356) heap_init: At 3FFB4460 len 0002BBA0 (174 KiB): DRAM[0m
[0;32mI (361) heap_init: At 3FFE0440 len 00003AE0 (14 KiB): D/IRAM[0m
[0;32mI (366) heap_init: At 3FFE4350 len 0001BCB0 (111 KiB): D/IRAM[0m
[0;32mI (372) heap_init: At 4008CDB8 len 00013248 (76 KiB): IRAM[0m
[0;32mI (378) spi_flash: detected chip: generic[0m
[0;32mI (381) spi_flash: flash io: dio[0m
[0;32mI (387) main_task: Started on CPU0[0m
[0;32mI (397) main_task: Calling app_main()[0m
[0;32mI (397) gpio: GPIO[6]| InputEn: 1| OutputEn: 0| OpenDrain: 0| Pullup: 1| Pulldown: 0| Intr:1 [0m
ets Jul 29 2019 12:21:46

rst:0x8 (TG1WDT_SYS_RESET),boot:0x13 (SPI_FAST_FLASH_BOOT)
configsip: 0, SPIWP:0xee
clk_drv:0x00,q_drv:0x00,d_drv:0x00,cs0_drv:0x00,hd_drv:0x00,wp_drv:0x00
mode:DIO, clock div:2
load:0x3fff0030,len:6276
load:0x40078000,len:15716
load:0x40080400,len:4
ho 8 tail 4 room 4
load:0x40080404,len:3860
entry 0x4008063c
[0;32mI (61) boot: ESP-IDF v5.4 2nd stage bootloader[0m
[0;32mI (61) boot: compile time Jan 30 2025 17:43:05[0m
[0;32mI (61) boot: Multicore bootloader[0m
[0;32mI (63) boot: chip revision: v3.1[0m
[0;32mI (66) boot.esp32: SPI Speed      : 40MHz[0m
[0;32mI (70) boot.esp32: SPI Mode       : DIO[0m
[0;32mI (73) boot.esp32: SPI Flash Size : 4MB[0m
[0;33mW (77) boot.esp32: PRO CPU has been reset by WDT[0m
[0;33mW (81) boot.esp32: WDT rst info: PRO CPU PC=0x400819e9[0m
[0;33mW (86) boot.esp32: WDT rst info: APP CPU PC=0x4008cc04[0m
[0;32mI (91) boot: Enabling RNG early entropy source...[0m
[0;32mI (96) boot: Partition Table:[0m
[0;32mI (98) boot: ## Label            Usage          Type ST Offset   Length[0m
[0;32mI (105) boot:  0 nvs              WiFi data        01 02 00009000 00006000[0m
[0;32mI (111) boot:  1 phy_init         RF data          01 01 0000f000 00001000[0m
[0;32mI (118) boot:  2 factory          factory app      00 00 00010000 00100000[0m
[0;32mI (124) boot: End of partition table[0m
[0;32mI (128) esp_image: segment 0: paddr=00010020 vaddr=3f400020 size=0e7f0h ( 59376) map[0m
[0;32mI (156) esp_image: segment 1: paddr=0001e818 vaddr=3ff80000 size=0001ch (    28) load[0m
[0;32mI (156) esp_image: segment 2: paddr=0001e83c vaddr=3ffb0000 size=017dch (  6108) load[0m
[0;32mI (162) esp_image: segment 3: paddr=00020020 vaddr=400d0020 size=43e40h (278080) map[0m
[0;32mI (262) esp_image: segment 4: paddr=00063e68 vaddr=3ffb17dc size=00ca0h (  3232) load[0m
[0;32mI (263) esp_image: segment 5: paddr=00064b10 vaddr=40080000 size=0cdb8h ( 52664) load[0m
[0;32mI (293) boot: Loaded app from partition at offset 0x10000[0m
[0;32mI (293) boot: Disabling RNG early entropy source...[0m
[0;32mI (303) cpu_start: Multicore app[0m
[0;32mI (311) cpu_start: Pro cpu start user code[0m
[0;32mI (311) cpu_start: cpu freq: 160000000 Hz[0m
[0;32mI (312) app_init: Application information:[0m
[0;32mI (312) app_init: Project name:     ESP[0m
[0;32mI (315) app_init: App version:      2419ff5-dirty[0m
[0;32mI (320) app_init: Compile time:     Jan 30 2025 17:42:50[0m
[0;32mI (325) app_init: ELF file SHA256:  f98331d3d...[0m
[0;32mI (329) app_init: ESP-IDF:          v5.4[0m
[0;32mI (333) efuse_init: Min chip rev:     v0.0[0m
[0;32mI (336) efuse_init: Max chip rev:     v3.99 [0m
[0;32mI (340) efuse_init: Chip rev:         v3.1[0m
[0;32mI (344) heap_init: Initializing. RAM available for dynamic allocation:[0m
[0;32mI (351) heap_init: At 3FFAE6E0 len 00001920 (6 KiB): DRAM[0m
[0;32mI (356) heap_init: At 3FFB4460 len 0002BBA0 (174 KiB): DRAM[0m
[0;32mI (361) heap_init: At 3FFE0440 len 00003AE0 (14 KiB): D/IRAM[0m
[0;32mI (366) heap_init: At 3FFE4350 len 0001BCB0 (111 KiB): D/IRAM[0m
[0;32mI (372) heap_init: At 4008CDB8 len 00013248 (76 KiB): IRAM[0m
[0;32mI (378) spi_flash: detected chip: generic[0m
[0;32mI (381) spi_flash: flash io: dio[0m
[0;32mI (387) main_task: Started on CPU0[0m
[0;32mI (397) main_task: Calling app_main()[0m
[0;32mI (397) gpio: GPIO[6]| InputEn: 1| OutputEn: 0| OpenDrain: 0| Pullup: 1| Pulldown: 0| Intr:1 [0m
ets Jul 29 2019 12:21:46

rst:0x8 (TG1WDT_SYS_RESET),boot:0x13 (SPI_FAST_FLASH_BOOT)
configsip: 0, SPIWP:0xee
clk_drv:0x00,q_drv:0x00,d_drv:0x00,cs0_drv:0x00,hd_drv:0x00,wp_drv:0x00
mode:DIO, clock div:2
load:0x3fff0030,len:6276
load:0x40078000,len:15716
load:0x40080400,len:4
ho 8 tail 4 room 4
load:0x40080404,len:3860
entry 0x4008063c
[0;32mI (61) boot: ESP-IDF v5.4 2nd stage bootloader[0m
[0;32mI (61) boot: compile time Jan 30 2025 17:43:05[0m
[0;32mI (61) boot: Multicore bootloader[0m
[0;32mI (63) boot: chip revision: v3.1[0m
[0;32mI (66) boot.esp32: SPI Speed      : 40MHz[0m
[0;32mI (70) boot.esp32: SPI Mode       : DIO[0m
[0;32mI (73) boot.esp32: SPI Flash Size : 4MB[0m
[0;33mW (77) boot.esp32: PRO CPU has been reset by WDT[0m
[0;33mW (81) boot.esp32: WDT rst info: PRO CPU PC=0x400819e9[0m
[0;33mW (86) boot.esp32: WDT rst info: APP CPU PC=0x4008cc0e[0m
[0;32mI (91) boot: Enabling RNG early entropy source...[0m
[0;32mI (96) boot: Partition Table:[0m
[0;32mI (98) boot: ## Label            Usage          Type ST Offset   Length[0m
[0;32mI (105) boot:  0 nvs              WiFi data        01 02 00009000 00006000[0m
[0;32mI (111) boot:  1 phy_init         RF data          01 01 0000f000 00001000[0m
[0;32mI (118) boot:  2 factory          factory app      00 00 00010000 00100000[0m
[0;32mI (124) boot: End of partition table[0m
[0;32mI (128) esp_image: segment 0: paddr=00010020 vaddr=3f400020 size=0e7f0h ( 59376) map[0m
[0;32mI (156) esp_image: segment 1: paddr=0001e818 vaddr=3ff80000 size=0001ch (    28) load[0m
[0;32mI (156) esp_image: segment 2: paddr=0001e83c vaddr=3ffb0000 size=017dch (  6108) load[0m
[0;32mI (162) esp_image: segment 3: paddr=00020020 vaddr=400d0020 size=43e40h (278080) map[0m
[0;32mI (262) esp_image: segment 4: paddr=00063e68 vaddr=3ffb17dc size=00ca0h (  3232) load[0m
[0;32mI (263) esp_image: segment 5: paddr=00064b10 vaddr=40080000 size=0cdb8h ( 52664) load[0m
[0;32mI (293) boot: Loaded app from partition at offset 0x10000[0m
[0;32mI (293) boot: Disabling RNG early entropy source...[0m
[0;32mI (303) cpu_start: Multicore app[0m
[0;32mI (311) cpu_start: Pro cpu start user code[0m
[0;32mI (311) cpu_start: cpu freq: 160000000 Hz[0m
[0;32mI (312) app_init: Application information:[0m
[0;32mI (312) app_init: Project name:     ESP[0m
[0;32mI (315) app_init: App version:      2419ff5-dirty[0m
[0;32mI (320) app_init: Compile time:     Jan 30 2025 17:42:50[0m
[0;32mI (325) app_init: ELF file SHA256:  f98331d3d...[0m
[0;32mI (329) app_init: ESP-IDF:          v5.4[0m
[0;32mI (333) efuse_init: Min chip rev:     v0.0[0m
[0;32mI (336) efuse_init: Max chip rev:     v3.99 [0m
[0;32mI (340) efuse_init: Chip rev:         v3.1[0m
[0;32mI (345) heap_init: Initializing. RAM available for dynamic allocation:[0m
[0;32mI (351) heap_init: At 3FFAE6E0 len 00001920 (6 KiB): DRAM[0m
[0;32mI (356) heap_init: At 3FFB4460 len 0002BBA0 (174 KiB): DRAM[0m
[0;32mI (361) heap_init: At 3FFE0440 len 00003AE0 (14 KiB): D/IRAM[0m
[0;32mI (366) heap_init: At 3FFE4350 len 0001BCB0 (111 KiB): D/IRAM[0m
[0;32mI (372) heap_init: At 4008CDB8 len 00013248 (76 KiB): IRAM[0m
[0;32mI (378) spi_flash: detected chip: generic[0m
[0;32mI (381) spi_flash: flash io: dio[0m
[0;32mI (387) main_task: Started on CPU0[0m
[0;32mI (397) main_task: Calling app_main()[0m
[0;32mI (397) gpio: GPIO[6]| InputEn: 1| OutputEn: 0| OpenDrain: 0| Pullup: 1| Pulldown: 0| Intr:1 [0m
ets Jul 29 2019 12:21:46

rst:0x8 (TG1WDT_SYS_RESET),boot:0x13 (SPI_FAST_FLASH_BOOT)
configsip: 0, SPIWP:0xee
clk_drv:0x00,q_drv:0x00,d_drv:0x00,cs0_drv:0x00,hd_drv:0x00,wp_drv:0x00
mode:DIO, clock div:2
load:0x3fff0030,len:6276
load:0x40078000,len:15716
load:0x40080400,len:4
ho 8 tail 4 room 4
load:0x40080404,len:3860
entry 0x4008063c
[0;32mI (61) boot: ESP-IDF v5.4 2nd stage bootloader[0m
[0;32mI (61) boot: compile time Jan 30 2025 17:43:05[0m
[0;32mI (61) boot: Multicore bootloader[0m
[0;32mI (63) boot: chip revision: v3.1[0m
[0;32mI (66) boot.esp32: SPI Speed      : 40MHz[0m
[0;32mI (70) boot.esp32: SPI Mode       : DIO[0m
[0;32mI (73) boot.esp32: SPI Flash Size : 4MB[0m
[0;33mW (77) boot.esp32: PRO CPU has been reset by WDT[0m
[0;33mW (81) boot.esp32: WDT rst info: PRO CPU PC=0x400819e9[0m
[0;33mW (86) boot.esp32: WDT rst info: APP CPU PC=0x4008cc06[0m
[0;32mI (91) boot: Enabling RNG early entropy source...[0m
[0;32mI (96) boot: Partition Table:[0m
[0;32mI (98) boot: ## Label            Usage          Type ST Offset   Length[0m
[0;32mI (105) boot:  0 nvs              WiFi data        01 02 00009000 00006000[0m
[0;32mI (111) boot:  1 phy_init         RF data          01 01 0000f000 00001000[0m
[0;32mI (118) boot:  2 factory          factory app      00 00 00010000 00100000[0m
[0;32mI (124) boot: End of partition table[0m
[0;32mI (128) esp_image: segment 0: paddr=00010020 vaddr=3f400020 size=0e7f0h ( 59376) map[0m
[0;32mI (156) esp_image: segment 1: paddr=0001e818 vaddr=3ff80000 size=0001ch (    28) load[0m
[0;32mI (156) esp_image: segment 2: paddr=0001e83c vaddr=3ffb0000 size=017dch (  6108) load[0m
[0;32mI (162) esp_image: segment 3: paddr=00020020 vaddr=400d0020 size=43e40h (278080) map[0m
[0;32mI (262) esp_image: segment 4: paddr=00063e68 vaddr=3ffb17dc size=00ca0h (  3232) load[0m
[0;32mI (263) esp_image: segment 5: paddr=00064b10 vaddr=40080000 size=0cdb8h ( 52664) load[0m
[0;32mI (293) boot: Loaded app from partition at offset 0x10000[0m
[0;32mI (293) boot: Disabling RNG early entropy source...[0m
[0;32mI (303) cpu_start: Multicore app[0m
[0;32mI (311) cpu_start: Pro cpu start user code[0m
[0;32mI (311) cpu_start: cpu freq: 160000000 Hz[0m
[0;32mI (312) app_init: Application information:[0m
[0;32mI (312) app_init: Project name:     ESP[0m
[0;32mI (315) app_init: App version:      2419ff5-dirty[0m
[0;32mI (320) app_init: Compile time:     Jan 30 2025 17:42:50[0m
[0;32mI (325) app_init: ELF file SHA256:  f98331d3d...[0m
[0;32mI (329) app_init: ESP-IDF:          v5.4[0m
[0;32mI (333) efuse_init: Min chip rev:     v0.0[0m
[0;32mI (336) efuse_init: Max chip rev:     v3.99 [0m
[0;32mI (340) efuse_init: Chip rev:         v3.1[0m
[0;32mI (345) heap_init: Initializing. RAM available for dynamic allocation:[0m
[0;32mI (351) heap_init: At 3FFAE6E0 len 00001920 (6 KiB): DRAM[0m
[0;32mI (356) heap_init: At 3FFB4460 len 0002BBA0 (174 KiB): DRAM[0m
[0;32mI (361) heap_init: At 3FFE0440 len 00003AE0 (14 KiB): D/IRAM[0m
[0;32mI (366) heap_init: At 3FFE4350 len 0001BCB0 (111 KiB): D/IRAM[0m
[0;32mI (372) heap_init: At 4008CDB8 len 00013248 (76 KiB): IRAM[0m
[0;32mI (378) spi_flash: detected chip: generic[0m
[0;32mI (381) spi_flash: flash io: dio[0m
[0;32mI (387) main_task: Started on CPU0[0m
[0;32mI (397) main_task: Calling app_main()[0m
[0;32mI (397) gpio: GPIO[6]| InputEn: 1| OutputEn: 0| OpenDrain: 0| Pullup: 1| Pulldown: 0| Intr:1 [0m
ets Jul 29 2019 12:21:46

rst:0x8 (TG1WDT_SYS_RESET),boot:0x13 (SPI_FAST_FLASH_BOOT)
configsip: 0, SPIWP:0xee
clk_drv:0x00,q_drv:0x00,d_drv:0x00,cs0_drv:0x00,hd_drv:0x00,wp_drv:0x00
mode:DIO, clock div:2
load:0x3fff0030,len:6276
load:0x40078000,len:15716
load:0x40080400,len:4
ho 8 tail 4 room 4
load:0x40080404,len:3860
entry 0x4008063c
[0;32mI (61) boot: ESP-IDF v5.4 2nd stage bootloader[0m
[0;32mI (61) boot: compile time Jan 30 2025 17:43:05[0m
[0;32mI (61) boot: Multicore bootloader[0m
[0;32mI (63) boot: chip revision: v3.1[0m
[0;32mI (66) boot.esp32: SPI Speed      : 40MHz[0m
[0;32mI (70) boot.esp32: SPI Mode       : DIO[0m
[0;32mI (73) boot.esp32: SPI Flash Size : 4MB[0m
[0;33mW (77) boot.esp32: PRO CPU has been reset by WDT[0m
[0;33mW (81) boot.esp32: WDT rst info: PRO CPU PC=0x400819e9[0m
[0;33mW (86) boot.esp32: WDT rst info: APP CPU PC=0x4008cc0a[0m
[0;32mI (91) boot: Enabling RNG early entropy source...[0m
[0;32mI (96) boot: Partition Table:[0m
[0;32mI (98) boot: ## Label            Usage          Type ST Offset   Length[0m
[0;32mI (105) boot:  0 nvs              WiFi data        01 02 00009000 00006000[0m
[0;32mI (111) boot:  1 phy_init         RF data          01 01 0000f000 00001000[0m
[0;32mI (118) boot:  2 factory          factory app      00 00 00010000 00100000[0m
[0;32mI (124) boot: End of partition table[0m
[0;32mI (128) esp_image: segment 0: paddr=00010020 vaddr=3f400020 size=0e7f0h ( 59376) map[0m
[0;32mI (156) esp_image: segment 1: paddr=0001e818 vaddr=3ff80000 size=0001ch (    28) load[0m
[0;32mI (156) esp_image: segment 2: paddr=0001e83c vaddr=3ffb0000 size=017dch (  6108) load[0m
[0;32mI (162) esp_image: segment 3: paddr=00020020 vaddr=400d0020 size=43e40h (278080) map[0m
[0;32mI (262) esp_image: segment 4: paddr=00063e68 vaddr=3ffb17dc size=00ca0h (  3232) load[0m
[0;32mI (263) esp_image: segment 5: paddr=00064b10 vaddr=40080000 size=0cdb8h ( 52664) load[0m
[0;32mI (293) boot: Loaded app from partition at offset 0x10000[0m
[0;32mI (293) boot: Disabling RNG early entropy source...[0m
[0;32mI (303) cpu_start: Multicore app[0m
[0;32mI (311) cpu_start: Pro cpu start user code[0m
[0;32mI (311) cpu_start: cpu freq: 160000000 Hz[0m
[0;32mI (312) app_init: Application information:[0m
[0;32mI (312) app_init: Project name:     ESP[0m
[0;32mI (315) app_init: App version:      2419ff5-dirty[0m
[0;32mI (320) app_init: Compile time:     Jan 30 2025 17:42:50[0m
[0;32mI (325) app_init: ELF file SHA256:  f98331d3d...[0m
[0;32mI (329) app_init: ESP-IDF:          v5.4[0m
[0;32mI (333) efuse_init: Min chip rev:     v0.0[0m
[0;32mI (336) efuse_init: Max chip rev:     v3.99 [0m
[0;32mI (340) efuse_init: Chip rev:         v3.1[0m
[0;32mI (345) heap_init: Initializing. RAM available for dynamic allocation:[0m
[0;32mI (351) heap_init: At 3FFAE6E0 len 00001920 (6 KiB): DRAM[0m
[0;32mI (356) heap_init: At 3FFB4460 len 0002BBA0 (174 KiB): DRAM[0m
[0;32mI (361) heap_init: At 3FFE0440 len 00003AE0 (14 KiB): D/IRAM[0m
[0;32mI (366) heap_init: At 3FFE4350 len 0001BCB0 (111 KiB): D/IRAM[0m
[0;32mI (372) heap_init: At 4008CDB8 len 00013248 (76 KiB): IRAM[0m
[0;32mI (378) spi_flash: detected chip: generic[0m
[0;32mI (381) spi_flash: flash io: dio[0m
[0;32mI (387) main_task: Started on CPU0[0m
[0;32mI (397) main_task: Calling app_main()[0m
[0;32mI (397) gpio: GPIO[6]| InputEn: 1| OutputEn: 0| OpenDrain: 0| Pullup: 1| Pulldown: 0| Intr:1 [0m
ets Jul 29 2019 12:21:46

rst:0x8 (TG1WDT_SYS_RESET),boot:0x13 (SPI_FAST_FLASH_BOOT)
configsip: 0, SPIWP:0xee
clk_drv:0x00,q_drv:0x00,d_drv:0x00,cs0_drv:0x00,hd_drv:0x00,wp_drv:0x00
mode:DIO, clock div:2
load:0x3fff0030,len:6276
load:0x40078000,len:15716
load:0x40080400,len:4
ho 8 tail 4 room 4
load:0x40080404,len:3860
entry 0x4008063c
[0;32mI (61) boot: ESP-IDF v5.4 2nd stage bootloader[0m
[0;32mI (61) boot: compile time Jan 30 2025 17:43:05[0m
[0;32mI (61) boot: Multicore bootloader[0m
[0;32mI (63) boot: chip revision: v3.1[0m
[0;32mI (66) boot.esp32: SPI Speed      : 40MHz[0m
[0;32mI (70) boot.esp32: SPI Mode       : DIO[0m
[0;32mI (73) boot.esp32: SPI Flash Size : 4MB[0m
[0;33mW (77) boot.esp32: PRO CPU has been reset by WDT[0m
[0;33mW (81) boot.esp32: WDT rst info: PRO CPU PC=0x400819e9[0m
[0;33mW (86) boot.esp32: WDT rst info: APP CPU PC=0x4008cc0c[0m
[0;32mI (91) boot: Enabling RNG early entropy source...[0m
[0;32mI (96) boot: Partition Table:[0m
[0;32mI (98) boot: ## Label            Usage          Type ST Offset   Length[0m
[0;32mI (105) boot:  0 nvs              WiFi data        01 02 00009000 00006000[0m
[0;32mI (111) boot:  1 phy_init         RF data          01 01 0000f000 00001000[0m
[0;32mI (118) boot:  2 factory          factory app      00 00 00010000 00100000[0m
[0;32mI (124) boot: End of partition table[0m
[0;32mI (128) esp_image: segment 0: paddr=00010020 vaddr=3f400020 size=0e7f0h ( 59376) map[0m
[0;32mI (156) esp_image: segment 1: paddr=0001e818 vaddr=3ff80000 size=0001ch (    28) load[0m
[0;32mI (156) esp_image: segment 2: paddr=0001e83c vaddr=3ffb0000 size=017dch (  6108) load[0m
[0;32mI (162) esp_image: segment 3: paddr=00020020 vaddr=400d0020 size=43e40h (278080) map[0m
[0;32mI (262) esp_image: segment 4: paddr=00063e68 vaddr=3ffb17dc size=00ca0h (  3232) load[0m
[0;32mI (263) esp_image: segment 5: paddr=00064b10 vaddr=40080000 size=0cdb8h ( 52664) load[0m
[0;32mI (293) boot: Loaded app from partition at offset 0x10000[0m
[0;32mI (293) boot: Disabling RNG early entropy source...[0m
[0;32mI (303) cpu_start: Multicore app[0m
[0;32mI (311) cpu_start: Pro cpu start user code[0m
[0;32mI (311) cpu_start: cpu freq: 160000000 Hz[0m
[0;32mI (312) app_init: Application information:[0m
[0;32mI (312) app_init: Project name:     ESP[0m
[0;32mI (315) app_init: App version:      2419ff5-dirty[0m
[0;32mI (320) app_init: Compile time:     Jan 30 2025 17:42:50[0m
[0;32mI (325) app_init: ELF file SHA256:  f98331d3d...[0m
[0;32mI (329) app_init: ESP-IDF:          v5.4[0m
[0;32mI (333) efuse_init: Min chip rev:     v0.0[0m
[0;32mI (336) efuse_init: Max chip rev:     v3.99 [0m
[0;32mI (340) efuse_init: Chip rev:         v3.1[0m
[0;32mI (345) heap_init: Initializing. RAM available for dynamic allocation:[0m
[0;32mI (351) heap_init: At 3FFAE6E0 len 00001920 (6 KiB): DRAM[0m
[0;32mI (356) heap_init: At 3FFB4460 len 0002BBA0 (174 KiB): DRAM[0m
[0;32mI (361) heap_init: At 3FFE0440 len 00003AE0 (14 KiB): D/IRAM[0m
[0;32mI (366) heap_init: At 3FFE4350 len 0001BCB0 (111 KiB): D/IRAM[0m
[0;32mI (372) heap_init: At 4008CDB8 len 00013248 (76 KiB): IRAM[0m
[0;32mI (378) spi_flash: detected chip: generic[0m
[0;32mI (381) spi_flash: flash io: dio[0m
[0;32mI (387) main_task: Started on CPU0[0m
[0;32mI (397) main_task: Calling app_main()[0m
[0;32mI (397) gpio: GPIO[6]| InputEn: 1| OutputEn: 0| OpenDrain: 0| Pullup: 1| Pulldown: 0| Intr:1 [0m
ets Jul 29 2019 12:21:46

rst:0x8 (TG1WDT_SYS_RESET),boot:0x13 (SPI_FAST_FLASH_BOOT)
configsip: 0, SPIWP:0xee
clk_drv:0x00,q_drv:0x00,d_drv:0x00,cs0_drv:0x00,hd_drv:0x00,wp_drv:0x00
mode:DIO, clock div:2
load:0x3fff0030,len:6276
load:0x40078000,len:15716
load:0x40080400,len:4
ho 8 tail 4 room 4
load:0x40080404,len:3860
entry 0x4008063c
[0;32mI (61) boot: ESP-IDF v5.4 2nd stage bootloader[0m
[0;32mI (61) boot: compile time Jan 30 2025 17:43:05[0m
[0;32mI (61) boot: Multicore bootloader[0m
[0;32mI (63) boot: chip revision: v3.1[0m
[0;32mI (66) boot.esp32: SPI Speed      : 40MHz[0m
[0;32mI (70) boot.esp32: SPI Mode       : DIO[0m
[0;32mI (73) boot.esp32: SPI Flash Size : 4MB[0m
[0;33mW (77) boot.esp32: PRO CPU has been reset by WDT[0m
[0;33mW (81) boot.esp32: WDT rst info: PRO CPU PC=0x400819e9[0m
[0;33mW (86) boot.esp32: WDT rst info: APP CPU PC=0x4008cc06[0m
[0;32mI (91) boot: Enabling RNG early entropy source...[0m
[0;32mI (96) boot: Partition Table:[0m
[0;32mI (98) boot: ## Label            Usage          Type ST Offset   Length[0m
[0;32mI (105) boot:  0 nvs              WiFi data        01 02 00009000 00006000[0m
[0;32mI (111) boot:  1 phy_init         RF data          01 01 0000f000 00001000[0m
[0;32mI (118) boot:  2 factory          factory app      00 00 00010000 00100000[0m
[0;32mI (124) boot: End of partition table[0m
[0;32mI (128) esp_image: segment 0: paddr=00010020 vaddr=3f400020 size=0e7f0h ( 59376) map[0m
[0;32mI (156) esp_image: segment 1: paddr=0001e818 vaddr=3ff80000 size=0001ch (    28) load[0m
[0;32mI (156) esp_image: segment 2: paddr=0001e83c vaddr=3ffb0000 size=017dch (  6108) load[0m
[0;32mI (162) esp_image: segment 3: paddr=00020020 vaddr=400d0020 size=43e40h (278080) map[0m
[0;32mI (262) esp_image: segment 4: paddr=00063e68 vaddr=3ffb17dc size=00ca0h (  3232) load[0m
[0;32mI (263) esp_image: segment 5: paddr=00064b10 vaddr=40080000 size=0cdb8h ( 52664) load[0m
[0;32mI (293) boot: Loaded app from partition at offset 0x10000[0m
[0;32mI (293) boot: Disabling RNG early entropy source...[0m
[0;32mI (303) cpu_start: Multicore app[0m
[0;32mI (311) cpu_start: Pro cpu start user code[0m
[0;32mI (311) cpu_start: cpu freq: 160000000 Hz[0m
[0;32mI (312) app_init: Application information:[0m
[0;32mI (312) app_init: Project name:     ESP[0m
[0;32mI (315) app_init: App version:      2419ff5-dirty[0m
[0;32mI (320) app_init: Compile time:     Jan 30 2025 17:42:50[0m
[0;32mI (325) app_init: ELF file SHA256:  f98331d3d...[0m
[0;32mI (329) app_init: ESP-IDF:          v5.4[0m
[0;32mI (333) efuse_init: Min chip rev:     v0.0[0m
[0;32mI (336) efuse_init: Max chip rev:     v3.99 [0m
[0;32mI (340) efuse_init: Chip rev:         v3.1[0m
[0;32mI (345) heap_init: Initializing. RAM available for dynamic allocation:[0m
[0;32mI (351) heap_init: At 3FFAE6E0 len 00001920 (6 KiB): DRAM[0m
[0;32mI (356) heap_init: At 3FFB4460 len 0002BBA0 (174 KiB): DRAM[0m
[0;32mI (361) heap_init: At 3FFE0440 len 00003AE0 (14 KiB): D/IRAM[0m
[0;32mI (366) heap_init: At 3FFE4350 len 0001BCB0 (111 KiB): D/IRAM[0m
[0;32mI (372) heap_init: At 4008CDB8 len 00013248 (76 KiB): IRAM[0m
[0;32mI (378) spi_flash: detected chip: generic[0m
[0;32mI (381) spi_flash: flash io: dio[0m
[0;32mI (387) main_task: Started on CPU0[0m
[0;32mI (397) main_task: Calling app_main()[0m
[0;32mI (397) gpio: GPIO[6]| InputEn: 1| OutputEn: 0| OpenDrain: 0| Pullup: 1| Pulldown: 0| Intr:1 [0m
ets Jul 29 2019 12:21:46

rst:0x8 (TG1WDT_SYS_RESET),boot:0x13 (SPI_FAST_FLASH_BOOT)
configsip: 0, SPIWP:0xee
clk_drv:0x00,q_drv:0x00,d_drv:0x00,cs0_drv:0x00,hd_drv:0x00,wp_drv:0x00
mode:DIO, clock div:2
load:0x3fff0030,len:6276
load:0x40078000,len:15716
load:0x40080400,len:4
ho 8 tail 4 room 4
load:0x40080404,len:3860
entry 0x4008063c
[0;32mI (61) boot: ESP-IDF v5.4 2nd stage bootloader[0m
[0;32mI (61) boot: compile time Jan 30 2025 17:43:05[0m
[0;32mI (61) boot: Multicore bootloader[0m
[0;32mI (63) boot: chip revision: v3.1[0m
[0;32mI (66) boot.esp32: SPI Speed      : 40MHz[0m
[0;32mI (70) boot.esp32: SPI Mode       : DIO[0m
[0;32mI (73) boot.esp32: SPI Flash Size : 4MB[0m
[0;33mW (77) boot.esp32: PRO CPU has been reset by WDT[0m
[0;33mW (81) boot.esp32: WDT rst info: PRO CPU PC=0x400819e9[0m
[0;33mW (86) boot.esp32: WDT rst info: APP CPU PC=0x4008cc0a[0m
[0;32mI (91) boot: Enabling RNG early entropy source...[0m
[0;32mI (96) boot: Partition Table:[0m
[0;32mI (98) boot: ## Label            Usage          Type ST Offset   Length[0m
[0;32mI (105) boot:  0 nvs              WiFi data        01 02 00009000 00006000[0m
[0;32mI (111) boot:  1 phy_init         RF data          01 01 0000f000 00001000[0m
[0;32mI (118) boot:  2 factory          factory app      00 00 00010000 00100000[0m
[0;32mI (124) boot: End of partition table[0m
[0;32mI (128) esp_image: segment 0: paddr=00010020 vaddr=3f400020 size=0e7f0h ( 59376) map[0m
[0;32mI (156) esp_image: segment 1: paddr=0001e818 vaddr=3ff80000 size=0001ch (    28) load[0m
[0;32mI (156) esp_image: segment 2: paddr=0001e83c vaddr=3ffb0000 size=017dch (  6108) load[0m
[0;32mI (162) esp_image: segment 3: paddr=00020020 vaddr=400d0020 size=43e40h (278080) map[0m
[0;32mI (262) esp_image: segment 4: paddr=00063e68 vaddr=3ffb17dc size=00ca0h (  3232) load[0m
[0;32mI (263) esp_image: segment 5: paddr=00064b10 vaddr=40080000 size=0cdb8h ( 52664) load[0m
[0;32mI (293) boot: Loaded app from partition at offset 0x10000[0m
[0;32mI (293) boot: Disabling RNG early entropy source...[0m
[0;32mI (303) cpu_start: Multicore app[0m
[0;32mI (311) cpu_start: Pro cpu start user code[0m
[0;32mI (311) cpu_start: cpu freq: 160000000 Hz[0m
[0;32mI (312) app_init: Application information:[0m
[0;32mI (312) app_init: Project name:     ESP[0m
[0;32mI (315) app_init: App version:      2419ff5-dirty[0m
[0;32mI (320) app_init: Compile time:     Jan 30 2025 17:42:50[0m
[0;32mI (325) app_init: ELF file SHA256:  f98331d3d...[0m
[0;32mI (329) app_init: ESP-IDF:          v5.4[0m
[0;32mI (333) efuse_init: Min chip rev:     v0.0[0m
[0;32mI (336) efuse_init: Max chip rev:     v3.99 [0m
[0;32mI (340) efuse_init: Chip rev:         v3.1[0m
[0;32mI (345) heap_init: Initializing. RAM available for dynamic allocation:[0m
[0;32mI (351) heap_init: At 3FFAE6E0 len 00001920 (6 KiB): DRAM[0m
[0;32mI (356) heap_init: At 3FFB4460 len 0002BBA0 (174 KiB): DRAM[0m
[0;32mI (361) heap_init: At 3FFE0440 len 00003AE0 (14 KiB): D/IRAM[0m
[0;32mI (366) heap_init: At 3FFE4350 len 0001BCB0 (111 KiB): D/IRAM[0m
[0;32mI (372) heap_init: At 4008CDB8 len 00013248 (76 KiB): IRAM[0m
[0;32mI (378) spi_flash: detected chip: generic[0m
[0;32mI (381) spi_flash: flash io: dio[0m
[0;32mI (387) main_task: Started on CPU0[0m
[0;32mI (397) main_task: Calling app_main()[0m
[0;32mI (397) gpio: GPIO[6]| InputEn: 1| OutputEn: 0| OpenDrain: 0| Pullup: 1| Pulldown: 0| Intr:1 [0m
ets Jul 29 2019 12:21:46

rst:0x8 (TG1WDT_SYS_RESET),boot:0x13 (SPI_FAST_FLASH_BOOT)
configsip: 0, SPIWP:0xee
clk_drv:0x00,q_drv:0x00,d_drv:0x00,cs0_drv:0x00,hd_drv:0x00,wp_drv:0x00
mode:DIO, clock div:2
load:0x3fff0030,len:6276
load:0x40078000,len:15716
load:0x40080400,len:4
ho 8 tail 4 room 4
load:0x40080404,len:3860
entry 0x4008063c
[0;32mI (61) boot: ESP-IDF v5.4 2nd stage bootloader[0m
[0;32mI (61) boot: compile time Jan 30 2025 17:43:05[0m
[0;32mI (61) boot: Multicore bootloader[0m
[0;32mI (63) boot: chip revision: v3.1[0m
[0;32mI (66) boot.esp32: SPI Speed      : 40MHz[0m
[0;32mI (70) boot.esp32: SPI Mode       : DIO[0m
[0;32mI (73) boot.esp32: SPI Flash Size : 4MB[0m
[0;33mW (77) boot.esp32: PRO CPU has been reset by WDT[0m
[0;33mW (81) boot.esp32: WDT rst info: PRO CPU PC=0x400819e9[0m
[0;33mW (86) boot.esp32: WDT rst info: APP CPU PC=0x4008cc06[0m
[0;32mI (91) boot: Enabling RNG early entropy source...[0m
[0;32mI (96) boot: Partition Table:[0m
[0;32mI (98) boot: ## Label            Usage          Type ST Offset   Length[0m
[0;32mI (105) boot:  0 nvs              WiFi data        01 02 00009000 00006000[0m
[0;32mI (111) boot:  1 phy_init         RF data          01 01 0000f000 00001000[0m
[0;32mI (118) boot:  2 factory          factory app      00 00 00010000 00100000[0m
[0;32mI (124) boot: End of partition table[0m
[0;32mI (128) esp_image: segment 0: paddr=00010020 vaddr=3f400020 size=0e7f0h ( 59376) map[0m
[0;32mI (156) esp_image: segment 1: paddr=0001e818 vaddr=3ff80000 size=0001ch (    28) load[0m
[0;32mI (156) esp_image: segment 2: paddr=0001e83c vaddr=3ffb0000 size=017dch (  6108) load[0m
[0;32mI (162) esp_image: segment 3: paddr=00020020 vaddr=400d0020 size=43e40h (278080) map[0m
[0;32mI (262) esp_image: segment 4: paddr=00063e68 vaddr=3ffb17dc size=00ca0h (  3232) load[0m
[0;32mI (263) esp_image: segment 5: paddr=00064b10 vaddr=40080000 size=0cdb8h ( 52664) load[0m
[0;32mI (293) boot: Loaded app from partition at offset 0x10000[0m
[0;32mI (293) boot: Disabling RNG early entropy source...[0m
[0;32mI (303) cpu_start: Multicore app[0m
[0;32mI (311) cpu_start: Pro cpu start user code[0m
[0;32mI (311) cpu_start: cpu freq: 160000000 Hz[0m
[0;32mI (312) app_init: Application information:[0m
[0;32mI (312) app_init: Project name:     ESP[0m
[0;32mI (315) app_init: App version:      2419ff5-dirty[0m
[0;32mI (320) app_init: Compile time:     Jan 30 2025 17:42:50[0m
[0;32mI (325) app_init: ELF file SHA256:  f98331d3d...[0m
[0;32mI (329) app_init: ESP-IDF:          v5.4[0m
[0;32mI (333) efuse_init: Min chip rev:     v0.0[0m
[0;32mI (336) efuse_init: Max chip rev:     v3.99 [0m
[0;32mI (340) efuse_init: Chip rev:         v3.1[0m
[0;32mI (345) heap_init: Initializing. RAM available for dynamic allocation:[0m
[0;32mI (351) heap_init: At 3FFAE6E0 len 00001920 (6 KiB): DRAM[0m
[0;32mI (356) heap_init: At 3FFB4460 len 0002BBA0 (174 KiB): DRAM[0m
[0;32mI (361) heap_init: At 3FFE0440 len 00003AE0 (14 KiB): D/IRAM[0m
[0;32mI (366) heap_init: At 3FFE4350 len 0001BCB0 (111 KiB): D/IRAM[0m
[0;32mI (372) heap_init: At 4008CDB8 len 00013248 (76 KiB): IRAM[0m
[0;32mI (378) spi_flash: detected chip: generic[0m
[0;32mI (381) spi_flash: flash io: dio[0m
[0;32mI (387) main_task: Started on CPU0[0m
[0;32mI (397) main_task: Calling app_main()[0m
[0;32mI (397) gpio: GPIO[6]| InputEn: 1| OutputEn: 0| OpenDrain: 0| Pullup: 1| Pulldown: 0| Intr:1 [0m
ets Jul 29 2019 12:21:46

rst:0x8 (TG1WDT_SYS_RESET),boot:0x13 (SPI_FAST_FLASH_BOOT)
configsip: 0, SPIWP:0xee
clk_drv:0x00,q_drv:0x00,d_drv:0x00,cs0_drv:0x00,hd_drv:0x00,wp_drv:0x00
mode:DIO, clock div:2
load:0x3fff0030,len:6276
load:0x40078000,len:15716
load:0x40080400,len:4
ho 8 tail 4 room 4
load:0x40080404,len:3860
entry 0x4008063c
[0;32mI (61) boot: ESP-IDF v5.4 2nd stage bootloader[0m
[0;32mI (61) boot: compile time Jan 30 2025 17:43:05[0m
[0;32mI (61) boot: Multicore bootloader[0m
[0;32mI (63) boot: chip revision: v3.1[0m
[0;32mI (66) boot.esp32: SPI Speed      : 40MHz[0m
[0;32mI (70) boot.esp32: SPI Mode       : DIO[0m
[0;32mI (73) boot.esp32: SPI Flash Size : 4MB[0m
[0;33mW (77) boot.esp32: PRO CPU has been reset by WDT[0m
[0;33mW (81) boot.esp32: WDT rst info: PRO CPU PC=0x400819e9[0m
[0;33mW (86) boot.esp32: WDT rst info: APP CPU PC=0x4008cc0c[0m
[0;32mI (91) boot: Enabling RNG early entropy source...[0m
[0;32mI (96) boot: Partition Table:[0m
[0;32mI (98) boot: ## Label            Usage          Type ST Offset   Length[0m
[0;32mI (105) boot:  0 nvs              WiFi data        01 02 00009000 00006000[0m
[0;32mI (111) boot:  1 phy_init         RF data          01 01 0000f000 00001000[0m
[0;32mI (118) boot:  2 factory          factory app      00 00 00010000 00100000[0m
[0;32mI (124) boot: End of partition table[0m
[0;32mI (128) esp_image: segment 0: paddr=00010020 vaddr=3f400020 size=0e7f0h ( 59376) map[0m
[0;32mI (156) esp_image: segment 1: paddr=0001e818 vaddr=3ff80000 size=0001ch (    28) load[0m
[0;32mI (156) esp_image: segment 2: paddr=0001e83c vaddr=3ffb0000 size=017dch (  6108) load[0m
[0;32mI (162) esp_image: segment 3: paddr=00020020 vaddr=400d0020 size=43e40h (278080) map[0m
[0;32mI (262) esp_image: segment 4: paddr=00063e68 vaddr=3ffb17dc size=00ca0h (  3232) load[0m
[0;32mI (263) esp_image: segment 5: paddr=00064b10 vaddr=40080000 size=0cdb8h ( 52664) load[0m
[0;32mI (293) boot: Loaded app from partition at offset 0x10000[0m
[0;32mI (293) boot: Disabling RNG early entropy source...[0m
[0;32mI (303) cpu_start: Multicore app[0m
[0;32mI (311) cpu_start: Pro cpu start user code[0m
[0;32mI (311) cpu_start: cpu freq: 160000000 Hz[0m
[0;32mI (312) app_init: Application information:[0m
[0;32mI (312) app_init: Project name:     ESP[0m
[0;32mI (315) app_init: App version:      2419ff5-dirty[0m
[0;32mI (320) app_init: Compile time:     Jan 30 2025 17:42:50[0m
[0;32mI (325) app_init: ELF file SHA256:  f98331d3d...[0m
[0;32mI (329) app_init: ESP-IDF:          v5.4[0m
[0;32mI (333) efuse_init: Min chip rev:     v0.0[0m
[0;32mI (336) efuse_init: Max chip rev:     v3.99 [0m
[0;32mI (340) efuse_init: Chip rev:         v3.1[0m
[0;32mI (345) heap_init: Initializing. RAM available for dynamic allocation:[0m
[0;32mI (351) heap_init: At 3FFAE6E0 len 00001920 (6 KiB): DRAM[0m
[0;32mI (356) heap_init: At 3FFB4460 len 0002BBA0 (174 KiB): DRAM[0m
[0;32mI (361) heap_init: At 3FFE0440 len 00003AE0 (14 KiB): D/IRAM[0m
[0;32mI (366) heap_init: At 3FFE4350 len 0001BCB0 (111 KiB): D/IRAM[0m
[0;32mI (372) heap_init: At 4008CDB8 len 00013248 (76 KiB): IRAM[0m
[0;32mI (378) spi_flash: detected chip: generic[0m
[0;32mI (381) spi_flash: flash io: dio[0m
[0;32mI (387) main_task: Started on CPU0[0m
[0;32mI (397) main_task: Calling app_main()[0m
[0;32mI (397) gpio: GPIO[6]| InputEn: 1| OutputEn: 0| OpenDrain: 0| Pullup: 1| Pulldown: 0| Intr:1 [0m
ets Jul 29 2019 12:21:46

rst:0x8 (TG1WDT_SYS_RESET),boot:0x13 (SPI_FAST_FLASH_BOOT)
configsip: 0, SPIWP:0xee
clk_drv:0x00,q_drv:0x00,d_drv:0x00,cs0_drv:0x00,hd_drv:0x00,wp_drv:0x00
mode:DIO, clock div:2
load:0x3fff0030,len:6276
load:0x40078000,len:15716
load:0x40080400,len:4
ho 8 tail 4 room 4
load:0x40080404,len:3860
entry 0x4008063c
[0;32mI (61) boot: ESP-IDF v5.4 2nd stage bootloader[0m
[0;32mI (61) boot: compile time Jan 30 2025 17:43:05[0m
[0;32mI (61) boot: Multicore bootloader[0m
[0;32mI (63) boot: chip revision: v3.1[0m
[0;32mI (66) boot.esp32: SPI Speed      : 40MHz[0m
[0;32mI (70) boot.esp32: SPI Mode       : DIO[0m
[0;32mI (73) boot.esp32: SPI Flash Size : 4MB[0m
[0;33mW (77) boot.esp32: PRO CPU has been reset by WDT[0m
[0;33mW (81) boot.esp32: WDT rst info: PRO CPU PC=0x400819e9[0m
[0;33mW (86) boot.esp32: WDT rst info: APP CPU PC=0x4008cc0e[0m
[0;32mI (91) boot: Enabling RNG early entropy source...[0m
[0;32mI (96) boot: Partition Table:[0m
[0;32mI (98) boot: ## Label            Usage          Type ST Offset   Length[0m
[0;32mI (105) boot:  0 nvs              WiFi data        01 02 00009000 00006000[0m
[0;32mI (111) boot:  1 phy_init         RF data          01 01 0000f000 00001000[0m
[0;32mI (118) boot:  2 factory          factory app      00 00 00010000 00100000[0m
[0;32mI (124) boot: End of partition table[0m
[0;32mI (128) esp_image: segment 0: paddr=00010020 vaddr=3f400020 size=0e7f0h ( 59376) map[0m
[0;32mI (156) esp_image: segment 1: paddr=0001e818 vaddr=3ff80000 size=0001ch (    28) load[0m
[0;32mI (156) esp_image: segment 2: paddr=0001e83c vaddr=3ffb0000 size=017dch (  6108) load[0m
[0;32mI (162) esp_image: segment 3: paddr=00020020 vaddr=400d0020 size=43e40h (278080) map[0m
[0;32mI (262) esp_image: segment 4: paddr=00063e68 vaddr=3ffb17dc size=00ca0h (  3232) load[0m
[0;32mI (263) esp_image: segment 5: paddr=00064b10 vaddr=40080000 size=0cdb8h ( 52664) load[0m
[0;32mI (293) boot: Loaded app from partition at offset 0x10000[0m
[0;32mI (293) boot: Disabling RNG early entropy source...[0m
[0;32mI (303) cpu_start: Multicore app[0m
[0;32mI (311) cpu_start: Pro cpu start user code[0m
[0;32mI (311) cpu_start: cpu freq: 160000000 Hz[0m
[0;32mI (312) app_init: Application information:[0m
[0;32mI (312) app_init: Project name:     ESP[0m
[0;32mI (315) app_init: App version:      2419ff5-dirty[0m
[0;32mI (320) app_init: Compile time:     Jan 30 2025 17:42:50[0m
[0;32mI (325) app_init: ELF file SHA256:  f98331d3d...[0m
[0;32mI (329) app_init: ESP-IDF:          v5.4[0m
[0;32mI (333) efuse_init: Min chip rev:     v0.0[0m
[0;32mI (336) efuse_init: Max chip rev:     v3.99 [0m
[0;32mI (340) efuse_init: Chip rev:         v3.1[0m
[0;32mI (345) heap_init: Initializing. RAM available for dynamic allocation:[0m
[0;32mI (351) heap_init: At 3FFAE6E0 len 00001920 (6 KiB): DRAM[0m
[0;32mI (356) heap_init: At 3FFB4460 len 0002BBA0 (174 KiB): DRAM[0m
[0;32mI (361) heap_init: At 3FFE0440 len 00003AE0 (14 KiB): D/IRAM[0m
[0;32mI (366) heap_init: At 3FFE4350 len 0001BCB0 (111 KiB): D/IRAM[0m
[0;32mI (372) heap_init: At 4008CDB8 len 00013248 (76 KiB): IRAM[0m
[0;32mI (378) spi_flash: detected chip: generic[0m
[0;32mI (381) spi_flash: flash io: dio[0m
[0;32mI (387) main_task: Started on CPU0[0m
[0;32mI (397) main_task: Calling app_main()[0m
[0;32mI (397) gpio: GPIO[6]| InputEn: 1| OutputEn: 0| OpenDrain: 0| Pullup: 1| Pulldown: 0| Intr:1 [0m
ets Jul 29 2019 12:21:46

rst:0x8 (TG1WDT_SYS_RESET),boot:0x13 (SPI_FAST_FLASH_BOOT)
configsip: 0, SPIWP:0xee
clk_drv:0x00,q_drv:0x00,d_drv:0x00,cs0_drv:0x00,hd_drv:0x00,wp_drv:0x00
mode:DIO, clock div:2
load:0x3fff0030,len:6276
load:0x40078000,len:15716
load:0x40080400,len:4
ho 8 tail 4 room 4
load:0x40080404,len:3860
entry 0x4008063c
[0;32mI (61) boot: ESP-IDF v5.4 2nd stage bootloader[0m
[0;32mI (61) boot: compile time Jan 30 2025 17:43:05[0m
[0;32mI (61) boot: Multicore bootloader[0m
[0;32mI (63) boot: chip revision: v3.1[0m
[0;32mI (66) boot.esp32: SPI Speed      : 40MHz[0m
[0;32mI (70) boot.esp32: SPI Mode       : DIO[0m
[0;32mI (73) boot.esp32: SPI Flash Size : 4MB[0m
[0;33mW (77) boot.esp32: PRO CPU has been reset by WDT[0m
[0;33mW (81) boot.esp32: WDT rst info: PRO CPU PC=0x400819e9[0m
[0;33mW (86) boot.esp32: WDT rst info: APP CPU PC=0x4008cc0a[0m
[0;32mI (91) boot: Enabling RNG early entropy source...[0m
[0;32mI (96) boot: Partition Table:[0m
[0;32mI (98) boot: ## Label            Usage          Type ST Offset   Length[0m
[0;32mI (105) boot:  0 nvs              WiFi data        01 02 00009000 00006000[0m
[0;32mI (111) boot:  1 phy_init         RF data          01 01 0000f000 00001000[0m
[0;32mI (118) boot:  2 factory          factory app      00 00 00010000 00100000[0m
[0;32mI (124) boot: End of partition table[0m
[0;32mI (128) esp_image: segment 0: paddr=00010020 vaddr=3f400020 size=0e7f0h ( 59376) map[0m
[0;32mI (156) esp_image: segment 1: paddr=0001e818 vaddr=3ff80000 size=0001ch (    28) load[0m
[0;32mI (156) esp_image: segment 2: paddr=0001e83c vaddr=3ffb0000 size=017dch (  6108) load[0m
[0;32mI (162) esp_image: segment 3: paddr=00020020 vaddr=400d0020 size=43e40h (278080) map[0m
[0;32mI (262) esp_image: segment 4: paddr=00063e68 vaddr=3ffb17dc size=00ca0h (  3232) load[0m
[0;32mI (263) esp_image: segment 5: paddr=00064b10 vaddr=40080000 size=0cdb8h ( 52664) load[0m
[0;32mI (293) boot: Loaded app from partition at offset 0x10000[0m
[0;32mI (293) boot: Disabling RNG early entropy source...[0m
[0;32mI (303) cpu_start: Multicore app[0m
[0;32mI (311) cpu_start: Pro cpu start user code[0m
[0;32mI (311) cpu_start: cpu freq: 160000000 Hz[0m
[0;32mI (312) app_init: Application information:[0m
[0;32mI (312) app_init: Project name:     ESP[0m
[0;32mI (315) app_init: App version:      2419ff5-dirty[0m
[0;32mI (320) app_init: Compile time:     Jan 30 2025 17:42:50[0m
[0;32mI (325) app_init: ELF file SHA256:  f98331d3d...[0m
[0;32mI (329) app_init: ESP-IDF:          v5.4[0m
[0;32mI (333) efuse_init: Min chip rev:     v0.0[0m
[0;32mI (336) efuse_init: Max chip rev:     v3.99 [0m
[0;32mI (340) efuse_init: Chip rev:         v3.1[0m
[0;32mI (345) heap_init: Initializing. RAM available for dynamic allocation:[0m
[0;32mI (351) heap_init: At 3FFAE6E0 len 00001920 (6 KiB): DRAM[0m
[0;32mI (356) heap_init: At 3FFB4460 len 0002BBA0 (174 KiB): DRAM[0m
[0;32mI (361) heap_init: At 3FFE0440 len 00003AE0 (14 KiB): D/IRAM[0m
[0;32mI (366) heap_init: At 3FFE4350 len 0001BCB0 (111 KiB): D/IRAM[0m
[0;32mI (372) heap_init: At 4008CDB8 len 00013248 (76 KiB): IRAM[0m
[0;32mI (378) spi_flash: detected chip: generic[0m
[0;32mI (381) spi_flash: flash io: dio[0m
[0;32mI (387) main_task: Started on CPU0[0m
[0;32mI (397) main_task: Calling app_main()[0m
[0;32mI (397) gpio: GPIO[6]| InputEn: 1| OutputEn: 0| OpenDrain: 0| Pullup: 1| Pulldown: 0| Intr:1 [0m
ets Jul 29 2019 12:21:46

rst:0x8 (TG1WDT_SYS_RESET),boot:0x13 (SPI_FAST_FLASH_BOOT)
configsip: 0, SPIWP:0xee
clk_drv:0x00,q_drv:0x00,d_drv:0x00,cs0_drv:0x00,hd_drv:0x00,wp_drv:0x00
mode:DIO, clock div:2
load:0x3fff0030,len:6276
load:0x40078000,len:15716
load:0x40080400,len:4
ho 8 tail 4 room 4
load:0x40080404,len:3860
entry 0x4008063c
[0;32mI (61) boot: ESP-IDF v5.4 2nd stage bootloader[0m
[0;32mI (61) boot: compile time Jan 30 2025 17:43:05[0m
[0;32mI (61) boot: Multicore bootloader[0m
[0;32mI (63) boot: chip revision: v3.1[0m
[0;32mI (66) boot.esp32: SPI Speed      : 40MHz[0m
[0;32mI (70) boot.esp32: SPI Mode       : DIO[0m
[0;32mI (73) boot.esp32: SPI Flash Size : 4MB[0m
[0;33mW (77) boot.esp32: PRO CPU has been reset by WDT[0m
[0;33mW (81) boot.esp32: WDT rst info: PRO CPU PC=0x400819e9[0m
[0;33mW (86) boot.esp32: WDT rst info: APP CPU PC=0x4008cc0c[0m
[0;32mI (91) boot: Enabling RNG early entropy source...[0m
[0;32mI (96) boot: Partition Table:[0m
[0;32mI (98) boot: ## Label            Usage          Type ST Offset   Length[0m
[0;32mI (105) boot:  0 nvs              WiFi data        01 02 00009000 00006000[0m
[0;32mI (111) boot:  1 phy_init         RF data          01 01 0000f000 00001000[0m
[0;32mI (118) boot:  2 factory          factory app      00 00 00010000 00100000[0m
[0;32mI (124) boot: End of partition table[0m
[0;32mI (128) esp_image: segment 0: paddr=00010020 vaddr=3f400020 size=0e7f0h ( 59376) map[0m
[0;32mI (156) esp_image: segment 1: paddr=0001e818 vaddr=3ff80000 size=0001ch (    28) load[0m
[0;32mI (156) esp_image: segment 2: paddr=0001e83c vaddr=3ffb0000 size=017dch (  6108) load[0m
[0;32mI (162) esp_image: segment 3: paddr=00020020 vaddr=400d0020 size=43e40h (278080) map[0m
[0;32mI (262) esp_image: segment 4: paddr=00063e68 vaddr=3ffb17dc size=00ca0h (  3232) load[0m
[0;32mI (263) esp_image: segment 5: paddr=00064b10 vaddr=40080000 size=0cdb8h ( 52664) load[0m
[0;32mI (293) boot: Loaded app from partition at offset 0x10000[0m
[0;32mI (293) boot: Disabling RNG early entropy source...[0m
[0;32mI (303) cpu_start: Multicore app[0m
[0;32mI (311) cpu_start: Pro cpu start user code[0m
[0;32mI (311) cpu_start: cpu freq: 160000000 Hz[0m
[0;32mI (312) app_init: Application information:[0m
[0;32mI (312) app_init: Project name:     ESP[0m
[0;32mI (315) app_init: App version:      2419ff5-dirty[0m
[0;32mI (320) app_init: Compile time:     Jan 30 2025 17:42:50[0m
[0;32mI (325) app_init: ELF file SHA256:  f98331d3d...[0m
[0;32mI (329) app_init: ESP-IDF:          v5.4[0m
[0;32mI (333) efuse_init: Min chip rev:     v0.0[0m
[0;32mI (336) efuse_init: Max chip rev:     v3.99 [0m
[0;32mI (340) efuse_init: Chip rev:         v3.1[0m
[0;32mI (345) heap_init: Initializing. RAM available for dynamic allocation:[0m
[0;32mI (351) heap_init: At 3FFAE6E0 len 00001920 (6 KiB): DRAM[0m
[0;32mI (356) heap_init: At 3FFB4460 len 0002BBA0 (174 KiB): DRAM[0m
[0;32mI (361) heap_init: At 3FFE0440 len 00003AE0 (14 KiB): D/IRAM[0m
[0;32mI (366) heap_init: At 3FFE4350 len 0001BCB0 (111 KiB): D/IRAM[0m
[0;32mI (372) heap_init: At 4008CDB8 len 00013248 (76 KiB): IRAM[0m
[0;32mI (378) spi_flash: detected chip: generic[0m
[0;32mI (381) spi_flash: flash io: dio[0m
[0;32mI (387) main_task: Started on CPU0[0m
[0;32mI (397) main_task: Calling app_main()[0m
[0;32mI (397) gpio: GPIO[6]| InputEn: 1| OutputEn: 0| OpenDrain: 0| Pullup: 1| Pulldown: 0| Intr:1 [0m
ets Jul 29 2019 12:21:46

rst:0x8 (TG1WDT_SYS_RESET),boot:0x13 (SPI_FAST_FLASH_BOOT)
configsip: 0, SPIWP:0xee
clk_drv:0x00,q_drv:0x00,d_drv:0x00,cs0_drv:0x00,hd_drv:0x00,wp_drv:0x00
mode:DIO, clock div:2
load:0x3fff0030,len:6276
load:0x40078000,len:15716
load:0x40080400,len:4
ho 8 tail 4 room 4
load:0x40080404,len:3860
entry 0x4008063c
[0;32mI (61) boot: ESP-IDF v5.4 2nd stage bootloader[0m
[0;32mI (61) boot: compile time Jan 30 2025 17:43:05[0m
[0;32mI (61) boot: Multicore bootloader[0m
[0;32mI (63) boot: chip revision: v3.1[0m
[0;32mI (66) boot.esp32: SPI Speed      : 40MHz[0m
[0;32mI (70) boot.esp32: SPI Mode       : DIO[0m
[0;32mI (73) boot.esp32: SPI Flash Size : 4MB[0m
[0;33mW (77) boot.esp32: PRO CPU has been reset by WDT[0m
[0;33mW (81) boot.esp32: WDT rst info: PRO CPU PC=0x400819e9[0m
[0;33mW (86) boot.esp32: WDT rst info: APP CPU PC=0x4008cc0a[0m
[0;32mI (91) boot: Enabling RNG early entropy source...[0m
[0;32mI (96) boot: Partition Table:[0m
[0;32mI (98) boot: ## Label            Usage          Type ST Offset   Length[0m
[0;32mI (105) boot:  0 nvs              WiFi data        01 02 00009000 00006000[0m
[0;32mI (111) boot:  1 phy_init         RF data          01 01 0000f000 00001000[0m
[0;32mI (118) boot:  2 factory          factory app      00 00 00010000 00100000[0m
[0;32mI (124) boot: End of partition table[0m
[0;32mI (128) esp_image: segment 0: paddr=00010020 vaddr=3f400020 size=0e7f0h ( 59376) map[0m
[0;32mI (156) esp_image: segment 1: paddr=0001e818 vaddr=3ff80000 size=0001ch (    28) load[0m
[0;32mI (156) esp_image: segment 2: paddr=0001e83c vaddr=3ffb0000 size=017dch (  6108) load[0m
[0;32mI (162) esp_image: segment 3: paddr=00020020 vaddr=400d0020 size=43e40h (278080) map[0m
[0;32mI (262) esp_image: segment 4: paddr=00063e68 vaddr=3ffb17dc size=00ca0h (  3232) load[0m
[0;32mI (263) esp_image: segment 5: paddr=00064b10 vaddr=40080000 size=0cdb8h ( 52664) load[0m
[0;32mI (293) boot: Loaded app from partition at offset 0x10000[0m
[0;32mI (293) boot: Disabling RNG early entropy source...[0m
[0;32mI (303) cpu_start: Multicore app[0m
[0;32mI (311) cpu_start: Pro cpu start user code[0m
[0;32mI (311) cpu_start: cpu freq: 160000000 Hz[0m
[0;32mI (312) app_init: Application information:[0m
[0;32mI (312) app_init: Project name:     ESP[0m
[0;32mI (315) app_init: App version:      2419ff5-dirty[0m
[0;32mI (320) app_init: Compile time:     Jan 30 2025 17:42:50[0m
[0;32mI (325) app_init: ELF file SHA256:  f98331d3d...[0m
[0;32mI (329) app_init: ESP-IDF:          v5.4[0m
[0;32mI (333) efuse_init: Min chip rev:     v0.0[0m
[0;32mI (336) efuse_init: Max chip rev:     v3.99 [0m
[0;32mI (340) efuse_init: Chip rev:         v3.1[0m
[0;32mI (345) heap_init: Initializing. RAM available for dynamic allocation:[0m
[0;32mI (351) heap_init: At 3FFAE6E0 len 00001920 (6 KiB): DRAM[0m
[0;32mI (356) heap_init: At 3FFB4460 len 0002BBA0 (174 KiB): DRAM[0m
[0;32mI (361) heap_init: At 3FFE0440 len 00003AE0 (14 KiB): D/IRAM[0m
[0;32mI (366) heap_init: At 3FFE4350 len 0001BCB0 (111 KiB): D/IRAM[0m
[0;32mI (372) heap_init: At 4008CDB8 len 00013248 (76 KiB): IRAM[0m
[0;32mI (378) spi_flash: detected chip: generic[0m
[0;32mI (381) spi_flash: flash io: dio[0m
[0;32mI (387) main_task: Started on CPU0[0m
[0;32mI (397) main_task: Calling app_main()[0m
[0;32mI (397) gpio: GPIO[6]| InputEn: 1| OutputEn: 0| OpenDrain: 0| Pullup: 1| Pulldown: 0| Intr:1 [0m
ets Jul 29 2019 12:21:46

rst:0x8 (TG1WDT_SYS_RESET),boot:0x13 (SPI_FAST_FLASH_BOOT)
configsip: 0, SPIWP:0xee
clk_drv:0x00,q_drv:0x00,d_drv:0x00,cs0_drv:0x00,hd_drv:0x00,wp_drv:0x00
mode:DIO, clock div:2
load:0x3fff0030,len:6276
load:0x40078000,len:15716
load:0x40080400,len:4
ho 8 tail 4 room 4
load:0x40080404,len:3860
entry 0x4008063c
[0;32mI (61) boot: ESP-IDF v5.4 2nd stage bootloader[0m
[0;32mI (61) boot: compile time Jan 30 2025 17:43:05[0m
[0;32mI (61) boot: Multicore bootloader[0m
[0;32mI (63) boot: chip revision: v3.1[0m
[0;32mI (66) boot.esp32: SPI Speed      : 40MHz[0m
[0;32mI (70) boot.esp32: SPI Mode       : DIO[0m
[0;32mI (73) boot.esp32: SPI Flash Size : 4MB[0m
[0;33mW (77) boot.esp32: PRO CPU has been reset by WDT[0m
[0;33mW (81) boot.esp32: WDT rst info: PRO CPU PC=0x400819e9[0m
[0;33mW (86) boot.esp32: WDT rst info: APP CPU PC=0x4008cc0a[0m
[0;32mI (91) boot: Enabling RNG early entropy source...[0m
[0;32mI (96) boot: Partition Table:[0m
[0;32mI (98) boot: ## Label            Usage          Type ST Offset   Length[0m
[0;32mI (105) boot:  0 nvs              WiFi data        01 02 00009000 00006000[0m
[0;32mI (111) boot:  1 phy_init         RF data          01 01 0000f000 00001000[0m
[0;32mI (118) boot:  2 factory          factory app      00 00 00010000 00100000[0m
[0;32mI (124) boot: End of partition table[0m
[0;32mI (128) esp_image: segment 0: paddr=00010020 vaddr=3f400020 size=0e7f0h ( 59376) map[0m
[0;32mI (156) esp_image: segment 1: paddr=0001e818 vaddr=3ff80000 size=0001ch (    28) load[0m
[0;32mI (156) esp_image: segment 2: paddr=0001e83c vaddr=3ffb0000 size=017dch (  6108) load[0m
[0;32mI (162) esp_image: segment 3: paddr=00020020 vaddr=400d0020 size=43e40h (278080) map[0m
[0;32mI (262) esp_image: segment 4: paddr=00063e68 vaddr=3ffb17dc size=00ca0h (  3232) load[0m
[0;32mI (263) esp_image: segment 5: paddr=00064b10 vaddr=40080000 size=0cdb8h ( 52664) load[0m
[0;32mI (293) boot: Loaded app from partition at offset 0x10000[0m
[0;32mI (293) boot: Disabling RNG early entropy source...[0m
[0;32mI (303) cpu_start: Multicore app[0m
[0;32mI (311) cpu_start: Pro cpu start user code[0m
[0;32mI (311) cpu_start: cpu freq: 160000000 Hz[0m
[0;32mI (312) app_init: Application information:[0m
[0;32mI (312) app_init: Project name:     ESP[0m
[0;32mI (315) app_init: App version:      2419ff5-dirty[0m
[0;32mI (320) app_init: Compile time:     Jan 30 2025 17:42:50[0m
[0;32mI (325) app_init: ELF file SHA256:  f98331d3d...[0m
[0;32mI (329) app_init: ESP-IDF:          v5.4[0m
[0;32mI (333) efuse_init: Min chip rev:     v0.0[0m
[0;32mI (336) efuse_init: Max chip rev:     v3.99 [0m
[0;32mI (340) efuse_init: Chip rev:         v3.1[0m
[0;32mI (345) heap_init: Initializing. RAM available for dynamic allocation:[0m
[0;32mI (351) heap_init: At 3FFAE6E0 len 00001920 (6 KiB): DRAM[0m
[0;32mI (356) heap_init: At 3FFB4460 len 0002BBA0 (174 KiB): DRAM[0m
[0;32mI (361) heap_init: At 3FFE0440 len 00003AE0 (14 KiB): D/IRAM[0m
[0;32mI (366) heap_init: At 3FFE4350 len 0001BCB0 (111 KiB): D/IRAM[0m
[0;32mI (372) heap_init: At 4008CDB8 len 00013248 (76 KiB): IRAM[0m
[0;32mI (378) spi_flash: detected chip: generic[0m
[0;32mI (381) spi_flash: flash io: dio[0m
[0;32mI (387) main_task: Started on CPU0[0m
[0;32mI (397) main_task: Calling app_main()[0m
[0;32mI (397) gpio: GPIO[6]| InputEn: 1| OutputEn: 0| OpenDrain: 0| Pullup: 1| Pulldown: 0| Intr:1 [0m
ets Jul 29 2019 12:21:46

rst:0x8 (TG1WDT_SYS_RESET),boot:0x13 (SPI_FAST_FLASH_BOOT)
configsip: 0, SPIWP:0xee
clk_drv:0x00,q_drv:0x00,d_drv:0x00,cs0_drv:0x00,hd_drv:0x00,wp_drv:0x00
mode:DIO, clock div:2
load:0x3fff0030,len:6276
load:0x40078000,len:15716
load:0x40080400,len:4
ho 8 tail 4 room 4
load:0x40080404,len:3860
entry 0x4008063c
[0;32mI (61) boot: ESP-IDF v5.4 2nd stage bootloader[0m
[0;32mI (61) boot: compile time Jan 30 2025 17:43:05[0m
[0;32mI (61) boot: Multicore bootloader[0m
[0;32mI (63) boot: chip revision: v3.1[0m
[0;32mI (66) boot.esp32: SPI Speed      : 40MHz[0m
[0;32mI (70) boot.esp32: SPI Mode       : DIO[0m
[0;32mI (73) boot.esp32: SPI Flash Size : 4MB[0m
[0;33mW (77) boot.esp32: PRO CPU has been reset by WDT[0m
[0;33mW (81) boot.esp32: WDT rst info: PRO CPU PC=0x400819e9[0m
[0;33mW (86) boot.esp32: WDT rst info: APP CPU PC=0x4008cc06[0m
[0;32mI (91) boot: Enabling RNG early entropy source...[0m
[0;32mI (96) boot: Partition Table:[0m
[0;32mI (98) boot: ## Label            Usage          Type ST Offset   Length[0m
[0;32mI (105) boot:  0 nvs              WiFi data        01 02 00009000 00006000[0m
[0;32mI (111) boot:  1 phy_init         RF data          01 01 0000f000 00001000[0m
[0;32mI (118) boot:  2 factory          factory app      00 00 00010000 00100000[0m
[0;32mI (124) boot: End of partition table[0m
[0;32mI (128) esp_image: segment 0: paddr=00010020 vaddr=3f400020 size=0e7f0h ( 59376) map[0m
[0;32mI (156) esp_image: segment 1: paddr=0001e818 vaddr=3ff80000 size=0001ch (    28) load[0m
[0;32mI (156) esp_image: segment 2: paddr=0001e83c vaddr=3ffb0000 size=017dch (  6108) load[0m
[0;32mI (162) esp_image: segment 3: paddr=00020020 vaddr=400d0020 size=43e40h (278080) map[0m
[0;32mI (262) esp_image: segment 4: paddr=00063e68 vaddr=3ffb17dc size=00ca0h (  3232) load[0m
[0;32mI (263) esp_image: segment 5: paddr=00064b10 vaddr=40080000 size=0cdb8h ( 52664) load[0m
[0;32mI (293) boot: Loaded app from partition at offset 0x10000[0m
[0;32mI (293) boot: Disabling RNG early entropy source...[0m
[0;32mI (303) cpu_start: Multicore app[0m
[0;32mI (311) cpu_start: Pro cpu start user code[0m
[0;32mI (311) cpu_start: cpu freq: 160000000 Hz[0m
[0;32mI (312) app_init: Application information:[0m
[0;32mI (312) app_init: Project name:     ESP[0m
[0;32mI (315) app_init: App version:      2419ff5-dirty[0m
[0;32mI (320) app_init: Compile time:     Jan 30 2025 17:42:50[0m
[0;32mI (325) app_init: ELF file SHA256:  f98331d3d...[0m
[0;32mI (329) app_init: ESP-IDF:          v5.4[0m
[0;32mI (333) efuse_init: Min chip rev:     v0.0[0m
[0;32mI (336) efuse_init: Max chip rev:     v3.99 [0m
[0;32mI (340) efuse_init: Chip rev:         v3.1[0m
[0;32mI (345) heap_init: Initializing. RAM available for dynamic allocation:[0m
[0;32mI (351) heap_init: At 3FFAE6E0 len 00001920 (6 KiB): DRAM[0m
[0;32mI (356) heap_init: At 3FFB4460 len 0002BBA0 (174 KiB): DRAM[0m
[0;32mI (361) heap_init: At 3FFE0440 len 00003AE0 (14 KiB): D/IRAM[0m
[0;32mI (366) heap_init: At 3FFE4350 len 0001BCB0 (111 KiB): D/IRAM[0m
[0;32mI (372) heap_init: At 4008CDB8 len 00013248 (76 KiB): IRAM[0m
[0;32mI (378) spi_flash: detected chip: generic[0m
[0;32mI (381) spi_flash: flash io: dio[0m
[0;32mI (387) main_task: Started on CPU0[0m
[0;32mI (397) main_task: Calling app_main()[0m
[0;32mI (397) gpio: GPIO[6]| InputEn: 1| OutputEn: 0| OpenDrain: 0| Pullup: 1| Pulldown: 0| Intr:1 [0m
ets Jul 29 2019 12:21:46

rst:0x8 (TG1WDT_SYS_RESET),boot:0x13 (SPI_FAST_FLASH_BOOT)
configsip: 0, SPIWP:0xee
clk_drv:0x00,q_drv:0x00,d_drv:0x00,cs0_drv:0x00,hd_drv:0x00,wp_drv:0x00
mode:DIO, clock div:2
load:0x3fff0030,len:6276
load:0x40078000,len:15716
load:0x40080400,len:4
ho 8 tail 4 room 4
load:0x40080404,len:3860
entry 0x4008063c
[0;32mI (61) boot: ESP-IDF v5.4 2nd stage bootloader[0m
[0;32mI (61) boot: compile time Jan 30 2025 17:43:05[0m
[0;32mI (61) boot: Multicore bootloader[0m
[0;32mI (63) boot: chip revision: v3.1[0m
[0;32mI (66) boot.esp32: SPI Speed      : 40MHz[0m
[0;32mI (70) boot.esp32: SPI Mode       : DIO[0m
[0;32mI (73) boot.esp32: SPI Flash Size : 4MB[0m
[0;33mW (77) boot.esp32: PRO CPU has been reset by WDT[0m
[0;33mW (81) boot.esp32: WDT rst info: PRO CPU PC=0x400819e9[0m
[0;33mW (86) boot.esp32: WDT rst info: APP CPU PC=0x4008cc06[0m
[0;32mI (91) boot: Enabling RNG early entropy source...[0m
[0;32mI (96) boot: Partition Table:[0m
[0;32mI (98) boot: ## Label            Usage          Type ST Offset   Length[0m
[0;32mI (105) boot:  0 nvs              WiFi data        01 02 00009000 00006000[0m
[0;32mI (111) boot:  1 phy_init         RF data          01 01 0000f000 00001000[0m
[0;32mI (118) boot:  2 factory          factory app      00 00 00010000 00100000[0m
[0;32mI (124) boot: End of partition table[0m
[0;32mI (128) esp_image: segment 0: paddr=00010020 vaddr=3f400020 size=0e7f0h ( 59376) map[0m
[0;32mI (156) esp_image: segment 1: paddr=0001e818 vaddr=3ff80000 size=0001ch (    28) load[0m
[0;32mI (156) esp_image: segment 2: paddr=0001e83c vaddr=3ffb0000 size=017dch (  6108) load[0m
[0;32mI (162) esp_image: segment 3: paddr=00020020 vaddr=400d0020 size=43e40h (278080) map[0m
[0;32mI (262) esp_image: segment 4: paddr=00063e68 vaddr=3ffb17dc size=00ca0h (  3232) load[0m
[0;32mI (263) esp_image: segment 5: paddr=00064b10 vaddr=40080000 size=0cdb8h ( 52664) load[0m
[0;32mI (293) boot: Loaded app from partition at offset 0x10000[0m
[0;32mI (293) boot: Disabling RNG early entropy source...[0m
[0;32mI (303) cpu_start: Multicore app[0m
[0;32mI (311) cpu_start: Pro cpu start user code[0m
[0;32mI (311) cpu_start: cpu freq: 160000000 Hz[0m
[0;32mI (312) app_init: Application information:[0m
[0;32mI (312) app_init: Project name:     ESP[0m
[0;32mI (315) app_init: App version:      2419ff5-dirty[0m
[0;32mI (320) app_init: Compile time:     Jan 30 2025 17:42:50[0m
[0;32mI (325) app_init: ELF file SHA256:  f98331d3d...[0m
[0;32mI (329) app_init: ESP-IDF:          v5.4[0m
[0;32mI (333) efuse_init: Min chip rev:     v0.0[0m
[0;32mI (336) efuse_init: Max chip rev:     v3.99 [0m
[0;32mI (340) efuse_init: Chip rev:         v3.1[0m
[0;32mI (345) heap_init: Initializing. RAM available for dynamic allocation:[0m
[0;32mI (351) heap_init: At 3FFAE6E0 len 00001920 (6 KiB): DRAM[0m
[0;32mI (356) heap_init: At 3FFB4460 len 0002BBA0 (174 KiB): DRAM[0m
[0;32mI (361) heap_init: At 3FFE0440 len 00003AE0 (14 KiB): D/IRAM[0m
[0;32mI (366) heap_init: At 3FFE4350 len 0001BCB0 (111 KiB): D/IRAM[0m
[0;32mI (372) heap_init: At 4008CDB8 len 00013248 (76 KiB): IRAM[0m
[0;32mI (378) spi_flash: detected chip: generic[0m
[0;32mI (381) spi_flash: flash io: dio[0m
[0;32mI (387) main_task: Started on CPU0[0m
[0;32mI (397) main_task: Calling app_main()[0m
[0;32mI (397) gpio: GPIO[6]| InputEn: 1| OutputEn: 0| OpenDrain: 0| Pullup: 1| Pulldown: 0| Intr:1 [0m
ets Jul 29 2019 12:21:46

rst:0x8 (TG1WDT_SYS_RESET),boot:0x13 (SPI_FAST_FLASH_BOOT)
configsip: 0, SPIWP:0xee
clk_drv:0x00,q_drv:0x00,d_drv:0x00,cs0_drv:0x00,hd_drv:0x00,wp_drv:0x00
mode:DIO, clock div:2
load:0x3fff0030,len:6276
load:0x40078000,len:15716
load:0x40080400,len:4
ho 8 tail 4 room 4
load:0x40080404,len:3860
entry 0x4008063c
[0;32mI (61) boot: ESP-IDF v5.4 2nd stage bootloader[0m
[0;32mI (61) boot: compile time Jan 30 2025 17:43:05[0m
[0;32mI (61) boot: Multicore bootloader[0m
[0;32mI (63) boot: chip revision: v3.1[0m
[0;32mI (66) boot.esp32: SPI Speed      : 40MHz[0m
[0;32mI (70) boot.esp32: SPI Mode       : DIO[0m
[0;32mI (73) boot.esp32: SPI Flash Size : 4MB[0m
[0;33mW (77) boot.esp32: PRO CPU has been reset by WDT[0m
[0;33mW (81) boot.esp32: WDT rst info: PRO CPU PC=0x400819e9[0m
[0;33mW (86) boot.esp32: WDT rst info: APP CPU PC=0x4008cc0c[0m
[0;32mI (91) boot: Enabling RNG early entropy source...[0m
[0;32mI (96) boot: Partition Table:[0m
[0;32mI (98) boot: ## Label            Usage          Type ST Offset   Length[0m
[0;32mI (105) boot:  0 nvs              WiFi data        01 02 00009000 00006000[0m
[0;32mI (111) boot:  1 phy_init         RF data          01 01 0000f000 00001000[0m
[0;32mI (118) boot:  2 factory          factory app      00 00 00010000 00100000[0m
[0;32mI (124) boot: End of partition table[0m
[0;32mI (128) esp_image: segment 0: paddr=00010020 vaddr=3f400020 size=0e7f0h ( 59376) map[0m
[0;32mI (156) esp_image: segment 1: paddr=0001e818 vaddr=3ff80000 size=0001ch (    28) load[0m
[0;32mI (156) esp_image: segment 2: paddr=0001e83c vaddr=3ffb0000 size=017dch (  6108) load[0m
[0;32mI (162) esp_image: segment 3: paddr=00020020 vaddr=400d0020 size=43e40h (278080) map[0m
[0;32mI (262) esp_image: segment 4: paddr=00063e68 vaddr=3ffb17dc size=00ca0h (  3232) load[0m
[0;32mI (263) esp_image: segment 5: paddr=00064b10 vaddr=40080000 size=0cdb8h ( 52664) load[0m
[0;32mI (293) boot: Loaded app from partition at offset 0x10000[0m
[0;32mI (293) boot: Disabling RNG early entropy source...[0m
[0;32mI (303) cpu_start: Multicore app[0m
[0;32mI (311) cpu_start: Pro cpu start user code[0m
[0;32mI (311) cpu_start: cpu freq: 160000000 Hz[0m
[0;32mI (312) app_init: Application information:[0m
[0;32mI (312) app_init: Project name:     ESP[0m
[0;32mI (315) app_init: App version:      2419ff5-dirty[0m
[0;32mI (320) app_init: Compile time:     Jan 30 2025 17:42:50[0m
[0;32mI (325) app_init: ELF file SHA256:  f98331d3d...[0m
[0;32mI (329) app_init: ESP-IDF:          v5.4[0m
[0;32mI (333) efuse_init: Min chip rev:     v0.0[0m
[0;32mI (336) efuse_init: Max chip rev:     v3.99 [0m
[0;32mI (340) efuse_init: Chip rev:         v3.1[0m
[0;32mI (345) heap_init: Initializing. RAM available for dynamic allocation:[0m
[0;32mI (351) heap_init: At 3FFAE6E0 len 00001920 (6 KiB): DRAM[0m
[0;32mI (356) heap_init: At 3FFB4460 len 0002BBA0 (174 KiB): DRAM[0m
[0;32mI (361) heap_init: At 3FFE0440 len 00003AE0 (14 KiB): D/IRAM[0m
[0;32mI (366) heap_init: At 3FFE4350 len 0001BCB0 (111 KiB): D/IRAM[0m
[0;32mI (372) heap_init: At 4008CDB8 len 00013248 (76 KiB): IRAM[0m
[0;32mI (378) spi_flash: detected chip: generic[0m
[0;32mI (381) spi_flash: flash io: dio[0m
[0;32mI (387) main_task: Started on CPU0[0m
[0;32mI (397) main_task: Calling app_main()[0m
[0;32mI (397) gpio: GPIO[6]| InputEn: 1| OutputEn: 0| OpenDrain: 0| Pullup: 1| Pulldown: 0| Intr:1 [0m
ets Jul 29 2019 12:21:46

rst:0x8 (TG1WDT_SYS_RESET),boot:0x13 (SPI_FAST_FLASH_BOOT)
configsip: 0, SPIWP:0xee
clk_drv:0x00,q_drv:0x00,d_drv:0x00,cs0_drv:0x00,hd_drv:0x00,wp_drv:0x00
mode:DIO, clock div:2
load:0x3fff0030,len:6276
load:0x40078000,len:15716
load:0x40080400,len:4
ho 8 tail 4 room 4
load:0x40080404,len:3860
entry 0x4008063c
[0;32mI (61) boot: ESP-IDF v5.4 2nd stage bootloader[0m
[0;32mI (61) boot: compile time Jan 30 2025 17:43:05[0m
[0;32mI (61) boot: Multicore bootloader[0m
[0;32mI (63) boot: chip revision: v3.1[0m
[0;32mI (66) boot.esp32: SPI Speed      : 40MHz[0m
[0;32mI (70) boot.esp32: SPI Mode       : DIO[0m
[0;32mI (73) boot.esp32: SPI Flash Size : 4MB[0m
[0;33mW (77) boot.esp32: PRO CPU has been reset by WDT[0m
[0;33mW (81) boot.esp32: WDT rst info: PRO CPU PC=0x400819e9[0m
[0;33mW (86) boot.esp32: WDT rst info: APP CPU PC=0x4008cc0c[0m
[0;32mI (91) boot: Enabling RNG early entropy source...[0m
[0;32mI (96) boot: Partition Table:[0m
[0;32mI (98) boot: ## Label            Usage          Type ST Offset   Length[0m
[0;32mI (105) boot:  0 nvs              WiFi data        01 02 00009000 00006000[0m
[0;32mI (111) boot:  1 phy_init         RF data          01 01 0000f000 00001000[0m
[0;32mI (118) boot:  2 factory          factory app      00 00 00010000 00100000[0m
[0;32mI (124) boot: End of partition table[0m
[0;32mI (128) esp_image: segment 0: paddr=00010020 vaddr=3f400020 size=0e7f0h ( 59376) map[0m
[0;32mI (156) esp_image: segment 1: paddr=0001e818 vaddr=3ff80000 size=0001ch (    28) load[0m
[0;32mI (156) esp_image: segment 2: paddr=0001e83c vaddr=3ffb0000 size=017dch (  6108) load[0m
[0;32mI (162) esp_image: segment 3: paddr=00020020 vaddr=400d0020 size=43e40h (278080) map[0m
[0;32mI (262) esp_image: segment 4: paddr=00063e68 vaddr=3ffb17dc size=00ca0h (  3232) load[0m
[0;32mI (263) esp_image: segment 5: paddr=00064b10 vaddr=40080000 size=0cdb8h ( 52664) load[0m
[0;32mI (293) boot: Loaded app from partition at offset 0x10000[0m
[0;32mI (293) boot: Disabling RNG early entropy source...[0m
[0;32mI (303) cpu_start: Multicore app[0m
[0;32mI (311) cpu_start: Pro cpu start user code[0m
[0;32mI (311) cpu_start: cpu freq: 160000000 Hz[0m
[0;32mI (312) app_init: Application information:[0m
[0;32mI (312) app_init: Project name:     ESP[0m
[0;32mI (315) app_init: App version:      2419ff5-dirty[0m
[0;32mI (320) app_init: Compile time:     Jan 30 2025 17:42:50[0m
[0;32mI (325) app_init: ELF file SHA256:  f98331d3d...[0m
[0;32mI (329) app_init: ESP-IDF:          v5.4[0m
[0;32mI (333) efuse_init: Min chip rev:     v0.0[0m
[0;32mI (336) efuse_init: Max chip rev:     v3.99 [0m
[0;32mI (340) efuse_init: Chip rev:         v3.1[0m
[0;32mI (345) heap_init: Initializing. RAM available for dynamic allocation:[0m
[0;32mI (351) heap_init: At 3FFAE6E0 len 00001920 (6 KiB): DRAM[0m
[0;32mI (356) heap_init: At 3FFB4460 len 0002BBA0 (174 KiB): DRAM[0m
[0;32mI (361) heap_init: At 3FFE0440 len 00003AE0 (14 KiB): D/IRAM[0m
[0;32mI (366) heap_init: At 3FFE4350 len 0001BCB0 (111 KiB): D/IRAM[0m
[0;32mI (372) heap_init: At 4008CDB8 len 00013248 (76 KiB): IRAM[0m
[0;32mI (378) spi_flash: detected chip: generic[0m
[0;32mI (381) spi_flash: flash io: dio[0m
[0;32mI (387) main_task: Started on CPU0[0m
[0;32mI (397) main_task: Calling app_main()[0m
[0;32mI (397) gpio: GPIO[6]| InputEn: 1| OutputEn: 0| OpenDrain: 0| Pullup: 1| Pulldown: 0| Intr:1 [0m
ets Jul 29 2019 12:21:46

rst:0x8 (TG1WDT_SYS_RESET),boot:0x13 (SPI_FAST_FLASH_BOOT)
configsip: 0, SPIWP:0xee
clk_drv:0x00,q_drv:0x00,d_drv:0x00,cs0_drv:0x00,hd_drv:0x00,wp_drv:0x00
mode:DIO, clock div:2
load:0x3fff0030,len:6276
load:0x40078000,len:15716
load:0x40080400,len:4
ho 8 tail 4 room 4
load:0x40080404,len:3860
entry 0x4008063c
[0;32mI (61) boot: ESP-IDF v5.4 2nd stage bootloader[0m
[0;32mI (61) boot: compile time Jan 30 2025 17:43:05[0m
[0;32mI (61) boot: Multicore bootloader[0m
[0;32mI (63) boot: chip revision: v3.1[0m
[0;32mI (66) boot.esp32: SPI Speed      : 40MHz[0m
[0;32mI (70) boot.esp32: SPI Mode       : DIO[0m
[0;32mI (73) boot.esp32: SPI Flash Size : 4MB[0m
[0;33mW (77) boot.esp32: PRO CPU has been reset by WDT[0m
[0;33mW (81) boot.esp32: WDT rst info: PRO CPU PC=0x400819e9[0m
[0;33mW (86) boot.esp32: WDT rst info: APP CPU PC=0x4008cc0a[0m
[0;32mI (91) boot: Enabling RNG early entropy source...[0m
[0;32mI (96) boot: Partition Table:[0m
[0;32mI (98) boot: ## Label            Usage          Type ST Offset   Length[0m
[0;32mI (105) boot:  0 nvs              WiFi data        01 02 00009000 00006000[0m
[0;32mI (111) boot:  1 phy_init         RF data          01 01 0000f000 00001000[0m
[0;32mI (118) boot:  2 factory          factory app      00 00 00010000 00100000[0m
[0;32mI (124) boot: End of partition table[0m
[0;32mI (128) esp_image: segment 0: paddr=00010020 vaddr=3f400020 size=0e7f0h ( 59376) map[0m
[0;32mI (156) esp_image: segment 1: paddr=0001e818 vaddr=3ff80000 size=0001ch (    28) load[0m
[0;32mI (156) esp_image: segment 2: paddr=0001e83c vaddr=3ffb0000 size=017dch (  6108) load[0m
[0;32mI (162) esp_image: segment 3: paddr=00020020 vaddr=400d0020 size=43e40h (278080) map[0m
[0;32mI (262) esp_image: segment 4: paddr=00063e68 vaddr=3ffb17dc size=00ca0h (  3232) load[0m
[0;32mI (263) esp_image: segment 5: paddr=00064b10 vaddr=40080000 size=0cdb8h ( 52664) load[0m
[0;32mI (293) boot: Loaded app from partition at offset 0x10000[0m
[0;32mI (293) boot: Disabling RNG early entropy source...[0m
[0;32mI (303) cpu_start: Multicore app[0m
[0;32mI (311) cpu_start: Pro cpu start user code[0m
[0;32mI (311) cpu_start: cpu freq: 160000000 Hz[0m
[0;32mI (312) app_init: Application information:[0m
[0;32mI (312) app_init: Project name:     ESP[0m
[0;32mI (315) app_init: App version:      2419ff5-dirty[0m
[0;32mI (320) app_init: Compile time:     Jan 30 2025 17:42:50[0m
[0;32mI (325) app_init: ELF file SHA256:  f98331d3d...[0m
[0;32mI (329) app_init: ESP-IDF:          v5.4[0m
[0;32mI (333) efuse_init: Min chip rev:     v0.0[0m
[0;32mI (336) efuse_init: Max chip rev:     v3.99 [0m
[0;32mI (340) efuse_init: Chip rev:         v3.1[0m
[0;32mI (345) heap_init: Initializing. RAM available for dynamic allocation:[0m
[0;32mI (351) heap_init: At 3FFAE6E0 len 00001920 (6 KiB): DRAM[0m
[0;32mI (356) heap_init: At 3FFB4460 len 0002BBA0 (174 KiB): DRAM[0m
[0;32mI (361) heap_init: At 3FFE0440 len 00003AE0 (14 KiB): D/IRAM[0m
[0;32mI (366) heap_init: At 3FFE4350 len 0001BCB0 (111 KiB): D/IRAM[0m
[0;32mI (372) heap_init: At 4008CDB8 len 00013248 (76 KiB): IRAM[0m
[0;32mI (378) spi_flash: detected chip: generic[0m
[0;32mI (381) spi_flash: flash io: dio[0m
[0;32mI (387) main_task: Started on CPU0[0m
[0;32mI (397) main_task: Calling app_main()[0m
[0;32mI (397) gpio: GPIO[6]| InputEn: 1| OutputEn: 0| OpenDrain: 0| Pullup: 1| Pulldown: 0| Intr:1 [0m
ets Jul 29 2019 12:21:46

rst:0x8 (TG1WDT_SYS_RESET),boot:0x13 (SPI_FAST_FLASH_BOOT)
configsip: 0, SPIWP:0xee
clk_drv:0x00,q_drv:0x00,d_drv:0x00,cs0_drv:0x00,hd_drv:0x00,wp_drv:0x00
mode:DIO, clock div:2
load:0x3fff0030,len:6276
load:0x40078000,len:15716
load:0x40080400,len:4
ho 8 tail 4 room 4
load:0x40080404,len:3860
entry 0x4008063c
[0;32mI (61) boot: ESP-IDF v5.4 2nd stage bootloader[0m
[0;32mI (61) boot: compile time Jan 30 2025 17:43:05[0m
[0;32mI (61) boot: Multicore bootloader[0m
[0;32mI (63) boot: chip revision: v3.1[0m
[0;32mI (66) boot.esp32: SPI Speed      : 40MHz[0m
[0;32mI (70) boot.esp32: SPI Mode       : DIO[0m
[0;32mI (73) boot.esp32: SPI Flash Size : 4MB[0m
[0;33mW (77) boot.esp32: PRO CPU has been reset by WDT[0m
[0;33mW (81) boot.esp32: WDT rst info: PRO CPU PC=0x400819e9[0m
